# EdgeScope-Lite Vivado ILA Step 10 package manifest
SCHEMA=EDGESCOPE_ILA_STEP10_V1
PACKAGE_MODE=DRAFT
OVERALL=PASS_WITH_TEAM_INPUT_PENDING
GENERATOR_SHA256=c57c6db3fb919aa1d64d7d2d3ecb894ca3252b50ae8facea64ecd7e951e04ce1
STEP6_STATUS_SHA256=7b96208ef9761a54ba51a592ec4e9b9e8717a6578f130011b776038c414afbd2
STEP7_STATUS_SHA256=a0c93a469b6ca635f0532e894673967eb7d828497df7951174b93d73bfb47377
STEP8_STATUS_SHA256=1c1337a9538da0d2939a000b6a1325409bbe4593d8901935832e4e3c26923277
STEP9_STATUS_SHA256=5e8f1b5c4f52137e928077206efb6f2198b6c108931a2a81328b086865bb799c
CHECKSUM_MANIFEST_COUNT=6
CHECKSUM_INDEXED_FILE_COUNT=305
GITHUB_REFERENCE=HEAD
GITHUB_REMOTE_MAIN_COMMIT=5d6a82decb82fada349c9b9ec44e3fb0aa2b0beb
LOCAL_HEAD=5d6a82decb82fada349c9b9ec44e3fb0aa2b0beb
LOCAL_BRANCH=agent/publish-ila-step10
LOCAL_WORKTREE_DIRTY=YES
LOCAL_COMMITS_BEHIND_REMOTE=0
LOCAL_COMMITS_AHEAD_OF_REMOTE=0
GITHUB_REMOTE_TEST_REPORT_SHA256=fdde3cc4660606b09fdb8c1291148cef05b49765bd0e8513b04be1ab4c44e930
GITHUB_MAIN_REGRESSION_INCLUDES_NEW_IP_TESTS=FAIL
GITHUB_TRIGGER_TB_FAILURE_EXIT_NONZERO=FAIL
GITHUB_FINAL_DEMO_XPARAMETERS_COMPATIBILITY=FAIL
GITHUB_FINAL_DEMO_ARM_BEFORE_SAMPLER=FAIL
HARDWARE_XSA_SHA256=bfb3a91593e0059a4ce8fdc884eef5b91953bb00c889e6dc7ef32b6b6e643d19
CUSTOM_FULL_SYSTEM=NOT_RECEIVED
OFFICIAL_CUSTOM_VS_ILA_SAVINGS=PENDING_CUSTOM
FINAL_GATE=PENDING_CUSTOM
