
CPU_POLLING_REFERENCE_READY
UART=9600,8-N-1

Commands:
  b: three polling benchmarks per trigger mode
  r: P-01 rising capture and hex dump
  f: P-02 falling capture and hex dump
  p: P-03 pattern capture and hex dump
  h: P-04 pattern-hold capture and hex dump
  z: P-05 zero-mask timeout test
  s: short-pulse stress suite
  q: stop
> b
BENCHMARK_BEGIN
BENCH,MODE=RISING,TRIAL=1,ITERATIONS=10000,ELAPSED_TICKS=590001,OBS_PER_SEC=1694912,AVG_PERIOD_PS=590001,INPUT_ZERO=1,TRIGGER_COUNT=0
BENCH,MODE=RISING,TRIAL=2,ITERATIONS=10000,ELAPSED_TICKS=590001,OBS_PER_SEC=1694912,AVG_PERIOD_PS=590001,INPUT_ZERO=1,TRIGGER_COUNT=0
BENCH,MODE=RISING,TRIAL=3,ITERATIONS=10000,ELAPSED_TICKS=590001,OBS_PER_SEC=1694912,AVG_PERIOD_PS=590001,INPUT_ZERO=1,TRIGGER_COUNT=0
MODE_SUMMARY,MODE=RISING,AVG_OBS_PER_SEC=1694912,AVG_PERIOD_PS=590001,VALID_TRIALS=3
BENCH,MODE=FALLING,TRIAL=1,ITERATIONS=10000,ELAPSED_TICKS=600000,OBS_PER_SEC=1666666,AVG_PERIOD_PS=600000,INPUT_ZERO=1,TRIGGER_COUNT=0
BENCH,MODE=FALLING,TRIAL=2,ITERATIONS=10000,ELAPSED_TICKS=600000,OBS_PER_SEC=1666666,AVG_PERIOD_PS=600000,INPUT_ZERO=1,TRIGGER_COUNT=0
BENCH,MODE=FALLING,TRIAL=3,ITERATIONS=10000,ELAPSED_TICKS=600000,OBS_PER_SEC=1666666,AVG_PERIOD_PS=600000,INPUT_ZERO=1,TRIGGER_COUNT=0
MODE_SUMMARY,MODE=FALLING,AVG_OBS_PER_SEC=1666666,AVG_PERIOD_PS=600000,VALID_TRIALS=3
BENCH,MODE=PATTERN,TRIAL=1,ITERATIONS=10000,ELAPSED_TICKS=560010,OBS_PER_SEC=1785682,AVG_PERIOD_PS=560010,INPUT_ZERO=1,TRIGGER_COUNT=0
BENCH,MODE=PATTERN,TRIAL=2,ITERATIONS=10000,ELAPSED_TICKS=560010,OBS_PER_SEC=1785682,AVG_PERIOD_PS=560010,INPUT_ZERO=1,TRIGGER_COUNT=0
BENCH,MODE=PATTERN,TRIAL=3,ITERATIONS=10000,ELAPSED_TICKS=560010,OBS_PER_SEC=1785682,AVG_PERIOD_PS=560010,INPUT_ZERO=1,TRIGGER_COUNT=0
MODE_SUMMARY,MODE=PATTERN,AVG_OBS_PER_SEC=1785682,AVG_PERIOD_PS=560010,VALID_TRIALS=3
REPRESENTATIVE_LOWEST_MODE_AVG_OBS_PER_SEC=1666666
BENCHMARK_END

Commands:
  b: three polling benchmarks per trigger mode
  r: P-01 rising capture and hex dump
  f: P-02 falling capture and hex dump
  p: P-03 pattern capture and hex dump
  h: P-04 pattern-hold capture and hex dump
  z: P-05 zero-mask timeout test
  s: short-pulse stress suite
  q: stop
> r
CAPTURE_PASS,MODE=RISING,TRIGGER_COUNT=1,TOTAL_OBSERVATIONS=8898
CPU_POLLING_REFERENCE
TIMER_HZ=100000000
OBSERVATIONS=1024
TRIGGER_INDEX=512
ELAPSED_TICKS=1096870
OBS_PER_SEC=811217
0000: 00
0001: 00
0002: 00
0003: 00
0004: 00
0005: 00
0006: 00
0007: 00
0008: 00
0009: 00
0010: 00
0011: 00
0012: 00
0013: 00
0014: 00
0015: 00
0016: 00
0017: 00
0018: 00
0019: 00
0020: 00
0021: 00
0022: 00
0023: 00
0024: 00
0025: 00
0026: 00
0027: 00
0028: 00
0029: 00
0030: 00
0031: 00
0032: 00
0033: 00
0034: 00
0035: 00
0036: 00
0037: 00
0038: 00
0039: 00
0040: 00
0041: 00
0042: 00
0043: 00
0044: 00
0045: 00
0046: 00
0047: 00
0048: 00
0049: 00
0050: 00
0051: 00
0052: 00
0053: 00
0054: 00
0055: 00
0056: 00
0057: 00
0058: 00
0059: 00
0060: 00
0061: 00
0062: 00
0063: 00
0064: 00
0065: 00
0066: 00
0067: 00
0068: 00
0069: 00
0070: 00
0071: 00
0072: 00
0073: 00
0074: 00
0075: 00
0076: 00
0077: 00
0078: 00
0079: 00
0080: 00
0081: 00
0082: 00
0083: 00
0084: 00
0085: 00
0086: 00
0087: 00
0088: 00
0089: 00
0090: 00
0091: 00
0092: 00
0093: 00
0094: 00
0095: 00
0096: 00
0097: 00
0098: 00
0099: 00
0100: 00
0101: 00
0102: 00
0103: 00
0104: 00
0105: 00
0106: 00
0107: 00
0108: 00
0109: 00
0110: 00
0111: 00
0112: 00
0113: 00
0114: 00
0115: 00
0116: 00
0117: 00
0118: 00
0119: 00
0120: 00
0121: 00
0122: 00
0123: 00
0124: 00
0125: 00
0126: 00
0127: 00
0128: 00
0129: 00
0130: 00
0131: 00
0132: 00
0133: 00
0134: 00
0135: 00
0136: 00
0137: 00
0138: 00
0139: 00
0140: 00
0141: 00
0142: 00
0143: 00
0144: 00
0145: 00
0146: 00
0147: 00
0148: 00
0149: 00
0150: 00
0151: 00
0152: 00
0153: 00
0154: 00
0155: 00
0156: 00
0157: 00
0158: 00
0159: 00
0160: 00
0161: 00
0162: 00
0163: 00
0164: 00
0165: 00
0166: 00
0167: 00
0168: 00
0169: 00
0170: 00
0171: 00
0172: 00
0173: 00
0174: 00
0175: 00
0176: 00
0177: 00
0178: 00
0179: 00
0180: 00
0181: 00
0182: 00
0183: 00
0184: 00
0185: 00
0186: 00
0187: 00
0188: 00
0189: 00
0190: 00
0191: 00
0192: 00
0193: 00
0194: 00
0195: 00
0196: 00
0197: 00
0198: 00
0199: 00
0200: 00
0201: 00
0202: 00
0203: 00
0204: 00
0205: 00
0206: 00
0207: 00
0208: 00
0209: 00
0210: 00
0211: 00
0212: 00
0213: 00
0214: 00
0215: 00
0216: 00
0217: 00
0218: 00
0219: 00
0220: 00
0221: 00
0222: 00
0223: 00
0224: 00
0225: 00
0226: 00
0227: 00
0228: 00
0229: 00
0230: 00
0231: 00
0232: 00
0233: 00
0234: 00
0235: 00
0236: 00
0237: 00
0238: 00
0239: 00
0240: 00
0241: 00
0242: 00
0243: 00
0244: 00
0245: 00
0246: 00
0247: 00
0248: 00
0249: 00
0250: 00
0251: 00
0252: 00
0253: 00
0254: 00
0255: 00
0256: 00
0257: 00
0258: 00
0259: 00
0260: 00
0261: 00
0262: 00
0263: 00
0264: 00
0265: 00
0266: 00
0267: 00
0268: 00
0269: 00
0270: 00
0271: 00
0272: 00
0273: 00
0274: 00
0275: 00
0276: 00
0277: 00
0278: 00
0279: 00
0280: 00
0281: 00
0282: 00
0283: 00
0284: 00
0285: 00
0286: 00
0287: 00
0288: 00
0289: 00
0290: 00
0291: 00
0292: 00
0293: 00
0294: 00
0295: 00
0296: 00
0297: 00
0298: 00
0299: 00
0300: 00
0301: 00
0302: 00
0303: 00
0304: 00
0305: 00
0306: 00
0307: 00
0308: 00
0309: 00
0310: 00
0311: 00
0312: 00
0313: 00
0314: 00
0315: 00
0316: 00
0317: 00
0318: 00
0319: 00
0320: 00
0321: 00
0322: 00
0323: 00
0324: 00
0325: 00
0326: 00
0327: 00
0328: 00
0329: 00
0330: 00
0331: 00
0332: 00
0333: 00
0334: 00
0335: 00
0336: 00
0337: 00
0338: 00
0339: 00
0340: 00
0341: 00
0342: 00
0343: 00
0344: 00
0345: 00
0346: 00
0347: 00
0348: 00
0349: 00
0350: 00
0351: 00
0352: 00
0353: 00
0354: 00
0355: 00
0356: 00
0357: 00
0358: 00
0359: 00
0360: 00
0361: 00
0362: 00
0363: 00
0364: 00
0365: 00
0366: 00
0367: 00
0368: 00
0369: 00
0370: 00
0371: 00
0372: 00
0373: 00
0374: 00
0375: 00
0376: 00
0377: 00
0378: 00
0379: 00
0380: 00
0381: 00
0382: 00
0383: 00
0384: 00
0385: 00
0386: 00
0387: 00
0388: 00
0389: 00
0390: 00
0391: 00
0392: 00
0393: 00
0394: 00
0395: 00
0396: 00
0397: 00
0398: 00
0399: 00
0400: 00
0401: 00
0402: 00
0403: 00
0404: 00
0405: 00
0406: 00
0407: 00
0408: 00
0409: 00
0410: 00
0411: 00
0412: 00
0413: 00
0414: 00
0415: 00
0416: 00
0417: 00
0418: 00
0419: 00
0420: 00
0421: 00
0422: 00
0423: 00
0424: 00
0425: 00
0426: 00
0427: 00
0428: 00
0429: 00
0430: 00
0431: 00
0432: 00
0433: 00
0434: 00
0435: 00
0436: 00
0437: 00
0438: 00
0439: 00
0440: 00
0441: 00
0442: 00
0443: 00
0444: 00
0445: 00
0446: 00
0447: 00
0448: 00
0449: 00
0450: 00
0451: 00
0452: 00
0453: 00
0454: 00
0455: 00
0456: 00
0457: 00
0458: 00
0459: 00
0460: 00
0461: 00
0462: 00
0463: 00
0464: 00
0465: 00
0466: 00
0467: 00
0468: 00
0469: 00
0470: 00
0471: 00
0472: 00
0473: 00
0474: 00
0475: 00
0476: 00
0477: 00
0478: 00
0479: 00
0480: 00
0481: 00
0482: 00
0483: 00
0484: 00
0485: 00
0486: 00
0487: 00
0488: 00
0489: 00
0490: 00
0491: 00
0492: 00
0493: 00
0494: 00
0495: 00
0496: 00
0497: 00
0498: 00
0499: 00
0500: 00
0501: 00
0502: 00
0503: 00
0504: 00
0505: 00
0506: 00
0507: 00
0508: 00
0509: 00
0510: 00
0511: 00
0512: 01  <TRIGGER>
0513: 01
0514: 01
0515: 01
0516: 01
0517: 01
0518: 01
0519: 01
0520: 01
0521: 01
0522: 01
0523: 01
0524: 01
0525: 01
0526: 01
0527: 01
0528: 01
0529: 01
0530: 01
0531: 01
0532: 01
0533: 01
0534: 01
0535: 01
0536: 01
0537: 01
0538: 01
0539: 01
0540: 01
0541: 01
0542: 01
0543: 01
0544: 01
0545: 01
0546: 01
0547: 01
0548: 01
0549: 01
0550: 01
0551: 01
0552: 01
0553: 01
0554: 01
0555: 01
0556: 01
0557: 01
0558: 01
0559: 01
0560: 01
0561: 01
0562: 01
0563: 01
0564: 01
0565: 01
0566: 01
0567: 01
0568: 01
0569: 01
0570: 01
0571: 01
0572: 01
0573: 01
0574: 01
0575: 01
0576: 01
0577: 01
0578: 01
0579: 01
0580: 01
0581: 01
0582: 01
0583: 01
0584: 01
0585: 01
0586: 01
0587: 01
0588: 01
0589: 01
0590: 01
0591: 01
0592: 01
0593: 01
0594: 01
0595: 01
0596: 01
0597: 01
0598: 01
0599: 01
0600: 01
0601: 01
0602: 01
0603: 01
0604: 01
0605: 01
0606: 01
0607: 01
0608: 01
0609: 01
0610: 01
0611: 01
0612: 01
0613: 01
0614: 01
0615: 01
0616: 01
0617: 01
0618: 01
0619: 01
0620: 01
0621: 01
0622: 01
0623: 01
0624: 01
0625: 01
0626: 01
0627: 01
0628: 01
0629: 01
0630: 01
0631: 01
0632: 01
0633: 01
0634: 01
0635: 01
0636: 01
0637: 01
0638: 01
0639: 01
0640: 01
0641: 01
0642: 01
0643: 01
0644: 01
0645: 01
0646: 01
0647: 01
0648: 01
0649: 01
0650: 01
0651: 01
0652: 01
0653: 01
0654: 01
0655: 01
0656: 01
0657: 01
0658: 01
0659: 01
0660: 01
0661: 01
0662: 01
0663: 01
0664: 01
0665: 01
0666: 01
0667: 01
0668: 01
0669: 01
0670: 01
0671: 01
0672: 01
0673: 01
0674: 01
0675: 01
0676: 01
0677: 01
0678: 01
0679: 01
0680: 01
0681: 01
0682: 01
0683: 01
0684: 01
0685: 01
0686: 01
0687: 01
0688: 01
0689: 01
0690: 01
0691: 01
0692: 01
0693: 01
0694: 01
0695: 01
0696: 01
0697: 01
0698: 01
0699: 01
0700: 01
0701: 01
0702: 01
0703: 01
0704: 01
0705: 01
0706: 01
0707: 01
0708: 01
0709: 01
0710: 01
0711: 01
0712: 01
0713: 01
0714: 01
0715: 01
0716: 01
0717: 01
0718: 01
0719: 01
0720: 01
0721: 01
0722: 01
0723: 01
0724: 01
0725: 01
0726: 01
0727: 01
0728: 01
0729: 01
0730: 01
0731: 01
0732: 01
0733: 01
0734: 01
0735: 01
0736: 01
0737: 01
0738: 01
0739: 01
0740: 01
0741: 01
0742: 01
0743: 01
0744: 01
0745: 01
0746: 01
0747: 01
0748: 01
0749: 01
0750: 01
0751: 01
0752: 01
0753: 01
0754: 01
0755: 01
0756: 01
0757: 01
0758: 01
0759: 01
0760: 01
0761: 01
0762: 01
0763: 01
0764: 01
0765: 01
0766: 01
0767: 01
0768: 01
0769: 01
0770: 01
0771: 01
0772: 01
0773: 01
0774: 01
0775: 01
0776: 01
0777: 01
0778: 01
0779: 01
0780: 01
0781: 01
0782: 01
0783: 01
0784: 01
0785: 01
0786: 01
0787: 01
0788: 01
0789: 01
0790: 01
0791: 01
0792: 01
0793: 01
0794: 01
0795: 01
0796: 01
0797: 01
0798: 01
0799: 01
0800: 01
0801: 01
0802: 01
0803: 01
0804: 01
0805: 01
0806: 01
0807: 01
0808: 01
0809: 01
0810: 01
0811: 01
0812: 01
0813: 01
0814: 01
0815: 01
0816: 01
0817: 01
0818: 01
0819: 01
0820: 01
0821: 01
0822: 01
0823: 01
0824: 01
0825: 01
0826: 01
0827: 01
0828: 01
0829: 01
0830: 01
0831: 01
0832: 01
0833: 01
0834: 01
0835: 01
0836: 01
0837: 01
0838: 01
0839: 01
0840: 01
0841: 01
0842: 01
0843: 01
0844: 01
0845: 01
0846: 01
0847: 01
0848: 01
0849: 01
0850: 01
0851: 01
0852: 01
0853: 01
0854: 01
0855: 01
0856: 01
0857: 01
0858: 01
0859: 01
0860: 01
0861: 01
0862: 01
0863: 01
0864: 01
0865: 01
0866: 01
0867: 01
0868: 01
0869: 01
0870: 01
0871: 01
0872: 01
0873: 01
0874: 01
0875: 01
0876: 01
0877: 01
0878: 01
0879: 01
0880: 01
0881: 01
0882: 01
0883: 01
0884: 01
0885: 01
0886: 01
0887: 01
0888: 01
0889: 01
0890: 01
0891: 01
0892: 01
0893: 01
0894: 01
0895: 01
0896: 01
0897: 01
0898: 01
0899: 01
0900: 01
0901: 01
0902: 01
0903: 01
0904: 01
0905: 01
0906: 01
0907: 01
0908: 01
0909: 01
0910: 01
0911: 01
0912: 01
0913: 01
0914: 01
0915: 01
0916: 01
0917: 01
0918: 01
0919: 01
0920: 01
0921: 01
0922: 01
0923: 01
0924: 01
0925: 01
0926: 01
0927: 01
0928: 01
0929: 01
0930: 01
0931: 01
0932: 01
0933: 01
0934: 01
0935: 01
0936: 01
0937: 01
0938: 01
0939: 01
0940: 01
0941: 01
0942: 01
0943: 01
0944: 01
0945: 01
0946: 01
0947: 01
0948: 01
0949: 01
0950: 01
0951: 01
0952: 01
0953: 01
0954: 01
0955: 01
0956: 01
0957: 01
0958: 01
0959: 01
0960: 01
0961: 01
0962: 01
0963: 01
0964: 01
0965: 01
0966: 01
0967: 01
0968: 01
0969: 01
0970: 01
0971: 01
0972: 01
0973: 01
0974: 01
0975: 01
0976: 01
0977: 01
0978: 01
0979: 01
0980: 01
0981: 01
0982: 01
0983: 01
0984: 01
0985: 01
0986: 01
0987: 01
0988: 01
0989: 01
0990: 01
0991: 01
0992: 01
0993: 01
0994: 01
0995: 01
0996: 01
0997: 01
0998: 01
0999: 01
1000: 01
1001: 01
1002: 01
1003: 01
1004: 01
1005: 01
1006: 01
1007: 01
1008: 01
1009: 01
1010: 01
1011: 01
1012: 01
1013: 01
1014: 01
1015: 01
1016: 01
1017: 01
1018: 01
1019: 01
1020: 01
1021: 01
1022: 01
1023: 01
CAPTURE_END

Commands:
  b: three polling benchmarks per trigger mode
  r: P-01 rising capture and hex dump
  f: P-02 falling capture and hex dump
  p: P-03 pattern capture and hex dump
  h: P-04 pattern-hold capture and hex dump
  z: P-05 zero-mask timeout test
  s: short-pulse stress suite
  q: stop
> f
CAPTURE_PASS,MODE=FALLING,TRIGGER_COUNT=1,TOTAL_OBSERVATIONS=8776
CPU_POLLING_REFERENCE
TIMER_HZ=100000000
OBSERVATIONS=1024
TRIGGER_INDEX=512
ELAPSED_TICKS=1096880
OBS_PER_SEC=800087
0000: 01
0001: 01
0002: 01
0003: 01
0004: 01
0005: 01
0006: 01
0007: 01
0008: 01
0009: 01
0010: 01
0011: 01
0012: 01
0013: 01
0014: 01
0015: 01
0016: 01
0017: 01
0018: 01
0019: 01
0020: 01
0021: 01
0022: 01
0023: 01
0024: 01
0025: 01
0026: 01
0027: 01
0028: 01
0029: 01
0030: 01
0031: 01
0032: 01
0033: 01
0034: 01
0035: 01
0036: 01
0037: 01
0038: 01
0039: 01
0040: 01
0041: 01
0042: 01
0043: 01
0044: 01
0045: 01
0046: 01
0047: 01
0048: 01
0049: 01
0050: 01
0051: 01
0052: 01
0053: 01
0054: 01
0055: 01
0056: 01
0057: 01
0058: 01
0059: 01
0060: 01
0061: 01
0062: 01
0063: 01
0064: 01
0065: 01
0066: 01
0067: 01
0068: 01
0069: 01
0070: 01
0071: 01
0072: 01
0073: 01
0074: 01
0075: 01
0076: 01
0077: 01
0078: 01
0079: 01
0080: 01
0081: 01
0082: 01
0083: 01
0084: 01
0085: 01
0086: 01
0087: 01
0088: 01
0089: 01
0090: 01
0091: 01
0092: 01
0093: 01
0094: 01
0095: 01
0096: 01
0097: 01
0098: 01
0099: 01
0100: 01
0101: 01
0102: 01
0103: 01
0104: 01
0105: 01
0106: 01
0107: 01
0108: 01
0109: 01
0110: 01
0111: 01
0112: 01
0113: 01
0114: 01
0115: 01
0116: 01
0117: 01
0118: 01
0119: 01
0120: 01
0121: 01
0122: 01
0123: 01
0124: 01
0125: 01
0126: 01
0127: 01
0128: 01
0129: 01
0130: 01
0131: 01
0132: 01
0133: 01
0134: 01
0135: 01
0136: 01
0137: 01
0138: 01
0139: 01
0140: 01
0141: 01
0142: 01
0143: 01
0144: 01
0145: 01
0146: 01
0147: 01
0148: 01
0149: 01
0150: 01
0151: 01
0152: 01
0153: 01
0154: 01
0155: 01
0156: 01
0157: 01
0158: 01
0159: 01
0160: 01
0161: 01
0162: 01
0163: 01
0164: 01
0165: 01
0166: 01
0167: 01
0168: 01
0169: 01
0170: 01
0171: 01
0172: 01
0173: 01
0174: 01
0175: 01
0176: 01
0177: 01
0178: 01
0179: 01
0180: 01
0181: 01
0182: 01
0183: 01
0184: 01
0185: 01
0186: 01
0187: 01
0188: 01
0189: 01
0190: 01
0191: 01
0192: 01
0193: 01
0194: 01
0195: 01
0196: 01
0197: 01
0198: 01
0199: 01
0200: 01
0201: 01
0202: 01
0203: 01
0204: 01
0205: 01
0206: 01
0207: 01
0208: 01
0209: 01
0210: 01
0211: 01
0212: 01
0213: 01
0214: 01
0215: 01
0216: 01
0217: 01
0218: 01
0219: 01
0220: 01
0221: 01
0222: 01
0223: 01
0224: 01
0225: 01
0226: 01
0227: 01
0228: 01
0229: 01
0230: 01
0231: 01
0232: 01
0233: 01
0234: 01
0235: 01
0236: 01
0237: 01
0238: 01
0239: 01
0240: 01
0241: 01
0242: 01
0243: 01
0244: 01
0245: 01
0246: 01
0247: 01
0248: 01
0249: 01
0250: 01
0251: 01
0252: 01
0253: 01
0254: 01
0255: 01
0256: 01
0257: 01
0258: 01
0259: 01
0260: 01
0261: 01
0262: 01
0263: 01
0264: 01
0265: 01
0266: 01
0267: 01
0268: 01
0269: 01
0270: 01
0271: 01
0272: 01
0273: 01
0274: 01
0275: 01
0276: 01
0277: 01
0278: 01
0279: 01
0280: 01
0281: 01
0282: 01
0283: 01
0284: 01
0285: 01
0286: 01
0287: 01
0288: 01
0289: 01
0290: 01
0291: 01
0292: 01
0293: 01
0294: 01
0295: 01
0296: 01
0297: 01
0298: 01
0299: 01
0300: 01
0301: 01
0302: 01
0303: 01
0304: 01
0305: 01
0306: 01
0307: 01
0308: 01
0309: 01
0310: 01
0311: 01
0312: 01
0313: 01
0314: 01
0315: 01
0316: 01
0317: 01
0318: 01
0319: 01
0320: 01
0321: 01
0322: 01
0323: 01
0324: 01
0325: 01
0326: 01
0327: 01
0328: 01
0329: 01
0330: 01
0331: 01
0332: 01
0333: 01
0334: 01
0335: 01
0336: 01
0337: 01
0338: 01
0339: 01
0340: 01
0341: 01
0342: 01
0343: 01
0344: 01
0345: 01
0346: 01
0347: 01
0348: 01
0349: 01
0350: 01
0351: 01
0352: 01
0353: 01
0354: 01
0355: 01
0356: 01
0357: 01
0358: 01
0359: 01
0360: 01
0361: 01
0362: 01
0363: 01
0364: 01
0365: 01
0366: 01
0367: 01
0368: 01
0369: 01
0370: 01
0371: 01
0372: 01
0373: 01
0374: 01
0375: 01
0376: 01
0377: 01
0378: 01
0379: 01
0380: 01
0381: 01
0382: 01
0383: 01
0384: 01
0385: 01
0386: 01
0387: 01
0388: 01
0389: 01
0390: 01
0391: 01
0392: 01
0393: 01
0394: 01
0395: 01
0396: 01
0397: 01
0398: 01
0399: 01
0400: 01
0401: 01
0402: 01
0403: 01
0404: 01
0405: 01
0406: 01
0407: 01
0408: 01
0409: 01
0410: 01
0411: 01
0412: 01
0413: 01
0414: 01
0415: 01
0416: 01
0417: 01
0418: 01
0419: 01
0420: 01
0421: 01
0422: 01
0423: 01
0424: 01
0425: 01
0426: 01
0427: 01
0428: 01
0429: 01
0430: 01
0431: 01
0432: 01
0433: 01
0434: 01
0435: 01
0436: 01
0437: 01
0438: 01
0439: 01
0440: 01
0441: 01
0442: 01
0443: 01
0444: 01
0445: 01
0446: 01
0447: 01
0448: 01
0449: 01
0450: 01
0451: 01
0452: 01
0453: 01
0454: 01
0455: 01
0456: 01
0457: 01
0458: 01
0459: 01
0460: 01
0461: 01
0462: 01
0463: 01
0464: 01
0465: 01
0466: 01
0467: 01
0468: 01
0469: 01
0470: 01
0471: 01
0472: 01
0473: 01
0474: 01
0475: 01
0476: 01
0477: 01
0478: 01
0479: 01
0480: 01
0481: 01
0482: 01
0483: 01
0484: 01
0485: 01
0486: 01
0487: 01
0488: 01
0489: 01
0490: 01
0491: 01
0492: 01
0493: 01
0494: 01
0495: 01
0496: 01
0497: 01
0498: 01
0499: 01
0500: 01
0501: 01
0502: 01
0503: 01
0504: 01
0505: 01
0506: 01
0507: 01
0508: 01
0509: 01
0510: 01
0511: 01
0512: 00  <TRIGGER>
0513: 00
0514: 00
0515: 00
0516: 00
0517: 00
0518: 00
0519: 00
0520: 00
0521: 00
0522: 00
0523: 00
0524: 00
0525: 00
0526: 00
0527: 00
0528: 00
0529: 00
0530: 00
0531: 00
0532: 00
0533: 00
0534: 00
0535: 00
0536: 00
0537: 00
0538: 00
0539: 00
0540: 00
0541: 00
0542: 00
0543: 00
0544: 00
0545: 00
0546: 00
0547: 00
0548: 00
0549: 00
0550: 00
0551: 00
0552: 00
0553: 00
0554: 00
0555: 00
0556: 00
0557: 00
0558: 00
0559: 00
0560: 00
0561: 00
0562: 00
0563: 00
0564: 00
0565: 00
0566: 00
0567: 00
0568: 00
0569: 00
0570: 00
0571: 00
0572: 00
0573: 00
0574: 00
0575: 00
0576: 00
0577: 00
0578: 00
0579: 00
0580: 00
0581: 00
0582: 00
0583: 00
0584: 00
0585: 00
0586: 00
0587: 00
0588: 00
0589: 00
0590: 00
0591: 00
0592: 00
0593: 00
0594: 00
0595: 00
0596: 00
0597: 00
0598: 00
0599: 00
0600: 00
0601: 00
0602: 00
0603: 00
0604: 00
0605: 00
0606: 00
0607: 00
0608: 00
0609: 00
0610: 00
0611: 00
0612: 00
0613: 00
0614: 00
0615: 00
0616: 00
0617: 00
0618: 00
0619: 00
0620: 00
0621: 00
0622: 00
0623: 00
0624: 00
0625: 00
0626: 00
0627: 00
0628: 00
0629: 00
0630: 00
0631: 00
0632: 00
0633: 00
0634: 00
0635: 00
0636: 00
0637: 00
0638: 00
0639: 00
0640: 00
0641: 00
0642: 00
0643: 00
0644: 00
0645: 00
0646: 00
0647: 00
0648: 00
0649: 00
0650: 00
0651: 00
0652: 00
0653: 00
0654: 00
0655: 00
0656: 00
0657: 00
0658: 00
0659: 00
0660: 00
0661: 00
0662: 00
0663: 00
0664: 00
0665: 00
0666: 00
0667: 00
0668: 00
0669: 00
0670: 00
0671: 00
0672: 00
0673: 00
0674: 00
0675: 00
0676: 00
0677: 00
0678: 00
0679: 00
0680: 00
0681: 00
0682: 00
0683: 00
0684: 00
0685: 00
0686: 00
0687: 00
0688: 00
0689: 00
0690: 00
0691: 00
0692: 00
0693: 00
0694: 00
0695: 00
0696: 00
0697: 00
0698: 00
0699: 00
0700: 00
0701: 00
0702: 00
0703: 00
0704: 00
0705: 00
0706: 00
0707: 00
0708: 00
0709: 00
0710: 00
0711: 00
0712: 00
0713: 00
0714: 00
0715: 00
0716: 00
0717: 00
0718: 00
0719: 00
0720: 00
0721: 00
0722: 00
0723: 00
0724: 00
0725: 00
0726: 00
0727: 00
0728: 00
0729: 00
0730: 00
0731: 00
0732: 00
0733: 00
0734: 00
0735: 00
0736: 00
0737: 00
0738: 00
0739: 00
0740: 00
0741: 00
0742: 00
0743: 00
0744: 00
0745: 00
0746: 00
0747: 00
0748: 00
0749: 00
0750: 00
0751: 00
0752: 00
0753: 00
0754: 00
0755: 00
0756: 00
0757: 00
0758: 00
0759: 00
0760: 00
0761: 00
0762: 00
0763: 00
0764: 00
0765: 00
0766: 00
0767: 00
0768: 00
0769: 00
0770: 00
0771: 00
0772: 00
0773: 00
0774: 00
0775: 00
0776: 00
0777: 00
0778: 00
0779: 00
0780: 00
0781: 00
0782: 00
0783: 00
0784: 00
0785: 00
0786: 00
0787: 00
0788: 00
0789: 00
0790: 00
0791: 00
0792: 00
0793: 00
0794: 00
0795: 00
0796: 00
0797: 00
0798: 00
0799: 00
0800: 00
0801: 00
0802: 00
0803: 00
0804: 00
0805: 00
0806: 00
0807: 00
0808: 00
0809: 00
0810: 00
0811: 00
0812: 00
0813: 00
0814: 00
0815: 00
0816: 00
0817: 00
0818: 00
0819: 00
0820: 00
0821: 00
0822: 00
0823: 00
0824: 00
0825: 00
0826: 00
0827: 00
0828: 00
0829: 00
0830: 00
0831: 00
0832: 00
0833: 00
0834: 00
0835: 00
0836: 00
0837: 00
0838: 00
0839: 00
0840: 00
0841: 00
0842: 00
0843: 00
0844: 00
0845: 00
0846: 00
0847: 00
0848: 00
0849: 00
0850: 00
0851: 00
0852: 00
0853: 00
0854: 00
0855: 00
0856: 00
0857: 00
0858: 00
0859: 00
0860: 00
0861: 00
0862: 00
0863: 00
0864: 00
0865: 00
0866: 00
0867: 00
0868: 00
0869: 00
0870: 00
0871: 00
0872: 00
0873: 00
0874: 00
0875: 00
0876: 00
0877: 00
0878: 00
0879: 00
0880: 00
0881: 00
0882: 00
0883: 00
0884: 00
0885: 00
0886: 00
0887: 00
0888: 00
0889: 00
0890: 00
0891: 00
0892: 00
0893: 00
0894: 00
0895: 00
0896: 00
0897: 00
0898: 00
0899: 00
0900: 00
0901: 00
0902: 00
0903: 00
0904: 00
0905: 00
0906: 00
0907: 00
0908: 00
0909: 00
0910: 00
0911: 00
0912: 00
0913: 00
0914: 00
0915: 00
0916: 00
0917: 00
0918: 00
0919: 00
0920: 00
0921: 00
0922: 00
0923: 00
0924: 00
0925: 00
0926: 00
0927: 00
0928: 00
0929: 00
0930: 00
0931: 00
0932: 00
0933: 00
0934: 00
0935: 00
0936: 00
0937: 00
0938: 00
0939: 00
0940: 00
0941: 00
0942: 00
0943: 00
0944: 00
0945: 00
0946: 00
0947: 00
0948: 00
0949: 00
0950: 00
0951: 00
0952: 00
0953: 00
0954: 00
0955: 00
0956: 00
0957: 00
0958: 00
0959: 00
0960: 00
0961: 00
0962: 00
0963: 00
0964: 00
0965: 00
0966: 00
0967: 00
0968: 00
0969: 00
0970: 00
0971: 00
0972: 00
0973: 00
0974: 00
0975: 00
0976: 00
0977: 00
0978: 00
0979: 00
0980: 00
0981: 00
0982: 00
0983: 00
0984: 00
0985: 00
0986: 00
0987: 00
0988: 00
0989: 00
0990: 00
0991: 00
0992: 00
0993: 00
0994: 00
0995: 00
0996: 00
0997: 00
0998: 00
0999: 00
1000: 00
1001: 00
1002: 00
1003: 00
1004: 00
1005: 00
1006: 00
1007: 00
1008: 00
1009: 00
1010: 00
1011: 00
1012: 00
1013: 00
1014: 00
1015: 00
1016: 00
1017: 00
1018: 00
1019: 00
1020: 00
1021: 00
1022: 00
1023: 00
CAPTURE_END

Commands:
  b: three polling benchmarks per trigger mode
  r: P-01 rising capture and hex dump
  f: P-02 falling capture and hex dump
  p: P-03 pattern capture and hex dump
  h: P-04 pattern-hold capture and hex dump
  z: P-05 zero-mask timeout test
  s: short-pulse stress suite
  q: stop
> p
CAPTURE_PASS,MODE=PATTERN,TRIGGER_COUNT=1,TOTAL_OBSERVATIONS=9088
CPU_POLLING_REFERENCE
TIMER_HZ=100000000
OBSERVATIONS=1024
TRIGGER_INDEX=512
ELAPSED_TICKS=1096813
OBS_PER_SEC=828582
0000: 95
0001: 95
0002: 95
0003: 95
0004: 95
0005: 95
0006: 95
0007: 95
0008: 95
0009: 95
0010: 95
0011: 95
0012: 95
0013: 95
0014: 95
0015: 95
0016: 95
0017: 95
0018: 95
0019: 95
0020: 95
0021: 95
0022: 95
0023: 95
0024: 95
0025: 95
0026: 95
0027: 95
0028: 95
0029: 95
0030: 95
0031: 95
0032: 95
0033: 95
0034: 95
0035: 95
0036: 95
0037: 95
0038: 95
0039: 95
0040: 95
0041: 95
0042: 95
0043: 95
0044: 95
0045: 95
0046: 95
0047: 95
0048: 95
0049: 95
0050: 95
0051: 95
0052: 95
0053: 95
0054: 95
0055: 95
0056: 95
0057: 95
0058: 95
0059: 95
0060: 95
0061: 95
0062: 95
0063: 95
0064: 95
0065: 95
0066: 95
0067: 95
0068: 95
0069: 95
0070: 95
0071: 95
0072: 95
0073: 95
0074: 95
0075: 95
0076: 95
0077: 95
0078: 95
0079: 95
0080: 95
0081: 95
0082: 95
0083: 95
0084: 95
0085: 95
0086: 95
0087: 95
0088: 95
0089: 95
0090: 95
0091: 95
0092: 95
0093: 95
0094: 95
0095: 95
0096: 95
0097: 95
0098: 95
0099: 95
0100: 95
0101: 95
0102: 95
0103: 95
0104: 95
0105: 95
0106: 95
0107: 95
0108: 95
0109: 95
0110: 95
0111: 95
0112: 95
0113: 95
0114: 95
0115: 95
0116: 95
0117: 95
0118: 95
0119: 95
0120: 95
0121: 95
0122: 95
0123: 95
0124: 95
0125: 95
0126: 95
0127: 95
0128: 95
0129: 95
0130: 95
0131: 95
0132: 95
0133: 95
0134: 95
0135: 95
0136: 95
0137: 95
0138: 95
0139: 95
0140: 95
0141: 95
0142: 95
0143: 95
0144: 95
0145: 95
0146: 95
0147: 95
0148: 95
0149: 95
0150: 95
0151: 95
0152: 95
0153: 95
0154: 95
0155: 95
0156: 95
0157: 95
0158: 95
0159: 95
0160: 95
0161: 95
0162: 95
0163: 95
0164: 95
0165: 95
0166: 95
0167: 95
0168: 95
0169: 95
0170: 95
0171: 95
0172: 95
0173: 95
0174: 95
0175: 95
0176: 95
0177: 95
0178: 95
0179: 95
0180: 95
0181: 95
0182: 95
0183: 95
0184: 95
0185: 95
0186: 95
0187: 95
0188: 95
0189: 95
0190: 95
0191: 95
0192: 95
0193: 95
0194: 95
0195: 95
0196: 95
0197: 95
0198: 95
0199: 95
0200: 95
0201: 95
0202: 95
0203: 95
0204: 95
0205: 95
0206: 95
0207: 95
0208: 95
0209: 95
0210: 95
0211: 95
0212: 95
0213: 95
0214: 95
0215: 95
0216: 95
0217: 95
0218: 95
0219: 95
0220: 95
0221: 95
0222: 95
0223: 95
0224: 95
0225: 95
0226: 95
0227: 95
0228: 95
0229: 95
0230: 95
0231: 95
0232: 95
0233: 95
0234: 95
0235: 95
0236: 95
0237: 95
0238: 95
0239: 95
0240: 95
0241: 95
0242: 95
0243: 95
0244: 95
0245: 95
0246: 95
0247: 95
0248: 95
0249: 95
0250: 95
0251: 95
0252: 95
0253: 95
0254: 95
0255: 95
0256: 95
0257: 95
0258: 95
0259: 95
0260: 95
0261: 95
0262: 95
0263: 95
0264: 95
0265: 95
0266: 95
0267: 95
0268: 95
0269: 95
0270: 95
0271: 95
0272: 95
0273: 95
0274: 95
0275: 95
0276: 95
0277: 95
0278: 95
0279: 95
0280: 95
0281: 95
0282: 95
0283: 95
0284: 95
0285: 95
0286: 95
0287: 95
0288: 95
0289: 95
0290: 95
0291: 95
0292: 95
0293: 95
0294: 95
0295: 95
0296: 95
0297: 95
0298: 95
0299: 95
0300: 95
0301: 95
0302: 95
0303: 95
0304: 95
0305: 95
0306: 95
0307: 95
0308: 95
0309: 95
0310: 95
0311: 95
0312: 95
0313: 95
0314: 95
0315: 95
0316: 95
0317: 95
0318: 95
0319: 95
0320: 95
0321: 95
0322: 95
0323: 95
0324: 95
0325: 95
0326: 95
0327: 95
0328: 95
0329: 95
0330: 95
0331: 95
0332: 95
0333: 95
0334: 95
0335: 95
0336: 95
0337: 95
0338: 95
0339: 95
0340: 95
0341: 95
0342: 95
0343: 95
0344: 95
0345: 95
0346: 95
0347: 95
0348: 95
0349: 95
0350: 95
0351: 95
0352: 95
0353: 95
0354: 95
0355: 95
0356: 95
0357: 95
0358: 95
0359: 95
0360: 95
0361: 95
0362: 95
0363: 95
0364: 95
0365: 95
0366: 95
0367: 95
0368: 95
0369: 95
0370: 95
0371: 95
0372: 95
0373: 95
0374: 95
0375: 95
0376: 95
0377: 95
0378: 95
0379: 95
0380: 95
0381: 95
0382: 95
0383: 95
0384: 95
0385: 95
0386: 95
0387: 95
0388: 95
0389: 95
0390: 95
0391: 95
0392: 95
0393: 95
0394: 95
0395: 95
0396: 95
0397: 95
0398: 95
0399: 95
0400: 95
0401: 95
0402: 95
0403: 95
0404: 95
0405: 95
0406: 95
0407: 95
0408: 95
0409: 95
0410: 95
0411: 95
0412: 95
0413: 95
0414: 95
0415: 95
0416: 95
0417: 95
0418: 95
0419: 95
0420: 95
0421: 95
0422: 95
0423: 95
0424: 95
0425: 95
0426: 95
0427: 95
0428: 95
0429: 95
0430: 95
0431: 95
0432: 95
0433: 95
0434: 95
0435: 95
0436: 95
0437: 95
0438: 95
0439: 95
0440: 95
0441: 95
0442: 95
0443: 95
0444: 95
0445: 95
0446: 95
0447: 95
0448: 95
0449: 95
0450: 95
0451: 95
0452: 95
0453: 95
0454: 95
0455: 95
0456: 95
0457: 95
0458: 95
0459: 95
0460: 95
0461: 95
0462: 95
0463: 95
0464: 95
0465: 95
0466: 95
0467: 95
0468: 95
0469: 95
0470: 95
0471: 95
0472: 95
0473: 95
0474: 95
0475: 95
0476: 95
0477: 95
0478: 95
0479: 95
0480: 95
0481: 95
0482: 95
0483: 95
0484: 95
0485: 95
0486: 95
0487: 95
0488: 95
0489: 95
0490: 95
0491: 95
0492: 95
0493: 95
0494: 95
0495: 95
0496: 95
0497: 95
0498: 95
0499: 95
0500: 95
0501: 95
0502: 95
0503: 95
0504: 95
0505: 95
0506: 95
0507: 95
0508: 95
0509: 95
0510: 95
0511: 95
0512: A5  <TRIGGER>
0513: A5
0514: A5
0515: A5
0516: A5
0517: A5
0518: A5
0519: A5
0520: A5
0521: A5
0522: A5
0523: A5
0524: A5
0525: A5
0526: A5
0527: A5
0528: A5
0529: A5
0530: A5
0531: A5
0532: A5
0533: A5
0534: A5
0535: A5
0536: A5
0537: A5
0538: A5
0539: A5
0540: A5
0541: A5
0542: A5
0543: A5
0544: A5
0545: A5
0546: A5
0547: A5
0548: A5
0549: A5
0550: A5
0551: A5
0552: A5
0553: A5
0554: A5
0555: A5
0556: A5
0557: A5
0558: A5
0559: A5
0560: A5
0561: A5
0562: A5
0563: A5
0564: A5
0565: A5
0566: A5
0567: A5
0568: A5
0569: A5
0570: A5
0571: A5
0572: A5
0573: A5
0574: A5
0575: A5
0576: A5
0577: A5
0578: A5
0579: A5
0580: A5
0581: A5
0582: A5
0583: A5
0584: A5
0585: A5
0586: A5
0587: A5
0588: A5
0589: A5
0590: A5
0591: A5
0592: A5
0593: A5
0594: A5
0595: A5
0596: A5
0597: A5
0598: A5
0599: A5
0600: A5
0601: A5
0602: A5
0603: A5
0604: A5
0605: A5
0606: A5
0607: A5
0608: A5
0609: A5
0610: A5
0611: A5
0612: A5
0613: A5
0614: A5
0615: A5
0616: A5
0617: A5
0618: A5
0619: A5
0620: A5
0621: A5
0622: A5
0623: A5
0624: A5
0625: A5
0626: A5
0627: A5
0628: A5
0629: A5
0630: A5
0631: A5
0632: A5
0633: A5
0634: A5
0635: A5
0636: A5
0637: A5
0638: A5
0639: A5
0640: A5
0641: A5
0642: A5
0643: A5
0644: A5
0645: A5
0646: A5
0647: A5
0648: A5
0649: A5
0650: A5
0651: A5
0652: A5
0653: A5
0654: A5
0655: A5
0656: A5
0657: A5
0658: A5
0659: A5
0660: A5
0661: A5
0662: A5
0663: A5
0664: A5
0665: A5
0666: A5
0667: A5
0668: A5
0669: A5
0670: A5
0671: A5
0672: A5
0673: A5
0674: A5
0675: A5
0676: A5
0677: A5
0678: A5
0679: A5
0680: A5
0681: A5
0682: A5
0683: A5
0684: A5
0685: A5
0686: A5
0687: A5
0688: A5
0689: A5
0690: A5
0691: A5
0692: A5
0693: A5
0694: A5
0695: A5
0696: A5
0697: A5
0698: A5
0699: A5
0700: A5
0701: A5
0702: A5
0703: A5
0704: A5
0705: A5
0706: A5
0707: A5
0708: A5
0709: A5
0710: A5
0711: A5
0712: A5
0713: A5
0714: A5
0715: A5
0716: A5
0717: A5
0718: A5
0719: A5
0720: A5
0721: A5
0722: A5
0723: A5
0724: A5
0725: A5
0726: A5
0727: A5
0728: A5
0729: A5
0730: A5
0731: A5
0732: A5
0733: A5
0734: A5
0735: A5
0736: A5
0737: A5
0738: A5
0739: A5
0740: A5
0741: A5
0742: A5
0743: A5
0744: A5
0745: A5
0746: A5
0747: A5
0748: A5
0749: A5
0750: A5
0751: A5
0752: A5
0753: A5
0754: A5
0755: A5
0756: A5
0757: A5
0758: A5
0759: A5
0760: A5
0761: A5
0762: A5
0763: A5
0764: A5
0765: A5
0766: A5
0767: A5
0768: A5
0769: A5
0770: A5
0771: A5
0772: A5
0773: A5
0774: A5
0775: A5
0776: A5
0777: A5
0778: A5
0779: A5
0780: A5
0781: A5
0782: A5
0783: A5
0784: A5
0785: A5
0786: A5
0787: A5
0788: A5
0789: A5
0790: A5
0791: A5
0792: A5
0793: A5
0794: A5
0795: A5
0796: A5
0797: A5
0798: A5
0799: A5
0800: A5
0801: A5
0802: A5
0803: A5
0804: A5
0805: A5
0806: A5
0807: A5
0808: A5
0809: A5
0810: A5
0811: A5
0812: A5
0813: A5
0814: A5
0815: A5
0816: A5
0817: A5
0818: A5
0819: A5
0820: A5
0821: A5
0822: A5
0823: A5
0824: A5
0825: A5
0826: A5
0827: A5
0828: A5
0829: A5
0830: A5
0831: A5
0832: A5
0833: A5
0834: A5
0835: A5
0836: A5
0837: A5
0838: A5
0839: A5
0840: A5
0841: A5
0842: A5
0843: A5
0844: A5
0845: A5
0846: A5
0847: A5
0848: A5
0849: A5
0850: A5
0851: A5
0852: A5
0853: A5
0854: A5
0855: A5
0856: A5
0857: A5
0858: A5
0859: A5
0860: A5
0861: A5
0862: A5
0863: A5
0864: A5
0865: A5
0866: A5
0867: A5
0868: A5
0869: A5
0870: A5
0871: A5
0872: A5
0873: A5
0874: A5
0875: A5
0876: A5
0877: A5
0878: A5
0879: A5
0880: A5
0881: A5
0882: A5
0883: A5
0884: A5
0885: A5
0886: A5
0887: A5
0888: A5
0889: A5
0890: A5
0891: A5
0892: A5
0893: A5
0894: A5
0895: A5
0896: A5
0897: A5
0898: A5
0899: A5
0900: A5
0901: A5
0902: A5
0903: A5
0904: A5
0905: A5
0906: A5
0907: A5
0908: A5
0909: A5
0910: A5
0911: A5
0912: A5
0913: A5
0914: A5
0915: A5
0916: A5
0917: A5
0918: A5
0919: A5
0920: A5
0921: A5
0922: A5
0923: A5
0924: A5
0925: A5
0926: A5
0927: A5
0928: A5
0929: A5
0930: A5
0931: A5
0932: A5
0933: A5
0934: A5
0935: A5
0936: A5
0937: A5
0938: A5
0939: A5
0940: A5
0941: A5
0942: A5
0943: A5
0944: A5
0945: A5
0946: A5
0947: A5
0948: A5
0949: A5
0950: A5
0951: A5
0952: A5
0953: A5
0954: A5
0955: A5
0956: A5
0957: A5
0958: A5
0959: A5
0960: A5
0961: A5
0962: A5
0963: A5
0964: A5
0965: A5
0966: A5
0967: A5
0968: A5
0969: A5
0970: A5
0971: A5
0972: A5
0973: A5
0974: A5
0975: A5
0976: A5
0977: A5
0978: A5
0979: A5
0980: A5
0981: A5
0982: A5
0983: A5
0984: A5
0985: A5
0986: A5
0987: A5
0988: A5
0989: A5
0990: A5
0991: A5
0992: A5
0993: A5
0994: A5
0995: A5
0996: A5
0997: A5
0998: A5
0999: A5
1000: A5
1001: A5
1002: A5
1003: A5
1004: A5
1005: A5
1006: A5
1007: A5
1008: A5
1009: A5
1010: A5
1011: A5
1012: A5
1013: A5
1014: A5
1015: A5
1016: A5
1017: A5
1018: A5
1019: A5
1020: A5
1021: A5
1022: A5
1023: A5
CAPTURE_END

Commands:
  b: three polling benchmarks per trigger mode
  r: P-01 rising capture and hex dump
  f: P-02 falling capture and hex dump
  p: P-03 pattern capture and hex dump
  h: P-04 pattern-hold capture and hex dump
  z: P-05 zero-mask timeout test
  s: short-pulse stress suite
  q: stop
> h
CAPTURE_PASS,MODE=PATTERN,TRIGGER_COUNT=1,TOTAL_OBSERVATIONS=9088
CPU_POLLING_REFERENCE
TIMER_HZ=100000000
OBSERVATIONS=1024
TRIGGER_INDEX=512
ELAPSED_TICKS=1096813
OBS_PER_SEC=828582
0000: 95
0001: 95
0002: 95
0003: 95
0004: 95
0005: 95
0006: 95
0007: 95
0008: 95
0009: 95
0010: 95
0011: 95
0012: 95
0013: 95
0014: 95
0015: 95
0016: 95
0017: 95
0018: 95
0019: 95
0020: 95
0021: 95
0022: 95
0023: 95
0024: 95
0025: 95
0026: 95
0027: 95
0028: 95
0029: 95
0030: 95
0031: 95
0032: 95
0033: 95
0034: 95
0035: 95
0036: 95
0037: 95
0038: 95
0039: 95
0040: 95
0041: 95
0042: 95
0043: 95
0044: 95
0045: 95
0046: 95
0047: 95
0048: 95
0049: 95
0050: 95
0051: 95
0052: 95
0053: 95
0054: 95
0055: 95
0056: 95
0057: 95
0058: 95
0059: 95
0060: 95
0061: 95
0062: 95
0063: 95
0064: 95
0065: 95
0066: 95
0067: 95
0068: 95
0069: 95
0070: 95
0071: 95
0072: 95
0073: 95
0074: 95
0075: 95
0076: 95
0077: 95
0078: 95
0079: 95
0080: 95
0081: 95
0082: 95
0083: 95
0084: 95
0085: 95
0086: 95
0087: 95
0088: 95
0089: 95
0090: 95
0091: 95
0092: 95
0093: 95
0094: 95
0095: 95
0096: 95
0097: 95
0098: 95
0099: 95
0100: 95
0101: 95
0102: 95
0103: 95
0104: 95
0105: 95
0106: 95
0107: 95
0108: 95
0109: 95
0110: 95
0111: 95
0112: 95
0113: 95
0114: 95
0115: 95
0116: 95
0117: 95
0118: 95
0119: 95
0120: 95
0121: 95
0122: 95
0123: 95
0124: 95
0125: 95
0126: 95
0127: 95
0128: 95
0129: 95
0130: 95
0131: 95
0132: 95
0133: 95
0134: 95
0135: 95
0136: 95
0137: 95
0138: 95
0139: 95
0140: 95
0141: 95
0142: 95
0143: 95
0144: 95
0145: 95
0146: 95
0147: 95
0148: 95
0149: 95
0150: 95
0151: 95
0152: 95
0153: 95
0154: 95
0155: 95
0156: 95
0157: 95
0158: 95
0159: 95
0160: 95
0161: 95
0162: 95
0163: 95
0164: 95
0165: 95
0166: 95
0167: 95
0168: 95
0169: 95
0170: 95
0171: 95
0172: 95
0173: 95
0174: 95
0175: 95
0176: 95
0177: 95
0178: 95
0179: 95
0180: 95
0181: 95
0182: 95
0183: 95
0184: 95
0185: 95
0186: 95
0187: 95
0188: 95
0189: 95
0190: 95
0191: 95
0192: 95
0193: 95
0194: 95
0195: 95
0196: 95
0197: 95
0198: 95
0199: 95
0200: 95
0201: 95
0202: 95
0203: 95
0204: 95
0205: 95
0206: 95
0207: 95
0208: 95
0209: 95
0210: 95
0211: 95
0212: 95
0213: 95
0214: 95
0215: 95
0216: 95
0217: 95
0218: 95
0219: 95
0220: 95
0221: 95
0222: 95
0223: 95
0224: 95
0225: 95
0226: 95
0227: 95
0228: 95
0229: 95
0230: 95
0231: 95
0232: 95
0233: 95
0234: 95
0235: 95
0236: 95
0237: 95
0238: 95
0239: 95
0240: 95
0241: 95
0242: 95
0243: 95
0244: 95
0245: 95
0246: 95
0247: 95
0248: 95
0249: 95
0250: 95
0251: 95
0252: 95
0253: 95
0254: 95
0255: 95
0256: 95
0257: 95
0258: 95
0259: 95
0260: 95
0261: 95
0262: 95
0263: 95
0264: 95
0265: 95
0266: 95
0267: 95
0268: 95
0269: 95
0270: 95
0271: 95
0272: 95
0273: 95
0274: 95
0275: 95
0276: 95
0277: 95
0278: 95
0279: 95
0280: 95
0281: 95
0282: 95
0283: 95
0284: 95
0285: 95
0286: 95
0287: 95
0288: 95
0289: 95
0290: 95
0291: 95
0292: 95
0293: 95
0294: 95
0295: 95
0296: 95
0297: 95
0298: 95
0299: 95
0300: 95
0301: 95
0302: 95
0303: 95
0304: 95
0305: 95
0306: 95
0307: 95
0308: 95
0309: 95
0310: 95
0311: 95
0312: 95
0313: 95
0314: 95
0315: 95
0316: 95
0317: 95
0318: 95
0319: 95
0320: 95
0321: 95
0322: 95
0323: 95
0324: 95
0325: 95
0326: 95
0327: 95
0328: 95
0329: 95
0330: 95
0331: 95
0332: 95
0333: 95
0334: 95
0335: 95
0336: 95
0337: 95
0338: 95
0339: 95
0340: 95
0341: 95
0342: 95
0343: 95
0344: 95
0345: 95
0346: 95
0347: 95
0348: 95
0349: 95
0350: 95
0351: 95
0352: 95
0353: 95
0354: 95
0355: 95
0356: 95
0357: 95
0358: 95
0359: 95
0360: 95
0361: 95
0362: 95
0363: 95
0364: 95
0365: 95
0366: 95
0367: 95
0368: 95
0369: 95
0370: 95
0371: 95
0372: 95
0373: 95
0374: 95
0375: 95
0376: 95
0377: 95
0378: 95
0379: 95
0380: 95
0381: 95
0382: 95
0383: 95
0384: 95
0385: 95
0386: 95
0387: 95
0388: 95
0389: 95
0390: 95
0391: 95
0392: 95
0393: 95
0394: 95
0395: 95
0396: 95
0397: 95
0398: 95
0399: 95
0400: 95
0401: 95
0402: 95
0403: 95
0404: 95
0405: 95
0406: 95
0407: 95
0408: 95
0409: 95
0410: 95
0411: 95
0412: 95
0413: 95
0414: 95
0415: 95
0416: 95
0417: 95
0418: 95
0419: 95
0420: 95
0421: 95
0422: 95
0423: 95
0424: 95
0425: 95
0426: 95
0427: 95
0428: 95
0429: 95
0430: 95
0431: 95
0432: 95
0433: 95
0434: 95
0435: 95
0436: 95
0437: 95
0438: 95
0439: 95
0440: 95
0441: 95
0442: 95
0443: 95
0444: 95
0445: 95
0446: 95
0447: 95
0448: 95
0449: 95
0450: 95
0451: 95
0452: 95
0453: 95
0454: 95
0455: 95
0456: 95
0457: 95
0458: 95
0459: 95
0460: 95
0461: 95
0462: 95
0463: 95
0464: 95
0465: 95
0466: 95
0467: 95
0468: 95
0469: 95
0470: 95
0471: 95
0472: 95
0473: 95
0474: 95
0475: 95
0476: 95
0477: 95
0478: 95
0479: 95
0480: 95
0481: 95
0482: 95
0483: 95
0484: 95
0485: 95
0486: 95
0487: 95
0488: 95
0489: 95
0490: 95
0491: 95
0492: 95
0493: 95
0494: 95
0495: 95
0496: 95
0497: 95
0498: 95
0499: 95
0500: 95
0501: 95
0502: 95
0503: 95
0504: 95
0505: 95
0506: 95
0507: 95
0508: 95
0509: 95
0510: 95
0511: 95
0512: A5  <TRIGGER>
0513: A5
0514: A5
0515: A5
0516: A5
0517: A5
0518: A5
0519: A5
0520: A5
0521: A5
0522: A5
0523: A5
0524: A5
0525: A5
0526: A5
0527: A5
0528: A5
0529: A5
0530: A5
0531: A5
0532: A5
0533: A5
0534: A5
0535: A5
0536: A5
0537: A5
0538: A5
0539: A5
0540: A5
0541: A5
0542: A5
0543: A5
0544: A5
0545: A5
0546: A5
0547: A5
0548: A5
0549: A5
0550: A5
0551: A5
0552: A5
0553: A5
0554: A5
0555: A5
0556: A5
0557: A5
0558: A5
0559: A5
0560: A5
0561: A5
0562: A5
0563: A5
0564: A5
0565: A5
0566: A5
0567: A5
0568: A5
0569: A5
0570: A5
0571: A5
0572: A5
0573: A5
0574: A5
0575: A5
0576: A5
0577: A5
0578: A5
0579: A5
0580: A5
0581: A5
0582: A5
0583: A5
0584: A5
0585: A5
0586: A5
0587: A5
0588: A5
0589: A5
0590: A5
0591: A5
0592: A5
0593: A5
0594: A5
0595: A5
0596: A5
0597: A5
0598: A5
0599: A5
0600: A5
0601: A5
0602: A5
0603: A5
0604: A5
0605: A5
0606: A5
0607: A5
0608: A5
0609: A5
0610: A5
0611: A5
0612: A5
0613: A5
0614: A5
0615: A5
0616: A5
0617: A5
0618: A5
0619: A5
0620: A5
0621: A5
0622: A5
0623: A5
0624: A5
0625: A5
0626: A5
0627: A5
0628: A5
0629: A5
0630: A5
0631: A5
0632: A5
0633: A5
0634: A5
0635: A5
0636: A5
0637: A5
0638: A5
0639: A5
0640: A5
0641: A5
0642: A5
0643: A5
0644: A5
0645: A5
0646: A5
0647: A5
0648: A5
0649: A5
0650: A5
0651: A5
0652: A5
0653: A5
0654: A5
0655: A5
0656: A5
0657: A5
0658: A5
0659: A5
0660: A5
0661: A5
0662: A5
0663: A5
0664: A5
0665: A5
0666: A5
0667: A5
0668: A5
0669: A5
0670: A5
0671: A5
0672: A5
0673: A5
0674: A5
0675: A5
0676: A5
0677: A5
0678: A5
0679: A5
0680: A5
0681: A5
0682: A5
0683: A5
0684: A5
0685: A5
0686: A5
0687: A5
0688: A5
0689: A5
0690: A5
0691: A5
0692: A5
0693: A5
0694: A5
0695: A5
0696: A5
0697: A5
0698: A5
0699: A5
0700: A5
0701: A5
0702: A5
0703: A5
0704: A5
0705: A5
0706: A5
0707: A5
0708: A5
0709: A5
0710: A5
0711: A5
0712: A5
0713: A5
0714: A5
0715: A5
0716: A5
0717: A5
0718: A5
0719: A5
0720: A5
0721: A5
0722: A5
0723: A5
0724: A5
0725: A5
0726: A5
0727: A5
0728: A5
0729: A5
0730: A5
0731: A5
0732: A5
0733: A5
0734: A5
0735: A5
0736: A5
0737: A5
0738: A5
0739: A5
0740: A5
0741: A5
0742: A5
0743: A5
0744: A5
0745: A5
0746: A5
0747: A5
0748: A5
0749: A5
0750: A5
0751: A5
0752: A5
0753: A5
0754: A5
0755: A5
0756: A5
0757: A5
0758: A5
0759: A5
0760: A5
0761: A5
0762: A5
0763: A5
0764: A5
0765: A5
0766: A5
0767: A5
0768: A5
0769: A5
0770: A5
0771: A5
0772: A5
0773: A5
0774: A5
0775: A5
0776: A5
0777: A5
0778: A5
0779: A5
0780: A5
0781: A5
0782: A5
0783: A5
0784: A5
0785: A5
0786: A5
0787: A5
0788: A5
0789: A5
0790: A5
0791: A5
0792: A5
0793: A5
0794: A5
0795: A5
0796: A5
0797: A5
0798: A5
0799: A5
0800: A5
0801: A5
0802: A5
0803: A5
0804: A5
0805: A5
0806: A5
0807: A5
0808: A5
0809: A5
0810: A5
0811: A5
0812: A5
0813: A5
0814: A5
0815: A5
0816: A5
0817: A5
0818: A5
0819: A5
0820: A5
0821: A5
0822: A5
0823: A5
0824: A5
0825: A5
0826: A5
0827: A5
0828: A5
0829: A5
0830: A5
0831: A5
0832: A5
0833: A5
0834: A5
0835: A5
0836: A5
0837: A5
0838: A5
0839: A5
0840: A5
0841: A5
0842: A5
0843: A5
0844: A5
0845: A5
0846: A5
0847: A5
0848: A5
0849: A5
0850: A5
0851: A5
0852: A5
0853: A5
0854: A5
0855: A5
0856: A5
0857: A5
0858: A5
0859: A5
0860: A5
0861: A5
0862: A5
0863: A5
0864: A5
0865: A5
0866: A5
0867: A5
0868: A5
0869: A5
0870: A5
0871: A5
0872: A5
0873: A5
0874: A5
0875: A5
0876: A5
0877: A5
0878: A5
0879: A5
0880: A5
0881: A5
0882: A5
0883: A5
0884: A5
0885: A5
0886: A5
0887: A5
0888: A5
0889: A5
0890: A5
0891: A5
0892: A5
0893: A5
0894: A5
0895: A5
0896: A5
0897: A5
0898: A5
0899: A5
0900: A5
0901: A5
0902: A5
0903: A5
0904: A5
0905: A5
0906: A5
0907: A5
0908: A5
0909: A5
0910: A5
0911: A5
0912: A5
0913: A5
0914: A5
0915: A5
0916: A5
0917: A5
0918: A5
0919: A5
0920: A5
0921: A5
0922: A5
0923: A5
0924: A5
0925: A5
0926: A5
0927: A5
0928: A5
0929: A5
0930: A5
0931: A5
0932: A5
0933: A5
0934: A5
0935: A5
0936: A5
0937: A5
0938: A5
0939: A5
0940: A5
0941: A5
0942: A5
0943: A5
0944: A5
0945: A5
0946: A5
0947: A5
0948: A5
0949: A5
0950: A5
0951: A5
0952: A5
0953: A5
0954: A5
0955: A5
0956: A5
0957: A5
0958: A5
0959: A5
0960: A5
0961: A5
0962: A5
0963: A5
0964: A5
0965: A5
0966: A5
0967: A5
0968: A5
0969: A5
0970: A5
0971: A5
0972: A5
0973: A5
0974: A5
0975: A5
0976: A5
0977: A5
0978: A5
0979: A5
0980: A5
0981: A5
0982: A5
0983: A5
0984: A5
0985: A5
0986: A5
0987: A5
0988: A5
0989: A5
0990: A5
0991: A5
0992: A5
0993: A5
0994: A5
0995: A5
0996: A5
0997: A5
0998: A5
0999: A5
1000: A5
1001: A5
1002: A5
1003: A5
1004: A5
1005: A5
1006: A5
1007: A5
1008: A5
1009: A5
1010: A5
1011: A5
1012: A5
1013: A5
1014: A5
1015: A5
1016: A5
1017: A5
1018: A5
1019: A5
1020: A5
1021: A5
1022: A5
1023: A5
CAPTURE_END

Commands:
  b: three polling benchmarks per trigger mode
  r: P-01 rising capture and hex dump
  f: P-02 falling capture and hex dump
  p: P-03 pattern capture and hex dump
  h: P-04 pattern-hold capture and hex dump
  z: P-05 zero-mask timeout test
  s: short-pulse stress suite
  q: stop
> z
P-05_BEGIN
CAPTURE_TIMEOUT,OBSERVATIONS=79878,TRIGGER_COUNT=0,GEN_STATUS=0x00000002
P-05_PASS=NO_TRIGGER

Commands:
  b: three polling benchmarks per trigger mode
  r: P-01 rising capture and hex dump
  f: P-02 falling capture and hex dump
  p: P-03 pattern capture and hex dump
  h: P-04 pattern-hold capture and hex dump
  z: P-05 zero-mask timeout test
  s: short-pulse stress suite
  q: stop
> s
PULSE_STRESS_BEGIN
CAPTURE_TIMEOUT,OBSERVATIONS=79253,TRIGGER_COUNT=0,GEN_STATUS=0x00000002
CAPTURE_TIMEOUT,OBSERVATIONS=79253,TRIGGER_COUNT=0,GEN_STATUS=0x00000002
CAPTURE_TIMEOUT,OBSERVATIONS=79253,TRIGGER_COUNT=0,GEN_STATUS=0x00000002
CAPTURE_TIMEOUT,OBSERVATIONS=79253,TRIGGER_COUNT=0,GEN_STATUS=0x00000002
CAPTURE_TIMEOUT,OBSERVATIONS=79253,TRIGGER_COUNT=0,GEN_STATUS=0x00000002
CAPTURE_TIMEOUT,OBSERVATIONS=79253,TRIGGER_COUNT=0,GEN_STATUS=0x00000002
CAPTURE_TIMEOUT,OBSERVATIONS=79253,TRIGGER_COUNT=0,GEN_STATUS=0x00000002
CAPTURE_TIMEOUT,OBSERVATIONS=79253,TRIGGER_COUNT=0,GEN_STATUS=0x00000002
CAPTURE_TIMEOUT,OBSERVATIONS=79253,TRIGGER_COUNT=0,GEN_STATUS=0x00000002
CAPTURE_TIMEOUT,OBSERVATIONS=79253,TRIGGER_COUNT=0,GEN_STATUS=0x00000002
PULSE_WIDTH_CYCLES=1,DETECTED=0,TRIALS=10
CAPTURE_TIMEOUT,OBSERVATIONS=79253,TRIGGER_COUNT=0,GEN_STATUS=0x00000002
CAPTURE_TIMEOUT,OBSERVATIONS=79253,TRIGGER_COUNT=0,GEN_STATUS=0x00000002
CAPTURE_TIMEOUT,OBSERVATIONS=79253,TRIGGER_COUNT=0,GEN_STATUS=0x00000002
CAPTURE_TIMEOUT,OBSERVATIONS=79253,TRIGGER_COUNT=0,GEN_STATUS=0x00000002
CAPTURE_TIMEOUT,OBSERVATIONS=79253,TRIGGER_COUNT=0,GEN_STATUS=0x00000002
CAPTURE_TIMEOUT,OBSERVATIONS=79253,TRIGGER_COUNT=0,GEN_STATUS=0x00000002
CAPTURE_TIMEOUT,OBSERVATIONS=79253,TRIGGER_COUNT=0,GEN_STATUS=0x00000002
CAPTURE_TIMEOUT,OBSERVATIONS=79253,TRIGGER_COUNT=0,GEN_STATUS=0x00000002
CAPTURE_TIMEOUT,OBSERVATIONS=79253,TRIGGER_COUNT=0,GEN_STATUS=0x00000002
CAPTURE_TIMEOUT,OBSERVATIONS=79253,TRIGGER_COUNT=0,GEN_STATUS=0x00000002
PULSE_WIDTH_CYCLES=10,DETECTED=0,TRIALS=10
CAPTURE_PASS,MODE=RISING,TRIGGER_COUNT=1,TOTAL_OBSERVATIONS=8898
CAPTURE_PASS,MODE=RISING,TRIGGER_COUNT=1,TOTAL_OBSERVATIONS=8898
CAPTURE_PASS,MODE=RISING,TRIGGER_COUNT=1,TOTAL_OBSERVATIONS=8898
CAPTURE_PASS,MODE=RISING,TRIGGER_COUNT=1,TOTAL_OBSERVATIONS=8898
CAPTURE_PASS,MODE=RISING,TRIGGER_COUNT=1,TOTAL_OBSERVATIONS=8898
CAPTURE_PASS,MODE=RISING,TRIGGER_COUNT=1,TOTAL_OBSERVATIONS=8898
CAPTURE_PASS,MODE=RISING,TRIGGER_COUNT=1,TOTAL_OBSERVATIONS=8898
CAPTURE_PASS,MODE=RISING,TRIGGER_COUNT=1,TOTAL_OBSERVATIONS=8898
CAPTURE_PASS,MODE=RISING,TRIGGER_COUNT=1,TOTAL_OBSERVATIONS=8898
CAPTURE_PASS,MODE=RISING,TRIGGER_COUNT=1,TOTAL_OBSERVATIONS=8898
PULSE_WIDTH_CYCLES=100,DETECTED=10,TRIALS=10
CAPTURE_PASS,MODE=RISING,TRIGGER_COUNT=1,TOTAL_OBSERVATIONS=8898
CAPTURE_PASS,MODE=RISING,TRIGGER_COUNT=1,TOTAL_OBSERVATIONS=8898
CAPTURE_PASS,MODE=RISING,TRIGGER_COUNT=1,TOTAL_OBSERVATIONS=8898
CAPTURE_PASS,MODE=RISING,TRIGGER_COUNT=1,TOTAL_OBSERVATIONS=8898
CAPTURE_PASS,MODE=RISING,TRIGGER_COUNT=1,TOTAL_OBSERVATIONS=8898
CAPTURE_PASS,MODE=RISING,TRIGGER_COUNT=1,TOTAL_OBSERVATIONS=8898
CAPTURE_PASS,MODE=RISING,TRIGGER_COUNT=1,TOTAL_OBSERVATIONS=8898
CAPTURE_PASS,MODE=RISING,TRIGGER_COUNT=1,TOTAL_OBSERVATIONS=8898
CAPTURE_PASS,MODE=RISING,TRIGGER_COUNT=1,TOTAL_OBSERVATIONS=8898
CAPTURE_PASS,MODE=RISING,TRIGGER_COUNT=1,TOTAL_OBSERVATIONS=8898
PULSE_WIDTH_CYCLES=1000,DETECTED=10,TRIALS=10
CAPTURE_PASS,MODE=RISING,TRIGGER_COUNT=1,TOTAL_OBSERVATIONS=8898
CAPTURE_PASS,MODE=RISING,TRIGGER_COUNT=1,TOTAL_OBSERVATIONS=8898
CAPTURE_PASS,MODE=RISING,TRIGGER_COUNT=1,TOTAL_OBSERVATIONS=8898
CAPTURE_PASS,MODE=RISING,TRIGGER_COUNT=1,TOTAL_OBSERVATIONS=8898
CAPTURE_PASS,MODE=RISING,TRIGGER_COUNT=1,TOTAL_OBSERVATIONS=8898
CAPTURE_PASS,MODE=RISING,TRIGGER_COUNT=1,TOTAL_OBSERVATIONS=8898
CAPTURE_PASS,MODE=RISING,TRIGGER_COUNT=1,TOTAL_OBSERVATIONS=8898
CAPTURE_PASS,MODE=RISING,TRIGGER_COUNT=1,TOTAL_OBSERVATIONS=8898
CAPTURE_PASS,MODE=RISING,TRIGGER_COUNT=1,TOTAL_OBSERVATIONS=8898
CAPTURE_PASS,MODE=RISING,TRIGGER_COUNT=1,TOTAL_OBSERVATIONS=8898
PULSE_WIDTH_CYCLES=10000,DETECTED=10,TRIALS=10
CAPTURE_PASS,MODE=RISING,TRIGGER_COUNT=1,TOTAL_OBSERVATIONS=8898
CAPTURE_PASS,MODE=RISING,TRIGGER_COUNT=1,TOTAL_OBSERVATIONS=8898
CAPTURE_PASS,MODE=RISING,TRIGGER_COUNT=1,TOTAL_OBSERVATIONS=8898
CAPTURE_PASS,MODE=RISING,TRIGGER_COUNT=1,TOTAL_OBSERVATIONS=8898
CAPTURE_PASS,MODE=RISING,TRIGGER_COUNT=1,TOTAL_OBSERVATIONS=8898
CAPTURE_PASS,MODE=RISING,TRIGGER_COUNT=1,TOTAL_OBSERVATIONS=8898
CAPTURE_PASS,MODE=RISING,TRIGGER_COUNT=1,TOTAL_OBSERVATIONS=8898
CAPTURE_PASS,MODE=RISING,TRIGGER_COUNT=1,TOTAL_OBSERVATIONS=8898
CAPTURE_PASS,MODE=RISING,TRIGGER_COUNT=1,TOTAL_OBSERVATIONS=8898
CAPTURE_PASS,MODE=RISING,TRIGGER_COUNT=1,TOTAL_OBSERVATIONS=8898
PULSE_WIDTH_CYCLES=100000,DETECTED=10,TRIALS=10
PULSE_STRESS_END

Commands:
  b: three polling benchmarks per trigger mode
  r: P-01 rising capture and hex dump
  f: P-02 falling capture and hex dump
  p: P-03 pattern capture and hex dump
  h: P-04 pattern-hold capture and hex dump
  z: P-05 zero-mask timeout test
  s: short-pulse stress suite
  q: stop
> q
CPU_POLLING_REFERENCE_STOPPED
