Copyright 1986-2022 Xilinx, Inc. All Rights Reserved. Copyright 2022-2024 Advanced Micro Devices, Inc. All Rights Reserved.
----------------------------------------------------------------------------------------------------------------------------------------------------------------------
| Tool Version     : Vivado v.2024.2 (lin64) Build 5239630 Fri Nov 08 22:34:34 MST 2024
| Date             : Fri Jul 31 14:30:10 2026
| Host             : user4-B80KV-AP35BKE running 64-bit Ubuntu 24.04.4 LTS
| Command          : report_power -file base_soc_wrapper_power_routed.rpt -pb base_soc_wrapper_power_summary_routed.pb -rpx base_soc_wrapper_power_routed.rpx
| Design           : base_soc_wrapper
| Device           : xc7a35tcpg236-1
| Design State     : routed
| Grade            : commercial
| Process          : typical
| Characterization : Production
----------------------------------------------------------------------------------------------------------------------------------------------------------------------

Power Report

Table of Contents
-----------------
1. Summary
1.1 On-Chip Components
1.2 Power Supply Summary
1.3 Confidence Level
2. Settings
2.1 Environment
2.2 Clock Constraints
3. Detailed Reports
3.1 By Hierarchy

1. Summary
----------

+--------------------------+--------------+
| Total On-Chip Power (W)  | 0.215        |
| Design Power Budget (W)  | Unspecified* |
| Power Budget Margin (W)  | NA           |
| Dynamic (W)              | 0.142        |
| Device Static (W)        | 0.074        |
| Effective TJA (C/W)      | 5.0          |
| Max Ambient (C)          | 83.9         |
| Junction Temperature (C) | 26.1         |
| Confidence Level         | Medium       |
| Setting File             | ---          |
| Simulation Activity File | ---          |
| Design Nets Matched      | NA           |
+--------------------------+--------------+
* Specify Design Power Budget using, set_operating_conditions -design_power_budget <value in Watts>


1.1 On-Chip Components
----------------------

+--------------------------+-----------+----------+-----------+-----------------+
| On-Chip                  | Power (W) | Used     | Available | Utilization (%) |
+--------------------------+-----------+----------+-----------+-----------------+
| Clocks                   |     0.018 |        9 |       --- |             --- |
| Slice Logic              |     0.006 |     9744 |       --- |             --- |
|   LUT as Logic           |     0.005 |     3500 |     20800 |           16.83 |
|   LUT as Distributed RAM |    <0.001 |      120 |      9600 |            1.25 |
|   CARRY4                 |    <0.001 |      161 |      8150 |            1.98 |
|   Register               |    <0.001 |     4230 |     41600 |           10.17 |
|   F7/F8 Muxes            |    <0.001 |       25 |     32600 |            0.08 |
|   LUT as Shift Register  |    <0.001 |      106 |      9600 |            1.10 |
|   Others                 |     0.000 |      622 |       --- |             --- |
| Signals                  |     0.010 |     7120 |       --- |             --- |
| Block RAM                |     0.002 |     32.5 |        50 |           65.00 |
| MMCM                     |     0.106 |        1 |         5 |           20.00 |
| I/O                      |    <0.001 |        4 |       106 |            3.77 |
| Static Power             |     0.074 |          |           |                 |
| Total                    |     0.215 |          |           |                 |
+--------------------------+-----------+----------+-----------+-----------------+


1.2 Power Supply Summary
------------------------

+-----------+-------------+-----------+-------------+------------+-------------+-------------+------------+
| Source    | Voltage (V) | Total (A) | Dynamic (A) | Static (A) | Powerup (A) | Budget (A)  | Margin (A) |
+-----------+-------------+-----------+-------------+------------+-------------+-------------+------------+
| Vccint    |       1.000 |     0.047 |       0.036 |      0.011 |       NA    | Unspecified | NA         |
| Vccaux    |       1.800 |     0.071 |       0.059 |      0.013 |       NA    | Unspecified | NA         |
| Vcco33    |       3.300 |     0.001 |       0.000 |      0.001 |       NA    | Unspecified | NA         |
| Vcco25    |       2.500 |     0.000 |       0.000 |      0.000 |       NA    | Unspecified | NA         |
| Vcco18    |       1.800 |     0.000 |       0.000 |      0.000 |       NA    | Unspecified | NA         |
| Vcco15    |       1.500 |     0.000 |       0.000 |      0.000 |       NA    | Unspecified | NA         |
| Vcco135   |       1.350 |     0.000 |       0.000 |      0.000 |       NA    | Unspecified | NA         |
| Vcco12    |       1.200 |     0.000 |       0.000 |      0.000 |       NA    | Unspecified | NA         |
| Vccaux_io |       1.800 |     0.000 |       0.000 |      0.000 |       NA    | Unspecified | NA         |
| Vccbram   |       1.000 |     0.001 |       0.000 |      0.001 |       NA    | Unspecified | NA         |
| MGTAVcc   |       1.000 |     0.000 |       0.000 |      0.000 |       NA    | Unspecified | NA         |
| MGTAVtt   |       1.200 |     0.000 |       0.000 |      0.000 |       NA    | Unspecified | NA         |
| Vccadc    |       1.800 |     0.020 |       0.000 |      0.020 |       NA    | Unspecified | NA         |
+-----------+-------------+-----------+-------------+------------+-------------+-------------+------------+


1.3 Confidence Level
--------------------

+-----------------------------+------------+-------------------------------------------------------+------------------------------------------------------------------------------------------------------------+
| User Input Data             | Confidence | Details                                               | Action                                                                                                     |
+-----------------------------+------------+-------------------------------------------------------+------------------------------------------------------------------------------------------------------------+
| Design implementation state | High       | Design is routed                                      |                                                                                                            |
| Clock nodes activity        | High       | User specified more than 95% of clocks                |                                                                                                            |
| I/O nodes activity          | Medium     | More than 5% of inputs are missing user specification | Provide missing input activity with simulation results or by editing the "By Resource Type -> I/Os" view   |
| Internal nodes activity     | Medium     | User specified less than 25% of internal nodes        | Provide missing internal nodes activity with simulation results or by editing the "By Resource Type" views |
| Device models               | High       | Device models are Production                          |                                                                                                            |
|                             |            |                                                       |                                                                                                            |
| Overall confidence level    | Medium     |                                                       |                                                                                                            |
+-----------------------------+------------+-------------------------------------------------------+------------------------------------------------------------------------------------------------------------+


2. Settings
-----------

2.1 Environment
---------------

+-----------------------+--------------------------+
| Ambient Temp (C)      | 25.0                     |
| ThetaJA (C/W)         | 5.0                      |
| Airflow (LFM)         | 250                      |
| Heat Sink             | medium (Medium Profile)  |
| ThetaSA (C/W)         | 4.6                      |
| Board Selection       | medium (10"x10")         |
| # of Board Layers     | 12to15 (12 to 15 Layers) |
| Board Temperature (C) | 25.0                     |
+-----------------------+--------------------------+


2.2 Clock Constraints
---------------------

+-------------------------------------------------------------------------------------------------+-------------------------------------------------------------------------------------------------+-----------------+
| Clock                                                                                           | Domain                                                                                          | Constraint (ns) |
+-------------------------------------------------------------------------------------------------+-------------------------------------------------------------------------------------------------+-----------------+
| base_soc_i/mdm_1/U0/MDM_Core_I1/JTAG_CONTROL_I/Test_Access_Port.BUFG_UPDATE/Using_FPGA.Native/O | base_soc_i/mdm_1/U0/MDM_Core_I1/JTAG_CONTROL_I/Test_Access_Port.BUFG_UPDATE/Using_FPGA.Native_0 |            66.7 |
| base_soc_i/mdm_1/U0/Use_E2.BSCAN_I/Use_E2.BSCANE2_I/TCK                                         | base_soc_i/mdm_1/U0/Use_E2.BSCAN_I/tck                                                          |            33.3 |
| base_soc_i/mdm_1/U0/Use_E2.BSCAN_I/Use_E2.BSCANE2_I/UPDATE                                      | base_soc_i/mdm_1/U0/Use_E2.BSCAN_I/Use_E2.BSCANE2_I_n_9                                         |            33.3 |
| clk_out1_base_soc_clk_wiz_0                                                                     | base_soc_i/clk_wiz/inst/clk_out1_base_soc_clk_wiz_0                                             |            10.0 |
| clkfbout_base_soc_clk_wiz_0                                                                     | base_soc_i/clk_wiz/inst/clkfbout_base_soc_clk_wiz_0                                             |            10.0 |
| dbg_hub/inst/BSCANID.u_xsdbm_id/SWITCH_N_EXT_BSCAN.bscan_inst/SERIES7_BSCAN.bscan_inst/TCK      | dbg_hub/inst/BSCANID.u_xsdbm_id/SWITCH_N_EXT_BSCAN.bscan_inst/TCK                               |            33.0 |
| sys_clock                                                                                       | sys_clock                                                                                       |            10.0 |
+-------------------------------------------------------------------------------------------------+-------------------------------------------------------------------------------------------------+-----------------+


3. Detailed Reports
-------------------

3.1 By Hierarchy
----------------

+-------------------------------------+-----------+
| Name                                | Power (W) |
+-------------------------------------+-----------+
| base_soc_wrapper                    |     0.142 |
|   base_soc_i                        |     0.139 |
|     axi_timer_0                     |     0.003 |
|       U0                            |     0.003 |
|     clk_wiz                         |     0.106 |
|       inst                          |     0.106 |
|     microblaze_riscv_0              |     0.016 |
|       U0                            |     0.016 |
|     microblaze_riscv_0_axi_intc     |     0.001 |
|       U0                            |     0.001 |
|     microblaze_riscv_0_local_memory |     0.002 |
|       lmb_bram                      |     0.002 |
|     test_pattern_generator_0        |     0.001 |
|       inst                          |     0.001 |
|     vivado_ila_0                    |     0.006 |
|       inst                          |     0.006 |
|   dbg_hub                           |     0.003 |
|     inst                            |     0.003 |
|       BSCANID.u_xsdbm_id            |     0.003 |
+-------------------------------------+-----------+


