# EdgeScope-Lite Step 9 extraction manifest
GENERATED_AT_UTC=2026-07-30T01:13:35.942219+00:00
OVERALL=PASS_WITH_TEAM_INPUT_PENDING
VALIDATOR_SHA256=26b5b8bc64947908537f383a1123b26f96afacbd8e37f100559d2602006c0e0e
REQUIRED_VIVADO=2024.2
REQUIRED_PART=xc7a35tcpg236-1
REQUIRED_TOP=base_soc_wrapper
REQUIRED_CLOCK_PERIOD_NS=10.000
RESOURCE_SCOPE=WHOLE_ROUTED_SOC
DELTA_BASELINE=COMMON_BASE_PLUS_GENERATOR
CPU_USED_FOR_OFFICIAL_SAVINGS=NO
FMAX_INFERENCE=FORBIDDEN_NOT_COMPUTED
METHOD.common_baseline.STATUS=VERIFIED
INPUT.common_baseline.UTILIZATION.SHA256=2714710ccf7b945c6a3658f43f3dcde647d8471016a4d9bd1e8438aeadaac7fe
INPUT.common_baseline.UTILIZATION.SIZE_BYTES=13005
INPUT.common_baseline.UTILIZATION.PATH=comparison/ila_reference/results/step9/baseline_raw/baseline_utilization.rpt
INPUT.common_baseline.HIERARCHY.SHA256=87193ee6e07186e6d9042cb72f3562f3b2f1f4280555613ceb725cfbb30017df
INPUT.common_baseline.HIERARCHY.SIZE_BYTES=15316
INPUT.common_baseline.HIERARCHY.PATH=comparison/ila_reference/results/step9/baseline_raw/baseline_hierarchical_utilization.rpt
INPUT.common_baseline.TIMING.SHA256=c4ee9d7fdcd5620ffa21dd367bd6161756f9acea187fab4feb2c5bb7392358e4
INPUT.common_baseline.TIMING.SIZE_BYTES=1284610
INPUT.common_baseline.TIMING.PATH=comparison/ila_reference/results/step9/baseline_raw/baseline_timing_summary.rpt
INPUT.common_baseline.CHECK_TIMING.SHA256=4b1c4596ba85b3525726f21866ba5c6f6e3219c026eba53ea367f3853eebf2ba
INPUT.common_baseline.CHECK_TIMING.SIZE_BYTES=3334
INPUT.common_baseline.CHECK_TIMING.PATH=comparison/ila_reference/results/step9/baseline_raw/baseline_check_timing.rpt
INPUT.common_baseline.DRC.SHA256=8bdd4542cd4147c8a7e288e6ff7d025ed7af94e1b5cd2a28bdc59516f9f683be
INPUT.common_baseline.DRC.SIZE_BYTES=2615
INPUT.common_baseline.DRC.PATH=comparison/ila_reference/results/step9/baseline_raw/baseline_drc.rpt
INPUT.common_baseline.ROUTE.SHA256=6e6dd3c6f585d2d4a1cf864f5eba3eca2ff723aa71a3fd26adfb45648d95341e
INPUT.common_baseline.ROUTE.SIZE_BYTES=651
INPUT.common_baseline.ROUTE.PATH=comparison/ila_reference/results/step9/baseline_raw/baseline_route_status.rpt
INPUT.common_baseline.ROUTED_DCP.SHA256=5bf512f6e5523af442d96913b1a2439775611f87184d1150ae34d5787fc13d02
INPUT.common_baseline.ROUTED_DCP.SIZE_BYTES=2935347
INPUT.common_baseline.ROUTED_DCP.PATH=comparison/ila_reference/build/step9_common_baseline/common_base_plus_generator_routed.dcp
INPUT.common_baseline.BUILD_MANIFEST.SHA256=19b3e84d2421f6ce4aaf45c04325539d9cb619d4a480ab4c0b6da6afe50de0bb
INPUT.common_baseline.BUILD_MANIFEST.SIZE_BYTES=2035
INPUT.common_baseline.BUILD_MANIFEST.PATH=comparison/ila_reference/results/step9/baseline_raw/baseline_build_manifest.rpt
INPUT.common_baseline.COMPLETION_LOG.SHA256=c1eabbf37d7ee1893a45533036a69dc45739094130afaa6ff461566437b8718a
INPUT.common_baseline.COMPLETION_LOG.SIZE_BYTES=189513
INPUT.common_baseline.COMPLETION_LOG.PATH=comparison/ila_reference/results/step9/baseline_raw/baseline_build.log
METHOD.cpu_polling.STATUS=VERIFIED
INPUT.cpu_polling.UTILIZATION.SHA256=0b372e836146561f5f9b406115a09e37d03c995dd1c6a36e44f07ce4304157e3
INPUT.cpu_polling.UTILIZATION.SIZE_BYTES=13065
INPUT.cpu_polling.UTILIZATION.PATH=comparison/ila_reference/results/step9/inputs/cpu_polling/utilization.rpt
INPUT.cpu_polling.HIERARCHY.SHA256=5156a3eb6b96fca9d9f3b93e9ae3b13335f362bf05087cacae7d17c0029309e3
INPUT.cpu_polling.HIERARCHY.SIZE_BYTES=218188
INPUT.cpu_polling.HIERARCHY.PATH=comparison/ila_reference/results/step9/inputs/cpu_polling/hierarchical_utilization.rpt
INPUT.cpu_polling.TIMING.SHA256=0287d67f1d3d9dbd3134f74227fceeb968fade141336321d295a1b07be026fe8
INPUT.cpu_polling.TIMING.SIZE_BYTES=55302
INPUT.cpu_polling.TIMING.PATH=comparison/ila_reference/results/step9/inputs/cpu_polling/timing_summary.rpt
INPUT.cpu_polling.DRC.SHA256=d95b3dede6cadadb9932166545a561bf37e489a19d060db5ff5141e7d7e0dbd1
INPUT.cpu_polling.DRC.SIZE_BYTES=3078
INPUT.cpu_polling.DRC.PATH=comparison/ila_reference/results/step9/inputs/cpu_polling/drc.rpt
INPUT.cpu_polling.PROVENANCE.SHA256=17f03ae79ee366cf778d4f1099a93b800271577a59619566b83c9d1610de0b31
INPUT.cpu_polling.PROVENANCE.SIZE_BYTES=1757
INPUT.cpu_polling.PROVENANCE.PATH=comparison/ila_reference/results/step9/inputs/cpu_polling/drive_source_manifest.rpt
METHOD.ila_reference.STATUS=VERIFIED
INPUT.ila_reference.UTILIZATION.SHA256=d61edd931a0892cb0f53ceabc8e3f5fa4cdff8f5e8f5dae9ea61f4e369b5b5d4
INPUT.ila_reference.UTILIZATION.SIZE_BYTES=13267
INPUT.ila_reference.UTILIZATION.PATH=comparison/ila_reference/generated/ila_reference_step5_utilization.rpt
INPUT.ila_reference.HIERARCHY.SHA256=8f1ae4039c67cca6daea72801dd39e40714f953dc93657260d642e09188dccfb
INPUT.ila_reference.HIERARCHY.SIZE_BYTES=18350
INPUT.ila_reference.HIERARCHY.PATH=comparison/ila_reference/generated/ila_reference_step5_hierarchical_utilization.rpt
INPUT.ila_reference.TIMING.SHA256=6440e53d55f8971259e466d839711b4083d1ce63b22eb56a7cc035a88103fbe5
INPUT.ila_reference.TIMING.SIZE_BYTES=256008
INPUT.ila_reference.TIMING.PATH=comparison/ila_reference/generated/ila_reference_step5_timing_summary.rpt
INPUT.ila_reference.DRC.SHA256=ebefb24a5d1495540a28b91d683bda113b3b51fa098a1f18531459fe0cb03709
INPUT.ila_reference.DRC.SIZE_BYTES=8684
INPUT.ila_reference.DRC.PATH=comparison/ila_reference/generated/ila_reference_step5_drc.rpt
INPUT.ila_reference.ROUTE.SHA256=0571d07c4252b09056ef0c2049bb670e542392a28b3141246f3ac069f2818cfa
INPUT.ila_reference.ROUTE.SIZE_BYTES=651
INPUT.ila_reference.ROUTE.PATH=comparison/ila_reference/generated/ila_reference_step5_route_status.rpt
INPUT.ila_reference.ROUTED_DCP.SHA256=a82e65ad6e3762ba54533420a5bf48c707163c533e8f555277d631a0fd21dbe3
INPUT.ila_reference.ROUTED_DCP.SIZE_BYTES=4158966
INPUT.ila_reference.ROUTED_DCP.PATH=comparison/ila_reference/build/step5/edgescope_ila_reference_routed.dcp
INPUT.ila_reference.BUILD_MANIFEST.SHA256=b6e8d4b35948d07e6d9852191def1d929aed2e72ce26d49b7992b50c7fdce01c
INPUT.ila_reference.BUILD_MANIFEST.SIZE_BYTES=4012
INPUT.ila_reference.BUILD_MANIFEST.PATH=comparison/ila_reference/generated/ila_reference_step5_build_manifest.rpt
INPUT.ila_reference.CHECKSUM_INDEX.SHA256=6bda02ddcc20d13e0a70d4fb15435cfe7739937d702c5c493e54cd3882a7c272
INPUT.ila_reference.CHECKSUM_INDEX.SIZE_BYTES=1874
INPUT.ila_reference.CHECKSUM_INDEX.PATH=comparison/ila_reference/generated/ila_reference_step5_SHA256SUMS
METHOD.custom.STATUS=NOT_RECEIVED
TOOL.BASELINE_TCL.SHA256=43544f1e0ca543429be63a7e9cc9c54b27101aaedebc03e8ff0639878e1f28fb
TOOL.BASELINE_TCL.SIZE_BYTES=17109
TOOL.BASELINE_TCL.PATH=comparison/ila_reference/build_step9_common_baseline.tcl
TOOL.BASELINE_RUNNER.SHA256=ee862300a85c651a2ffe1f88e41912356bc6adbb4f82538df3fb5cbc52d4a4f4
TOOL.BASELINE_RUNNER.SIZE_BYTES=1466
TOOL.BASELINE_RUNNER.PATH=comparison/ila_reference/run_step9_common_baseline.sh
TOOL.BASELINE_XDC.SHA256=c702fd50aea605a072ff351b4f8a077a5f6bf78229526dd4237149506abcc341
TOOL.BASELINE_XDC.SIZE_BYTES=470
TOOL.BASELINE_XDC.PATH=comparison/ila_reference/constraints/step9_baseline_common.xdc
TOOL.EXTRACTOR_RUNNER.SHA256=e5d34a61cde7772a9172c89786961579092bad84135bbef2d5c8de2a38a6ae66
TOOL.EXTRACTOR_RUNNER.SIZE_BYTES=203
TOOL.EXTRACTOR_RUNNER.PATH=comparison/ila_reference/run_step9_resource_timing.sh
