Copyright 1986-2022 Xilinx, Inc. All Rights Reserved. Copyright 2022-2024 Advanced Micro Devices, Inc. All Rights Reserved.
-----------------------------------------------------------------------------------------------------------------------------------------------------------------------
| Tool Version : Vivado v.2024.2 (lin64) Build 5239630 Fri Nov 08 22:34:34 MST 2024
| Date         : Wed Jul 29 14:39:52 2026
| Host         : doguen-ASUS-TUF-Gaming-A15-FA507UI-FA507UI running 64-bit Ubuntu 24.04.4 LTS
| Command      : report_timing_summary -file {/home/doguen/Downloads/8채널 100 MSs Standalone Logic Analyzer Lite/comparison/cpu_polling/reports/timing_summary.rpt}
| Design       : base_soc_wrapper
| Device       : 7a35t-cpg236
| Speed File   : -1  PRODUCTION 1.23 2018-06-13
| Design State : Routed
-----------------------------------------------------------------------------------------------------------------------------------------------------------------------

Timing Summary Report

------------------------------------------------------------------------------------------------
| Timer Settings
| --------------
------------------------------------------------------------------------------------------------

  Enable Multi Corner Analysis               :  Yes
  Enable Pessimism Removal                   :  Yes
  Pessimism Removal Resolution               :  Nearest Common Node
  Enable Input Delay Default Clock           :  No
  Enable Preset / Clear Arcs                 :  No
  Disable Flight Delays                      :  No
  Ignore I/O Paths                           :  No
  Timing Early Launch at Borrowing Latches   :  No
  Borrow Time for Max Delay Exceptions       :  Yes
  Merge Timing Exceptions                    :  Yes
  Inter-SLR Compensation                     :  Conservative

  Corner  Analyze    Analyze    
  Name    Max Paths  Min Paths  
  ------  ---------  ---------  
  Slow    Yes        Yes        
  Fast    Yes        Yes        


------------------------------------------------------------------------------------------------
| Report Methodology
| ------------------
------------------------------------------------------------------------------------------------

Rule       Severity  Description                    Violations  
---------  --------  -----------------------------  ----------  
LUTAR-1    Warning   LUT drives async reset alert   2           
TIMING-9   Warning   Unknown CDC Logic              1           
TIMING-18  Warning   Missing input or output delay  3           

Note: This report is based on the most recent report_methodology run and may not be up-to-date. Run report_methodology on the current design for the latest report.



check_timing report

Table of Contents
-----------------
1. checking no_clock (0)
2. checking constant_clock (0)
3. checking pulse_width_clock (0)
4. checking unconstrained_internal_endpoints (0)
5. checking no_input_delay (2)
6. checking no_output_delay (1)
7. checking multiple_clock (0)
8. checking generated_clocks (0)
9. checking loops (0)
10. checking partial_input_delay (0)
11. checking partial_output_delay (0)
12. checking latch_loops (0)

1. checking no_clock (0)
------------------------
 There are 0 register/latch pins with no clock.


2. checking constant_clock (0)
------------------------------
 There are 0 register/latch pins with constant_clock.


3. checking pulse_width_clock (0)
---------------------------------
 There are 0 register/latch pins which need pulse_width check


4. checking unconstrained_internal_endpoints (0)
------------------------------------------------
 There are 0 pins that are not constrained for maximum delay.

 There are 0 pins that are not constrained for maximum delay due to constant clock.


5. checking no_input_delay (2)
------------------------------
 There are 2 input ports with no input delay specified. (HIGH)

 There are 0 input ports with no input delay but user has a false path constraint.


6. checking no_output_delay (1)
-------------------------------
 There is 1 port with no output delay specified. (HIGH)

 There are 0 ports with no output delay but user has a false path constraint

 There are 0 ports with no output delay but with a timing clock defined on it or propagating through it


7. checking multiple_clock (0)
------------------------------
 There are 0 register/latch pins with multiple clocks.


8. checking generated_clocks (0)
--------------------------------
 There are 0 generated clocks that are not connected to a clock source.


9. checking loops (0)
---------------------
 There are 0 combinational loops in the design.


10. checking partial_input_delay (0)
------------------------------------
 There are 0 input ports with partial input delay specified.


11. checking partial_output_delay (0)
-------------------------------------
 There are 0 ports with partial output delay specified.


12. checking latch_loops (0)
----------------------------
 There are 0 combinational latch loops in the design through latch input



------------------------------------------------------------------------------------------------
| Design Timing Summary
| ---------------------
------------------------------------------------------------------------------------------------

    WNS(ns)      TNS(ns)  TNS Failing Endpoints  TNS Total Endpoints      WHS(ns)      THS(ns)  THS Failing Endpoints  THS Total Endpoints     WPWS(ns)     TPWS(ns)  TPWS Failing Endpoints  TPWS Total Endpoints  
    -------      -------  ---------------------  -------------------      -------      -------  ---------------------  -------------------     --------     --------  ----------------------  --------------------  
      0.939        0.000                      0                 8371        0.047        0.000                      0                 8371        3.000        0.000                       0                  2899  


All user specified timing constraints are met.


------------------------------------------------------------------------------------------------
| Clock Summary
| -------------
------------------------------------------------------------------------------------------------

Clock                                                                                              Waveform(ns)       Period(ns)      Frequency(MHz)
-----                                                                                              ------------       ----------      --------------
base_soc_i/mdm_1/U0/Use_E2.BSCAN_I/Use_E2.BSCANE2_I/TCK                                            {0.000 16.666}     33.333          30.000          
  base_soc_i/mdm_1/U0/MDM_Core_I1/JTAG_CONTROL_I/Test_Access_Port.BUFG_UPDATE/Using_FPGA.Native/O  {0.000 33.333}     66.666          15.000          
base_soc_i/mdm_1/U0/Use_E2.BSCAN_I/Use_E2.BSCANE2_I/UPDATE                                         {0.000 16.666}     33.333          30.000          
sys_clock                                                                                          {0.000 5.000}      10.000          100.000         
  clk_out1_base_soc_clk_wiz_0                                                                      {0.000 5.000}      10.000          100.000         
  clkfbout_base_soc_clk_wiz_0                                                                      {0.000 5.000}      10.000          100.000         


------------------------------------------------------------------------------------------------
| Intra Clock Table
| -----------------
------------------------------------------------------------------------------------------------

Clock                                                                                                  WNS(ns)      TNS(ns)  TNS Failing Endpoints  TNS Total Endpoints      WHS(ns)      THS(ns)  THS Failing Endpoints  THS Total Endpoints     WPWS(ns)     TPWS(ns)  TPWS Failing Endpoints  TPWS Total Endpoints  
-----                                                                                                  -------      -------  ---------------------  -------------------      -------      -------  ---------------------  -------------------     --------     --------  ----------------------  --------------------  
base_soc_i/mdm_1/U0/Use_E2.BSCAN_I/Use_E2.BSCANE2_I/TCK                                                  8.947        0.000                      0                  427        0.049        0.000                      0                  427       15.686        0.000                       0                   282  
  base_soc_i/mdm_1/U0/MDM_Core_I1/JTAG_CONTROL_I/Test_Access_Port.BUFG_UPDATE/Using_FPGA.Native/O       58.765        0.000                      0                   88        0.263        0.000                      0                   88       32.833        0.000                       0                    99  
sys_clock                                                                                                                                                                                                                                            3.000        0.000                       0                     1  
  clk_out1_base_soc_clk_wiz_0                                                                            0.939        0.000                      0                 7856        0.047        0.000                      0                 7856        3.750        0.000                       0                  2514  
  clkfbout_base_soc_clk_wiz_0                                                                                                                                                                                                                        7.845        0.000                       0                     3  


------------------------------------------------------------------------------------------------
| Inter Clock Table
| -----------------
------------------------------------------------------------------------------------------------

From Clock    To Clock          WNS(ns)      TNS(ns)  TNS Failing Endpoints  TNS Total Endpoints      WHS(ns)      THS(ns)  THS Failing Endpoints  THS Total Endpoints  
----------    --------          -------      -------  ---------------------  -------------------      -------      -------  ---------------------  -------------------  


------------------------------------------------------------------------------------------------
| Other Path Groups Table
| -----------------------
------------------------------------------------------------------------------------------------

Path Group    From Clock    To Clock          WNS(ns)      TNS(ns)  TNS Failing Endpoints  TNS Total Endpoints      WHS(ns)      THS(ns)  THS Failing Endpoints  THS Total Endpoints  
----------    ----------    --------          -------      -------  ---------------------  -------------------      -------      -------  ---------------------  -------------------  


------------------------------------------------------------------------------------------------
| Timing Details
| --------------
------------------------------------------------------------------------------------------------


---------------------------------------------------------------------------------------------------
From Clock:  base_soc_i/mdm_1/U0/Use_E2.BSCAN_I/Use_E2.BSCANE2_I/TCK
  To Clock:  base_soc_i/mdm_1/U0/Use_E2.BSCAN_I/Use_E2.BSCANE2_I/TCK

Setup :            0  Failing Endpoints,  Worst Slack        8.947ns,  Total Violation        0.000ns
Hold  :            0  Failing Endpoints,  Worst Slack        0.049ns,  Total Violation        0.000ns
PW    :            0  Failing Endpoints,  Worst Slack       15.686ns,  Total Violation        0.000ns
---------------------------------------------------------------------------------------------------


Max Delay Paths
--------------------------------------------------------------------------------------
Slack (MET) :             8.947ns  (required time - arrival time)
  Source:                 base_soc_i/mdm_1/U0/MDM_Core_I1/JTAG_CONTROL_I/Test_Access_Port.shift_dtm_reg/C
                            (falling edge-triggered cell FDRE clocked by base_soc_i/mdm_1/U0/Use_E2.BSCAN_I/Use_E2.BSCANE2_I/TCK  {rise@0.000ns fall@16.667ns period=33.333ns})
  Destination:            base_soc_i/mdm_1/U0/MDM_Core_I1/JTAG_CONTROL_I/dmistat_reg[1]/D
                            (rising edge-triggered cell FDRE clocked by base_soc_i/mdm_1/U0/Use_E2.BSCAN_I/Use_E2.BSCANE2_I/TCK  {rise@0.000ns fall@16.667ns period=33.333ns})
  Path Group:             base_soc_i/mdm_1/U0/Use_E2.BSCAN_I/Use_E2.BSCANE2_I/TCK
  Path Type:              Setup (Max at Slow Process Corner)
  Requirement:            16.667ns  (base_soc_i/mdm_1/U0/Use_E2.BSCAN_I/Use_E2.BSCANE2_I/TCK rise@33.333ns - base_soc_i/mdm_1/U0/Use_E2.BSCAN_I/Use_E2.BSCANE2_I/TCK fall@16.667ns)
  Data Path Delay:        7.865ns  (logic 1.542ns (19.605%)  route 6.323ns (80.394%))
  Logic Levels:           8  (LUT3=1 LUT4=2 LUT6=5)
  Clock Path Skew:        0.106ns (DCD - SCD + CPR)
    Destination Clock Delay (DCD):    3.109ns = ( 36.442 - 33.333 ) 
    Source Clock Delay      (SCD):    3.236ns = ( 19.903 - 16.667 ) 
    Clock Pessimism Removal (CPR):    0.233ns
  Clock Uncertainty:      0.035ns  ((TSJ^2 + TIJ^2)^1/2 + DJ) / 2 + PE
    Total System Jitter     (TSJ):    0.071ns
    Total Input Jitter      (TIJ):    0.000ns
    Discrete Jitter          (DJ):    0.000ns
    Phase Error              (PE):    0.000ns

    Location             Delay type                Incr(ns)  Path(ns)    Netlist Resource(s)
  -------------------------------------------------------------------    -------------------
                         (clock base_soc_i/mdm_1/U0/Use_E2.BSCAN_I/Use_E2.BSCANE2_I/TCK fall edge)
                                                     16.667    16.667 f  
    BSCAN_X0Y1           BSCANE2                      0.000    16.667 f  base_soc_i/mdm_1/U0/Use_E2.BSCAN_I/Use_E2.BSCANE2_I/TCK
                         net (fo=2, routed)           1.587    18.254    base_soc_i/mdm_1/U0/Use_JTAG_BSCAN.BUFG_JTAG_TCK/lopt
    BUFGCTRL_X0Y1        BUFGCTRL (Prop_bufgctrl_I0_O)
                                                      0.096    18.350 f  base_soc_i/mdm_1/U0/Use_JTAG_BSCAN.BUFG_JTAG_TCK/Using_FPGA.Native/O
                         net (fo=31, routed)          1.553    19.903    base_soc_i/mdm_1/U0/MDM_Core_I1/JTAG_CONTROL_I/Use_JTAG_BSCAN.tck_int
    SLICE_X30Y53         FDRE                                         r  base_soc_i/mdm_1/U0/MDM_Core_I1/JTAG_CONTROL_I/Test_Access_Port.shift_dtm_reg/C  (IS_INVERTED)
  -------------------------------------------------------------------    -------------------
    SLICE_X30Y53         FDRE (Prop_fdre_C_Q)         0.524    20.427 r  base_soc_i/mdm_1/U0/MDM_Core_I1/JTAG_CONTROL_I/Test_Access_Port.shift_dtm_reg/Q
                         net (fo=19, routed)          0.956    21.383    base_soc_i/mdm_1/U0/MDM_Core_I1/JTAG_CONTROL_I/Test_Access_Port.shift_dtm_reg_0
    SLICE_X35Y51         LUT4 (Prop_lut4_I2_O)        0.124    21.507 r  base_soc_i/mdm_1/U0/MDM_Core_I1/JTAG_CONTROL_I/Dbg_Reg_En_0[1]_INST_0/O
                         net (fo=3, routed)           0.840    22.347    <hidden>
    SLICE_X36Y51         LUT3 (Prop_lut3_I1_O)        0.124    22.471 r  <hidden>
                         net (fo=5, routed)           0.313    22.784    <hidden>
    SLICE_X36Y51         LUT6 (Prop_lut6_I0_O)        0.124    22.908 f  <hidden>
                         net (fo=2, routed)           0.715    23.624    <hidden>
    SLICE_X39Y46         LUT6 (Prop_lut6_I5_O)        0.124    23.748 f  <hidden>
                         net (fo=1, routed)           1.008    24.755    <hidden>
    SLICE_X38Y51         LUT6 (Prop_lut6_I2_O)        0.124    24.879 r  <hidden>
                         net (fo=3, routed)           0.821    25.700    base_soc_i/mdm_1/U0/MDM_Core_I1/JTAG_CONTROL_I/Dbg_TDO_0
    SLICE_X32Y51         LUT6 (Prop_lut6_I0_O)        0.124    25.824 f  base_soc_i/mdm_1/U0/MDM_Core_I1/JTAG_CONTROL_I/TDO_i_6/O
                         net (fo=1, routed)           0.575    26.399    base_soc_i/mdm_1/U0/MDM_Core_I1/JTAG_CONTROL_I/TDO_i_6_n_0
    SLICE_X33Y51         LUT6 (Prop_lut6_I4_O)        0.124    26.523 r  base_soc_i/mdm_1/U0/MDM_Core_I1/JTAG_CONTROL_I/TDO_i_1/O
                         net (fo=2, routed)           1.095    27.618    base_soc_i/mdm_1/U0/MDM_Core_I1/JTAG_CONTROL_I/TDO_dtm
    SLICE_X37Y53         LUT4 (Prop_lut4_I0_O)        0.150    27.768 r  base_soc_i/mdm_1/U0/MDM_Core_I1/JTAG_CONTROL_I/dmistat[1]_i_1/O
                         net (fo=1, routed)           0.000    27.768    base_soc_i/mdm_1/U0/MDM_Core_I1/JTAG_CONTROL_I/dmistat[1]_i_1_n_0
    SLICE_X37Y53         FDRE                                         r  base_soc_i/mdm_1/U0/MDM_Core_I1/JTAG_CONTROL_I/dmistat_reg[1]/D
  -------------------------------------------------------------------    -------------------

                         (clock base_soc_i/mdm_1/U0/Use_E2.BSCAN_I/Use_E2.BSCANE2_I/TCK rise edge)
                                                     33.333    33.333 r  
    BSCAN_X0Y1           BSCANE2                      0.000    33.333 r  base_soc_i/mdm_1/U0/Use_E2.BSCAN_I/Use_E2.BSCANE2_I/TCK
                         net (fo=2, routed)           1.359    34.692    base_soc_i/mdm_1/U0/Use_JTAG_BSCAN.BUFG_JTAG_TCK/lopt
    BUFGCTRL_X0Y1        BUFGCTRL (Prop_bufgctrl_I0_O)
                                                      0.091    34.783 r  base_soc_i/mdm_1/U0/Use_JTAG_BSCAN.BUFG_JTAG_TCK/Using_FPGA.Native/O
                         net (fo=31, routed)          0.133    34.916    base_soc_i/mdm_1/U0/MDM_Core_I1/JTAG_CONTROL_I/Test_Access_Port.BUFG_DRCK/Use_JTAG_BSCAN.tck_int
    BUFGCTRL_X0Y0        BUFGCTRL (Prop_bufgctrl_I0_O)
                                                      0.091    35.007 r  base_soc_i/mdm_1/U0/MDM_Core_I1/JTAG_CONTROL_I/Test_Access_Port.BUFG_DRCK/Using_FPGA.Native/O
                         net (fo=198, routed)         1.435    36.442    base_soc_i/mdm_1/U0/MDM_Core_I1/JTAG_CONTROL_I/Using_FPGA.Native
    SLICE_X37Y53         FDRE                                         r  base_soc_i/mdm_1/U0/MDM_Core_I1/JTAG_CONTROL_I/dmistat_reg[1]/C
                         clock pessimism              0.233    36.675    
                         clock uncertainty           -0.035    36.640    
    SLICE_X37Y53         FDRE (Setup_fdre_C_D)        0.075    36.715    base_soc_i/mdm_1/U0/MDM_Core_I1/JTAG_CONTROL_I/dmistat_reg[1]
  -------------------------------------------------------------------
                         required time                         36.715    
                         arrival time                         -27.768    
  -------------------------------------------------------------------
                         slack                                  8.947    





Min Delay Paths
--------------------------------------------------------------------------------------
Slack (MET) :             0.049ns  (arrival time - required time)
  Source:                 <hidden>
                            (rising edge-triggered cell FDRE clocked by base_soc_i/mdm_1/U0/Use_E2.BSCAN_I/Use_E2.BSCANE2_I/TCK  {rise@0.000ns fall@16.667ns period=33.333ns})
  Destination:            <hidden>
                            (rising edge-triggered cell FDRE clocked by base_soc_i/mdm_1/U0/Use_E2.BSCAN_I/Use_E2.BSCANE2_I/TCK  {rise@0.000ns fall@16.667ns period=33.333ns})
  Path Group:             base_soc_i/mdm_1/U0/Use_E2.BSCAN_I/Use_E2.BSCANE2_I/TCK
  Path Type:              Hold (Min at Fast Process Corner)
  Requirement:            0.000ns  (base_soc_i/mdm_1/U0/Use_E2.BSCAN_I/Use_E2.BSCANE2_I/TCK rise@0.000ns - base_soc_i/mdm_1/U0/Use_E2.BSCAN_I/Use_E2.BSCANE2_I/TCK rise@0.000ns)
  Data Path Delay:        0.392ns  (logic 0.141ns (35.997%)  route 0.251ns (64.003%))
  Logic Levels:           0  
  Clock Path Skew:        0.267ns (DCD - SCD - CPR)
    Destination Clock Delay (DCD):    1.619ns
    Source Clock Delay      (SCD):    1.243ns
    Clock Pessimism Removal (CPR):    0.109ns

    Location             Delay type                Incr(ns)  Path(ns)    Netlist Resource(s)
  -------------------------------------------------------------------    -------------------
                         (clock base_soc_i/mdm_1/U0/Use_E2.BSCAN_I/Use_E2.BSCANE2_I/TCK rise edge)
                                                      0.000     0.000 r  
    BSCAN_X0Y1           BSCANE2                      0.000     0.000 r  base_soc_i/mdm_1/U0/Use_E2.BSCAN_I/Use_E2.BSCANE2_I/TCK
                         net (fo=2, routed)           0.597     0.597    base_soc_i/mdm_1/U0/Use_JTAG_BSCAN.BUFG_JTAG_TCK/lopt
    BUFGCTRL_X0Y1        BUFGCTRL (Prop_bufgctrl_I0_O)
                                                      0.026     0.623 r  base_soc_i/mdm_1/U0/Use_JTAG_BSCAN.BUFG_JTAG_TCK/Using_FPGA.Native/O
                         net (fo=31, routed)          0.030     0.653    base_soc_i/mdm_1/U0/MDM_Core_I1/JTAG_CONTROL_I/Test_Access_Port.BUFG_DRCK/Use_JTAG_BSCAN.tck_int
    BUFGCTRL_X0Y0        BUFGCTRL (Prop_bufgctrl_I0_O)
                                                      0.026     0.679 r  base_soc_i/mdm_1/U0/MDM_Core_I1/JTAG_CONTROL_I/Test_Access_Port.BUFG_DRCK/Using_FPGA.Native/O
                         net (fo=198, routed)         0.564     1.243    <hidden>
    SLICE_X39Y49         FDRE                                         r  <hidden>
  -------------------------------------------------------------------    -------------------
    SLICE_X39Y49         FDRE (Prop_fdre_C_Q)         0.141     1.384 r  <hidden>
                         net (fo=4, routed)           0.251     1.635    <hidden>
    SLICE_X37Y50         FDRE                                         r  <hidden>
  -------------------------------------------------------------------    -------------------

                         (clock base_soc_i/mdm_1/U0/Use_E2.BSCAN_I/Use_E2.BSCANE2_I/TCK rise edge)
                                                      0.000     0.000 r  
    BSCAN_X0Y1           BSCANE2                      0.000     0.000 r  base_soc_i/mdm_1/U0/Use_E2.BSCAN_I/Use_E2.BSCANE2_I/TCK
                         net (fo=2, routed)           0.697     0.697    base_soc_i/mdm_1/U0/Use_JTAG_BSCAN.BUFG_JTAG_TCK/lopt
    BUFGCTRL_X0Y1        BUFGCTRL (Prop_bufgctrl_I0_O)
                                                      0.029     0.726 r  base_soc_i/mdm_1/U0/Use_JTAG_BSCAN.BUFG_JTAG_TCK/Using_FPGA.Native/O
                         net (fo=31, routed)          0.033     0.759    base_soc_i/mdm_1/U0/MDM_Core_I1/JTAG_CONTROL_I/Test_Access_Port.BUFG_DRCK/Use_JTAG_BSCAN.tck_int
    BUFGCTRL_X0Y0        BUFGCTRL (Prop_bufgctrl_I0_O)
                                                      0.029     0.788 r  base_soc_i/mdm_1/U0/MDM_Core_I1/JTAG_CONTROL_I/Test_Access_Port.BUFG_DRCK/Using_FPGA.Native/O
                         net (fo=198, routed)         0.830     1.619    <hidden>
    SLICE_X37Y50         FDRE                                         r  <hidden>
                         clock pessimism             -0.109     1.510    
    SLICE_X37Y50         FDRE (Hold_fdre_C_D)         0.076     1.586    <hidden>
  -------------------------------------------------------------------
                         required time                         -1.586    
                         arrival time                           1.635    
  -------------------------------------------------------------------
                         slack                                  0.049    





Pulse Width Checks
--------------------------------------------------------------------------------------
Clock Name:         base_soc_i/mdm_1/U0/Use_E2.BSCAN_I/Use_E2.BSCANE2_I/TCK
Waveform(ns):       { 0.000 16.667 }
Period(ns):         33.333
Sources:            { base_soc_i/mdm_1/U0/Use_E2.BSCAN_I/Use_E2.BSCANE2_I/TCK }

Check Type        Corner  Lib Pin      Reference Pin  Required(ns)  Actual(ns)  Slack(ns)  Location       Pin
Min Period        n/a     BUFGCTRL/I0  n/a            2.155         33.333      31.178     BUFGCTRL_X0Y0  base_soc_i/mdm_1/U0/MDM_Core_I1/JTAG_CONTROL_I/Test_Access_Port.BUFG_DRCK/Using_FPGA.Native/I0
Low Pulse Width   Slow    SRL16E/CLK   n/a            0.980         16.666      15.686     SLICE_X30Y49   base_soc_i/mdm_1/U0/Use_JTAG_BSCAN.bscanid_reg[13]_srl7___Use_JTAG_BSCAN.bscanid_reg_r_5/CLK
High Pulse Width  Slow    SRL16E/CLK   n/a            0.980         16.666      15.686     SLICE_X30Y49   base_soc_i/mdm_1/U0/Use_JTAG_BSCAN.bscanid_reg[13]_srl7___Use_JTAG_BSCAN.bscanid_reg_r_5/CLK



---------------------------------------------------------------------------------------------------
From Clock:  base_soc_i/mdm_1/U0/MDM_Core_I1/JTAG_CONTROL_I/Test_Access_Port.BUFG_UPDATE/Using_FPGA.Native/O
  To Clock:  base_soc_i/mdm_1/U0/MDM_Core_I1/JTAG_CONTROL_I/Test_Access_Port.BUFG_UPDATE/Using_FPGA.Native/O

Setup :            0  Failing Endpoints,  Worst Slack       58.765ns,  Total Violation        0.000ns
Hold  :            0  Failing Endpoints,  Worst Slack        0.263ns,  Total Violation        0.000ns
PW    :            0  Failing Endpoints,  Worst Slack       32.833ns,  Total Violation        0.000ns
---------------------------------------------------------------------------------------------------


Max Delay Paths
--------------------------------------------------------------------------------------
Slack (MET) :             58.765ns  (required time - arrival time)
  Source:                 base_soc_i/mdm_1/U0/MDM_Core_I1/JTAG_CONTROL_I/command_reg[6]/C
                            (rising edge-triggered cell FDRE clocked by base_soc_i/mdm_1/U0/MDM_Core_I1/JTAG_CONTROL_I/Test_Access_Port.BUFG_UPDATE/Using_FPGA.Native/O  {rise@0.000ns fall@33.333ns period=66.666ns})
  Destination:            <hidden>
                            (rising edge-triggered cell FDRE clocked by base_soc_i/mdm_1/U0/MDM_Core_I1/JTAG_CONTROL_I/Test_Access_Port.BUFG_UPDATE/Using_FPGA.Native/O  {rise@0.000ns fall@33.333ns period=66.666ns})
  Path Group:             base_soc_i/mdm_1/U0/MDM_Core_I1/JTAG_CONTROL_I/Test_Access_Port.BUFG_UPDATE/Using_FPGA.Native/O
  Path Type:              Setup (Max at Slow Process Corner)
  Requirement:            66.666ns  (base_soc_i/mdm_1/U0/MDM_Core_I1/JTAG_CONTROL_I/Test_Access_Port.BUFG_UPDATE/Using_FPGA.Native/O rise@66.666ns - base_soc_i/mdm_1/U0/MDM_Core_I1/JTAG_CONTROL_I/Test_Access_Port.BUFG_UPDATE/Using_FPGA.Native/O rise@0.000ns)
  Data Path Delay:        7.555ns  (logic 1.200ns (15.883%)  route 6.355ns (84.117%))
  Logic Levels:           6  (LUT4=2 LUT6=4)
  Clock Path Skew:        -0.106ns (DCD - SCD + CPR)
    Destination Clock Delay (DCD):    5.627ns = ( 72.293 - 66.666 ) 
    Source Clock Delay      (SCD):    6.298ns
    Clock Pessimism Removal (CPR):    0.565ns
  Clock Uncertainty:      0.035ns  ((TSJ^2 + TIJ^2)^1/2 + DJ) / 2 + PE
    Total System Jitter     (TSJ):    0.071ns
    Total Input Jitter      (TIJ):    0.000ns
    Discrete Jitter          (DJ):    0.000ns
    Phase Error              (PE):    0.000ns

    Location             Delay type                Incr(ns)  Path(ns)    Netlist Resource(s)
  -------------------------------------------------------------------    -------------------
                         (clock base_soc_i/mdm_1/U0/MDM_Core_I1/JTAG_CONTROL_I/Test_Access_Port.BUFG_UPDATE/Using_FPGA.Native/O rise edge)
                                                      0.000     0.000 r  
    BSCAN_X0Y1           BSCANE2                      0.000     0.000 f  base_soc_i/mdm_1/U0/Use_E2.BSCAN_I/Use_E2.BSCANE2_I/TCK
                         net (fo=2, routed)           1.587     1.587    base_soc_i/mdm_1/U0/Use_JTAG_BSCAN.BUFG_JTAG_TCK/lopt
    BUFGCTRL_X0Y1        BUFGCTRL (Prop_bufgctrl_I0_O)
                                                      0.096     1.683 f  base_soc_i/mdm_1/U0/Use_JTAG_BSCAN.BUFG_JTAG_TCK/Using_FPGA.Native/O
                         net (fo=31, routed)          1.554     3.237    base_soc_i/mdm_1/U0/MDM_Core_I1/JTAG_CONTROL_I/Use_JTAG_BSCAN.tck_int
    SLICE_X32Y51         FDRE (Prop_fdre_C_Q)         0.459     3.696 r  base_soc_i/mdm_1/U0/MDM_Core_I1/JTAG_CONTROL_I/Test_Access_Port.update_unbuf_reg/Q
                         net (fo=1, routed)           0.952     4.649    base_soc_i/mdm_1/U0/MDM_Core_I1/JTAG_CONTROL_I/Test_Access_Port.BUFG_UPDATE/Test_Access_Port.update_unbuf
    BUFGCTRL_X0Y3        BUFG (Prop_bufg_I_O)         0.096     4.745 r  base_soc_i/mdm_1/U0/MDM_Core_I1/JTAG_CONTROL_I/Test_Access_Port.BUFG_UPDATE/Using_FPGA.Native/O
                         net (fo=99, routed)          1.553     6.298    base_soc_i/mdm_1/U0/MDM_Core_I1/JTAG_CONTROL_I/Using_FPGA.Native_0
    SLICE_X35Y51         FDRE                                         r  base_soc_i/mdm_1/U0/MDM_Core_I1/JTAG_CONTROL_I/command_reg[6]/C
  -------------------------------------------------------------------    -------------------
    SLICE_X35Y51         FDRE (Prop_fdre_C_Q)         0.456     6.754 f  base_soc_i/mdm_1/U0/MDM_Core_I1/JTAG_CONTROL_I/command_reg[6]/Q
                         net (fo=7, routed)           1.271     8.025    base_soc_i/mdm_1/U0/MDM_Core_I1/JTAG_CONTROL_I/command[6]
    SLICE_X35Y51         LUT4 (Prop_lut4_I3_O)        0.124     8.149 f  base_soc_i/mdm_1/U0/MDM_Core_I1/JTAG_CONTROL_I/Dbg_Reg_En_0[1]_INST_0/O
                         net (fo=3, routed)           0.840     8.989    <hidden>
    SLICE_X37Y51         LUT6 (Prop_lut6_I4_O)        0.124     9.113 f  <hidden>
                         net (fo=2, routed)           0.820     9.933    <hidden>
    SLICE_X37Y52         LUT6 (Prop_lut6_I5_O)        0.124    10.057 r  <hidden>
                         net (fo=6, routed)           0.602    10.659    <hidden>
    SLICE_X41Y52         LUT6 (Prop_lut6_I5_O)        0.124    10.783 f  <hidden>
                         net (fo=5, routed)           0.782    11.564    <hidden>
    SLICE_X43Y52         LUT4 (Prop_lut4_I3_O)        0.124    11.688 f  <hidden>
                         net (fo=1, routed)           0.618    12.306    <hidden>
    SLICE_X42Y54         LUT6 (Prop_lut6_I5_O)        0.124    12.430 r  <hidden>
                         net (fo=32, routed)          1.423    13.853    <hidden>
    SLICE_X40Y46         FDRE                                         r  <hidden>
  -------------------------------------------------------------------    -------------------

                         (clock base_soc_i/mdm_1/U0/MDM_Core_I1/JTAG_CONTROL_I/Test_Access_Port.BUFG_UPDATE/Using_FPGA.Native/O rise edge)
                                                     66.666    66.666 f  
    BSCAN_X0Y1           BSCANE2                      0.000    66.666 f  base_soc_i/mdm_1/U0/Use_E2.BSCAN_I/Use_E2.BSCANE2_I/TCK
                         net (fo=2, routed)           1.359    68.025    base_soc_i/mdm_1/U0/Use_JTAG_BSCAN.BUFG_JTAG_TCK/lopt
    BUFGCTRL_X0Y1        BUFGCTRL (Prop_bufgctrl_I0_O)
                                                      0.091    68.116 f  base_soc_i/mdm_1/U0/Use_JTAG_BSCAN.BUFG_JTAG_TCK/Using_FPGA.Native/O
                         net (fo=31, routed)          1.436    69.552    base_soc_i/mdm_1/U0/MDM_Core_I1/JTAG_CONTROL_I/Use_JTAG_BSCAN.tck_int
    SLICE_X32Y51         FDRE (Prop_fdre_C_Q)         0.370    69.922 r  base_soc_i/mdm_1/U0/MDM_Core_I1/JTAG_CONTROL_I/Test_Access_Port.update_unbuf_reg/Q
                         net (fo=1, routed)           0.832    70.754    base_soc_i/mdm_1/U0/MDM_Core_I1/JTAG_CONTROL_I/Test_Access_Port.BUFG_UPDATE/Test_Access_Port.update_unbuf
    BUFGCTRL_X0Y3        BUFG (Prop_bufg_I_O)         0.091    70.845 r  base_soc_i/mdm_1/U0/MDM_Core_I1/JTAG_CONTROL_I/Test_Access_Port.BUFG_UPDATE/Using_FPGA.Native/O
                         net (fo=99, routed)          1.447    72.293    <hidden>
    SLICE_X40Y46         FDRE                                         r  <hidden>
                         clock pessimism              0.565    72.858    
                         clock uncertainty           -0.035    72.823    
    SLICE_X40Y46         FDRE (Setup_fdre_C_CE)      -0.205    72.618    <hidden>
  -------------------------------------------------------------------
                         required time                         72.618    
                         arrival time                         -13.853    
  -------------------------------------------------------------------
                         slack                                 58.765    





Min Delay Paths
--------------------------------------------------------------------------------------
Slack (MET) :             0.263ns  (arrival time - required time)
  Source:                 <hidden>
                            (rising edge-triggered cell FDCE clocked by base_soc_i/mdm_1/U0/MDM_Core_I1/JTAG_CONTROL_I/Test_Access_Port.BUFG_UPDATE/Using_FPGA.Native/O  {rise@0.000ns fall@33.333ns period=66.666ns})
  Destination:            <hidden>
                            (rising edge-triggered cell FDCE clocked by base_soc_i/mdm_1/U0/MDM_Core_I1/JTAG_CONTROL_I/Test_Access_Port.BUFG_UPDATE/Using_FPGA.Native/O  {rise@0.000ns fall@33.333ns period=66.666ns})
  Path Group:             base_soc_i/mdm_1/U0/MDM_Core_I1/JTAG_CONTROL_I/Test_Access_Port.BUFG_UPDATE/Using_FPGA.Native/O
  Path Type:              Hold (Min at Fast Process Corner)
  Requirement:            0.000ns  (base_soc_i/mdm_1/U0/MDM_Core_I1/JTAG_CONTROL_I/Test_Access_Port.BUFG_UPDATE/Using_FPGA.Native/O rise@0.000ns - base_soc_i/mdm_1/U0/MDM_Core_I1/JTAG_CONTROL_I/Test_Access_Port.BUFG_UPDATE/Using_FPGA.Native/O rise@0.000ns)
  Data Path Delay:        0.354ns  (logic 0.186ns (52.507%)  route 0.168ns (47.493%))
  Logic Levels:           1  (LUT6=1)
  Clock Path Skew:        0.000ns (DCD - SCD - CPR)
    Destination Clock Delay (DCD):    3.009ns
    Source Clock Delay      (SCD):    2.278ns
    Clock Pessimism Removal (CPR):    0.731ns

    Location             Delay type                Incr(ns)  Path(ns)    Netlist Resource(s)
  -------------------------------------------------------------------    -------------------
                         (clock base_soc_i/mdm_1/U0/MDM_Core_I1/JTAG_CONTROL_I/Test_Access_Port.BUFG_UPDATE/Using_FPGA.Native/O rise edge)
                                                      0.000     0.000 r  
    BSCAN_X0Y1           BSCANE2                      0.000     0.000 f  base_soc_i/mdm_1/U0/Use_E2.BSCAN_I/Use_E2.BSCANE2_I/TCK
                         net (fo=2, routed)           0.597     0.597    base_soc_i/mdm_1/U0/Use_JTAG_BSCAN.BUFG_JTAG_TCK/lopt
    BUFGCTRL_X0Y1        BUFGCTRL (Prop_bufgctrl_I0_O)
                                                      0.026     0.623 f  base_soc_i/mdm_1/U0/Use_JTAG_BSCAN.BUFG_JTAG_TCK/Using_FPGA.Native/O
                         net (fo=31, routed)          0.562     1.185    base_soc_i/mdm_1/U0/MDM_Core_I1/JTAG_CONTROL_I/Use_JTAG_BSCAN.tck_int
    SLICE_X32Y51         FDRE (Prop_fdre_C_Q)         0.146     1.331 r  base_soc_i/mdm_1/U0/MDM_Core_I1/JTAG_CONTROL_I/Test_Access_Port.update_unbuf_reg/Q
                         net (fo=1, routed)           0.358     1.689    base_soc_i/mdm_1/U0/MDM_Core_I1/JTAG_CONTROL_I/Test_Access_Port.BUFG_UPDATE/Test_Access_Port.update_unbuf
    BUFGCTRL_X0Y3        BUFG (Prop_bufg_I_O)         0.026     1.715 r  base_soc_i/mdm_1/U0/MDM_Core_I1/JTAG_CONTROL_I/Test_Access_Port.BUFG_UPDATE/Using_FPGA.Native/O
                         net (fo=99, routed)          0.563     2.278    <hidden>
    SLICE_X45Y52         FDCE                                         r  <hidden>
  -------------------------------------------------------------------    -------------------
    SLICE_X45Y52         FDCE (Prop_fdce_C_Q)         0.141     2.419 r  <hidden>
                         net (fo=2, routed)           0.168     2.587    <hidden>
    SLICE_X45Y52         LUT6 (Prop_lut6_I5_O)        0.045     2.632 r  <hidden>
                         net (fo=1, routed)           0.000     2.632    <hidden>
    SLICE_X45Y52         FDCE                                         r  <hidden>
  -------------------------------------------------------------------    -------------------

                         (clock base_soc_i/mdm_1/U0/MDM_Core_I1/JTAG_CONTROL_I/Test_Access_Port.BUFG_UPDATE/Using_FPGA.Native/O rise edge)
                                                      0.000     0.000 f  
    BSCAN_X0Y1           BSCANE2                      0.000     0.000 f  base_soc_i/mdm_1/U0/Use_E2.BSCAN_I/Use_E2.BSCANE2_I/TCK
                         net (fo=2, routed)           0.697     0.697    base_soc_i/mdm_1/U0/Use_JTAG_BSCAN.BUFG_JTAG_TCK/lopt
    BUFGCTRL_X0Y1        BUFGCTRL (Prop_bufgctrl_I0_O)
                                                      0.029     0.726 f  base_soc_i/mdm_1/U0/Use_JTAG_BSCAN.BUFG_JTAG_TCK/Using_FPGA.Native/O
                         net (fo=31, routed)          0.830     1.557    base_soc_i/mdm_1/U0/MDM_Core_I1/JTAG_CONTROL_I/Use_JTAG_BSCAN.tck_int
    SLICE_X32Y51         FDRE (Prop_fdre_C_Q)         0.182     1.739 r  base_soc_i/mdm_1/U0/MDM_Core_I1/JTAG_CONTROL_I/Test_Access_Port.update_unbuf_reg/Q
                         net (fo=1, routed)           0.408     2.147    base_soc_i/mdm_1/U0/MDM_Core_I1/JTAG_CONTROL_I/Test_Access_Port.BUFG_UPDATE/Test_Access_Port.update_unbuf
    BUFGCTRL_X0Y3        BUFG (Prop_bufg_I_O)         0.029     2.176 r  base_soc_i/mdm_1/U0/MDM_Core_I1/JTAG_CONTROL_I/Test_Access_Port.BUFG_UPDATE/Using_FPGA.Native/O
                         net (fo=99, routed)          0.833     3.009    <hidden>
    SLICE_X45Y52         FDCE                                         r  <hidden>
                         clock pessimism             -0.731     2.278    
    SLICE_X45Y52         FDCE (Hold_fdce_C_D)         0.091     2.369    <hidden>
  -------------------------------------------------------------------
                         required time                         -2.369    
                         arrival time                           2.632    
  -------------------------------------------------------------------
                         slack                                  0.263    





Pulse Width Checks
--------------------------------------------------------------------------------------
Clock Name:         base_soc_i/mdm_1/U0/MDM_Core_I1/JTAG_CONTROL_I/Test_Access_Port.BUFG_UPDATE/Using_FPGA.Native/O
Waveform(ns):       { 0.000 33.333 }
Period(ns):         66.666
Sources:            { base_soc_i/mdm_1/U0/MDM_Core_I1/JTAG_CONTROL_I/Test_Access_Port.BUFG_UPDATE/Using_FPGA.Native/O }

Check Type        Corner  Lib Pin  Reference Pin  Required(ns)  Actual(ns)  Slack(ns)  Location      Pin
Min Period        n/a     FDRE/C   n/a            1.000         66.666      65.666     SLICE_X33Y51  base_soc_i/mdm_1/U0/MDM_Core_I1/JTAG_CONTROL_I/command_reg[0]/C
Low Pulse Width   Slow    FDRE/C   n/a            0.500         33.333      32.833     SLICE_X33Y51  base_soc_i/mdm_1/U0/MDM_Core_I1/JTAG_CONTROL_I/command_reg[0]/C
High Pulse Width  Slow    FDRE/C   n/a            0.500         33.333      32.833     SLICE_X33Y51  base_soc_i/mdm_1/U0/MDM_Core_I1/JTAG_CONTROL_I/command_reg[0]/C



---------------------------------------------------------------------------------------------------
From Clock:  sys_clock
  To Clock:  sys_clock

Setup :           NA  Failing Endpoints,  Worst Slack           NA  ,  Total Violation           NA
Hold  :           NA  Failing Endpoints,  Worst Slack           NA  ,  Total Violation           NA
PW    :            0  Failing Endpoints,  Worst Slack        3.000ns,  Total Violation        0.000ns
---------------------------------------------------------------------------------------------------


Pulse Width Checks
--------------------------------------------------------------------------------------
Clock Name:         sys_clock
Waveform(ns):       { 0.000 5.000 }
Period(ns):         10.000
Sources:            { sys_clock }

Check Type        Corner  Lib Pin            Reference Pin  Required(ns)  Actual(ns)  Slack(ns)  Location         Pin
Min Period        n/a     MMCME2_ADV/CLKIN1  n/a            1.249         10.000      8.751      MMCME2_ADV_X1Y0  base_soc_i/clk_wiz/inst/mmcm_adv_inst/CLKIN1
Max Period        n/a     MMCME2_ADV/CLKIN1  n/a            100.000       10.000      90.000     MMCME2_ADV_X1Y0  base_soc_i/clk_wiz/inst/mmcm_adv_inst/CLKIN1
Low Pulse Width   Slow    MMCME2_ADV/CLKIN1  n/a            2.000         5.000       3.000      MMCME2_ADV_X1Y0  base_soc_i/clk_wiz/inst/mmcm_adv_inst/CLKIN1
High Pulse Width  Slow    MMCME2_ADV/CLKIN1  n/a            2.000         5.000       3.000      MMCME2_ADV_X1Y0  base_soc_i/clk_wiz/inst/mmcm_adv_inst/CLKIN1



---------------------------------------------------------------------------------------------------
From Clock:  clk_out1_base_soc_clk_wiz_0
  To Clock:  clk_out1_base_soc_clk_wiz_0

Setup :            0  Failing Endpoints,  Worst Slack        0.939ns,  Total Violation        0.000ns
Hold  :            0  Failing Endpoints,  Worst Slack        0.047ns,  Total Violation        0.000ns
PW    :            0  Failing Endpoints,  Worst Slack        3.750ns,  Total Violation        0.000ns
---------------------------------------------------------------------------------------------------


Max Delay Paths
--------------------------------------------------------------------------------------
Slack (MET) :             0.939ns  (required time - arrival time)
  Source:                 <hidden>
                            (rising edge-triggered cell FDRE clocked by clk_out1_base_soc_clk_wiz_0  {rise@0.000ns fall@5.000ns period=10.000ns})
  Destination:            <hidden>
                            (rising edge-triggered cell FDRE clocked by clk_out1_base_soc_clk_wiz_0  {rise@0.000ns fall@5.000ns period=10.000ns})
  Path Group:             clk_out1_base_soc_clk_wiz_0
  Path Type:              Setup (Max at Slow Process Corner)
  Requirement:            10.000ns  (clk_out1_base_soc_clk_wiz_0 rise@10.000ns - clk_out1_base_soc_clk_wiz_0 rise@0.000ns)
  Data Path Delay:        8.146ns  (logic 2.286ns (28.063%)  route 5.860ns (71.937%))
  Logic Levels:           7  (CARRY4=1 LUT2=1 LUT3=1 LUT5=2 LUT6=2)
  Clock Path Skew:        -0.109ns (DCD - SCD + CPR)
    Destination Clock Delay (DCD):    -1.478ns = ( 8.522 - 10.000 ) 
    Source Clock Delay      (SCD):    -0.886ns
    Clock Pessimism Removal (CPR):    0.484ns
  Clock Uncertainty:      0.074ns  ((TSJ^2 + DJ^2)^1/2) / 2 + PE
    Total System Jitter     (TSJ):    0.071ns
    Discrete Jitter          (DJ):    0.131ns
    Phase Error              (PE):    0.000ns

    Location             Delay type                Incr(ns)  Path(ns)    Netlist Resource(s)
  -------------------------------------------------------------------    -------------------
                         (clock clk_out1_base_soc_clk_wiz_0 rise edge)
                                                      0.000     0.000 r  
    W5                                                0.000     0.000 r  sys_clock (IN)
                         net (fo=0)                   0.000     0.000    base_soc_i/clk_wiz/inst/clk_in1
    W5                   IBUF (Prop_ibuf_I_O)         1.458     1.458 r  base_soc_i/clk_wiz/inst/clkin1_ibufg/O
                         net (fo=1, routed)           1.233     2.691    base_soc_i/clk_wiz/inst/clk_in1_base_soc_clk_wiz_0
    MMCME2_ADV_X1Y0      MMCME2_ADV (Prop_mmcme2_adv_CLKIN1_CLKOUT0)
                                                     -6.961    -4.269 r  base_soc_i/clk_wiz/inst/mmcm_adv_inst/CLKOUT0
                         net (fo=1, routed)           1.661    -2.608    base_soc_i/clk_wiz/inst/clk_out1_base_soc_clk_wiz_0
    BUFGCTRL_X0Y2        BUFG (Prop_bufg_I_O)         0.096    -2.512 r  base_soc_i/clk_wiz/inst/clkout1_buf/O
                         net (fo=2512, routed)        1.626    -0.886    <hidden>
    SLICE_X58Y50         FDRE                                         r  <hidden>
  -------------------------------------------------------------------    -------------------
    SLICE_X58Y50         FDRE (Prop_fdre_C_Q)         0.419    -0.467 r  <hidden>
                         net (fo=4, routed)           1.264     0.798    <hidden>
    SLICE_X58Y50         LUT6 (Prop_lut6_I0_O)        0.299     1.097 r  <hidden>
                         net (fo=4, routed)           0.653     1.750    <hidden>
    SLICE_X56Y50         LUT5 (Prop_lut5_I4_O)        0.124     1.874 f  <hidden>
                         net (fo=31, routed)          0.531     2.404    <hidden>
    SLICE_X57Y50         LUT5 (Prop_lut5_I1_O)        0.150     2.554 r  <hidden>
                         net (fo=40, routed)          0.548     3.103    <hidden>
    SLICE_X55Y49         LUT3 (Prop_lut3_I2_O)        0.326     3.429 f  <hidden>
                         net (fo=2, routed)           0.742     4.171    <hidden>
    SLICE_X49Y51         LUT6 (Prop_lut6_I5_O)        0.124     4.295 r  <hidden>
                         net (fo=1, routed)           0.000     4.295    <hidden>
    SLICE_X49Y51         CARRY4 (Prop_carry4_S[0]_CO[2])
                                                      0.536     4.831 r  <hidden>
                         net (fo=263, routed)         0.867     5.697    <hidden>
    SLICE_X55Y50         LUT2 (Prop_lut2_I1_O)        0.308     6.005 r  <hidden>
                         net (fo=28, routed)          1.255     7.260    <hidden>
    SLICE_X64Y40         FDRE                                         r  <hidden>
  -------------------------------------------------------------------    -------------------

                         (clock clk_out1_base_soc_clk_wiz_0 rise edge)
                                                     10.000    10.000 r  
    W5                                                0.000    10.000 r  sys_clock (IN)
                         net (fo=0)                   0.000    10.000    base_soc_i/clk_wiz/inst/clk_in1
    W5                   IBUF (Prop_ibuf_I_O)         1.388    11.388 r  base_soc_i/clk_wiz/inst/clkin1_ibufg/O
                         net (fo=1, routed)           1.162    12.550    base_soc_i/clk_wiz/inst/clk_in1_base_soc_clk_wiz_0
    MMCME2_ADV_X1Y0      MMCME2_ADV (Prop_mmcme2_adv_CLKIN1_CLKOUT0)
                                                     -7.217     5.332 r  base_soc_i/clk_wiz/inst/mmcm_adv_inst/CLKOUT0
                         net (fo=1, routed)           1.581     6.914    base_soc_i/clk_wiz/inst/clk_out1_base_soc_clk_wiz_0
    BUFGCTRL_X0Y2        BUFG (Prop_bufg_I_O)         0.091     7.005 r  base_soc_i/clk_wiz/inst/clkout1_buf/O
                         net (fo=2512, routed)        1.517     8.522    <hidden>
    SLICE_X64Y40         FDRE                                         r  <hidden>
                         clock pessimism              0.484     9.005    
                         clock uncertainty           -0.074     8.931    
    SLICE_X64Y40         FDRE (Setup_fdre_C_R)       -0.732     8.199    <hidden>
  -------------------------------------------------------------------
                         required time                          8.199    
                         arrival time                          -7.260    
  -------------------------------------------------------------------
                         slack                                  0.939    





Min Delay Paths
--------------------------------------------------------------------------------------
Slack (MET) :             0.047ns  (arrival time - required time)
  Source:                 base_soc_i/axi_gpio_test_ctrl/U0/gpio_core_1/Dual.ALLOUT0_ND_G1.READ_REG_GEN[12].reg1_reg[18]/C
                            (rising edge-triggered cell FDRE clocked by clk_out1_base_soc_clk_wiz_0  {rise@0.000ns fall@5.000ns period=10.000ns})
  Destination:            base_soc_i/axi_gpio_test_ctrl/U0/ip2bus_data_i_D1_reg[18]/D
                            (rising edge-triggered cell FDRE clocked by clk_out1_base_soc_clk_wiz_0  {rise@0.000ns fall@5.000ns period=10.000ns})
  Path Group:             clk_out1_base_soc_clk_wiz_0
  Path Type:              Hold (Min at Fast Process Corner)
  Requirement:            0.000ns  (clk_out1_base_soc_clk_wiz_0 rise@0.000ns - clk_out1_base_soc_clk_wiz_0 rise@0.000ns)
  Data Path Delay:        0.402ns  (logic 0.209ns (51.988%)  route 0.193ns (48.012%))
  Logic Levels:           1  (LUT6=1)
  Clock Path Skew:        0.263ns (DCD - SCD - CPR)
    Destination Clock Delay (DCD):    -0.862ns
    Source Clock Delay      (SCD):    -0.621ns
    Clock Pessimism Removal (CPR):    -0.503ns

    Location             Delay type                Incr(ns)  Path(ns)    Netlist Resource(s)
  -------------------------------------------------------------------    -------------------
                         (clock clk_out1_base_soc_clk_wiz_0 rise edge)
                                                      0.000     0.000 r  
    W5                                                0.000     0.000 r  sys_clock (IN)
                         net (fo=0)                   0.000     0.000    base_soc_i/clk_wiz/inst/clk_in1
    W5                   IBUF (Prop_ibuf_I_O)         0.226     0.226 r  base_soc_i/clk_wiz/inst/clkin1_ibufg/O
                         net (fo=1, routed)           0.440     0.667    base_soc_i/clk_wiz/inst/clk_in1_base_soc_clk_wiz_0
    MMCME2_ADV_X1Y0      MMCME2_ADV (Prop_mmcme2_adv_CLKIN1_CLKOUT0)
                                                     -2.360    -1.693 r  base_soc_i/clk_wiz/inst/mmcm_adv_inst/CLKOUT0
                         net (fo=1, routed)           0.486    -1.207    base_soc_i/clk_wiz/inst/clk_out1_base_soc_clk_wiz_0
    BUFGCTRL_X0Y2        BUFG (Prop_bufg_I_O)         0.026    -1.181 r  base_soc_i/clk_wiz/inst/clkout1_buf/O
                         net (fo=2512, routed)        0.560    -0.621    base_soc_i/axi_gpio_test_ctrl/U0/gpio_core_1/s_axi_aclk
    SLICE_X34Y39         FDRE                                         r  base_soc_i/axi_gpio_test_ctrl/U0/gpio_core_1/Dual.ALLOUT0_ND_G1.READ_REG_GEN[12].reg1_reg[18]/C
  -------------------------------------------------------------------    -------------------
    SLICE_X34Y39         FDRE (Prop_fdre_C_Q)         0.164    -0.457 r  base_soc_i/axi_gpio_test_ctrl/U0/gpio_core_1/Dual.ALLOUT0_ND_G1.READ_REG_GEN[12].reg1_reg[18]/Q
                         net (fo=1, routed)           0.193    -0.264    base_soc_i/axi_gpio_test_ctrl/U0/AXI_LITE_IPIF_I/I_SLAVE_ATTACHMENT/I_DECODER/reg1[13]
    SLICE_X36Y37         LUT6 (Prop_lut6_I0_O)        0.045    -0.219 r  base_soc_i/axi_gpio_test_ctrl/U0/AXI_LITE_IPIF_I/I_SLAVE_ATTACHMENT/I_DECODER/ip2bus_data_i_D1[18]_i_1/O
                         net (fo=1, routed)           0.000    -0.219    base_soc_i/axi_gpio_test_ctrl/U0/ip2bus_data[18]
    SLICE_X36Y37         FDRE                                         r  base_soc_i/axi_gpio_test_ctrl/U0/ip2bus_data_i_D1_reg[18]/D
  -------------------------------------------------------------------    -------------------

                         (clock clk_out1_base_soc_clk_wiz_0 rise edge)
                                                      0.000     0.000 r  
    W5                                                0.000     0.000 r  sys_clock (IN)
                         net (fo=0)                   0.000     0.000    base_soc_i/clk_wiz/inst/clk_in1
    W5                   IBUF (Prop_ibuf_I_O)         0.414     0.414 r  base_soc_i/clk_wiz/inst/clkin1_ibufg/O
                         net (fo=1, routed)           0.480     0.894    base_soc_i/clk_wiz/inst/clk_in1_base_soc_clk_wiz_0
    MMCME2_ADV_X1Y0      MMCME2_ADV (Prop_mmcme2_adv_CLKIN1_CLKOUT0)
                                                     -3.142    -2.248 r  base_soc_i/clk_wiz/inst/mmcm_adv_inst/CLKOUT0
                         net (fo=1, routed)           0.530    -1.718    base_soc_i/clk_wiz/inst/clk_out1_base_soc_clk_wiz_0
    BUFGCTRL_X0Y2        BUFG (Prop_bufg_I_O)         0.029    -1.689 r  base_soc_i/clk_wiz/inst/clkout1_buf/O
                         net (fo=2512, routed)        0.828    -0.862    base_soc_i/axi_gpio_test_ctrl/U0/s_axi_aclk
    SLICE_X36Y37         FDRE                                         r  base_soc_i/axi_gpio_test_ctrl/U0/ip2bus_data_i_D1_reg[18]/C
                         clock pessimism              0.503    -0.358    
    SLICE_X36Y37         FDRE (Hold_fdre_C_D)         0.092    -0.266    base_soc_i/axi_gpio_test_ctrl/U0/ip2bus_data_i_D1_reg[18]
  -------------------------------------------------------------------
                         required time                          0.266    
                         arrival time                          -0.219    
  -------------------------------------------------------------------
                         slack                                  0.047    





Pulse Width Checks
--------------------------------------------------------------------------------------
Clock Name:         clk_out1_base_soc_clk_wiz_0
Waveform(ns):       { 0.000 5.000 }
Period(ns):         10.000
Sources:            { base_soc_i/clk_wiz/inst/mmcm_adv_inst/CLKOUT0 }

Check Type        Corner  Lib Pin             Reference Pin  Required(ns)  Actual(ns)  Slack(ns)  Location         Pin
Min Period        n/a     RAMB36E1/CLKARDCLK  n/a            2.576         10.000      7.424      RAMB36_X1Y4      <hidden>
Max Period        n/a     MMCME2_ADV/CLKOUT0  n/a            213.360       10.000      203.360    MMCME2_ADV_X1Y0  base_soc_i/clk_wiz/inst/mmcm_adv_inst/CLKOUT0
Low Pulse Width   Slow    RAMD32/CLK          n/a            1.250         5.000       3.750      SLICE_X46Y46     <hidden>
High Pulse Width  Slow    RAMD32/CLK          n/a            1.250         5.000       3.750      SLICE_X46Y46     <hidden>



---------------------------------------------------------------------------------------------------
From Clock:  clkfbout_base_soc_clk_wiz_0
  To Clock:  clkfbout_base_soc_clk_wiz_0

Setup :           NA  Failing Endpoints,  Worst Slack           NA  ,  Total Violation           NA
Hold  :           NA  Failing Endpoints,  Worst Slack           NA  ,  Total Violation           NA
PW    :            0  Failing Endpoints,  Worst Slack        7.845ns,  Total Violation        0.000ns
---------------------------------------------------------------------------------------------------


Pulse Width Checks
--------------------------------------------------------------------------------------
Clock Name:         clkfbout_base_soc_clk_wiz_0
Waveform(ns):       { 0.000 5.000 }
Period(ns):         10.000
Sources:            { base_soc_i/clk_wiz/inst/mmcm_adv_inst/CLKFBOUT }

Check Type  Corner  Lib Pin             Reference Pin  Required(ns)  Actual(ns)  Slack(ns)  Location         Pin
Min Period  n/a     BUFG/I              n/a            2.155         10.000      7.845      BUFGCTRL_X0Y5    base_soc_i/clk_wiz/inst/clkf_buf/I
Max Period  n/a     MMCME2_ADV/CLKFBIN  n/a            100.000       10.000      90.000     MMCME2_ADV_X1Y0  base_soc_i/clk_wiz/inst/mmcm_adv_inst/CLKFBIN



