Copyright 1986-2022 Xilinx, Inc. All Rights Reserved. Copyright 2022-2024 Advanced Micro Devices, Inc. All Rights Reserved.
---------------------------------------------------------------------------------------------------------------------------------------------------------
| Tool Version : Vivado v.2024.2 (lin64) Build 5239630 Fri Nov 08 22:34:34 MST 2024
| Date         : Wed Jul 29 16:48:56 2026
| Host         : user4-B80KV-AP35BKE running 64-bit Ubuntu 24.04.4 LTS
| Command      : report_clocks -file {/home/user4/workspace_ondevice_3/Logic Analysis/comparison/ila_reference/generated/ila_reference_step5_clocks.rpt}
| Design       : base_soc_wrapper
| Device       : 7a35t-cpg236
| Speed File   : -1  PRODUCTION 1.23 2018-06-13
| Design State : Routed
---------------------------------------------------------------------------------------------------------------------------------------------------------

Clock Report


Attributes
  P: Propagated
  G: Generated
  A: Auto-derived
  R: Renamed
  V: Virtual
  I: Inverted
  S: Pin phase-shifted with Latency mode

Clock                                                                                            Period(ns)  Waveform(ns)    Attributes  Sources
base_soc_i/mdm_1/U0/Use_E2.BSCAN_I/Use_E2.BSCANE2_I/TCK                                          33.333      {0.000 16.667}  P           {base_soc_i/mdm_1/U0/Use_E2.BSCAN_I/Use_E2.BSCANE2_I/TCK}
base_soc_i/mdm_1/U0/Use_E2.BSCAN_I/Use_E2.BSCANE2_I/UPDATE                                       33.333      {0.000 16.667}  P           {base_soc_i/mdm_1/U0/Use_E2.BSCAN_I/Use_E2.BSCANE2_I/UPDATE}
dbg_hub/inst/BSCANID.u_xsdbm_id/SWITCH_N_EXT_BSCAN.bscan_inst/SERIES7_BSCAN.bscan_inst/TCK       33.000      {0.000 16.500}  P           {dbg_hub/inst/BSCANID.u_xsdbm_id/SWITCH_N_EXT_BSCAN.bscan_inst/SERIES7_BSCAN.bscan_inst/TCK}
sys_clock                                                                                        10.000      {0.000 5.000}   P           {sys_clock}
base_soc_i/mdm_1/U0/MDM_Core_I1/JTAG_CONTROL_I/Test_Access_Port.BUFG_UPDATE/Using_FPGA.Native/O  66.666      {0.000 33.333}  P,G         {base_soc_i/mdm_1/U0/MDM_Core_I1/JTAG_CONTROL_I/Test_Access_Port.BUFG_UPDATE/Using_FPGA.Native/O}
clk_out1_base_soc_clk_wiz_0                                                                      10.000      {0.000 5.000}   P,G,A       {base_soc_i/clk_wiz/inst/mmcm_adv_inst/CLKOUT0}
clkfbout_base_soc_clk_wiz_0                                                                      10.000      {0.000 5.000}   P,G,A       {base_soc_i/clk_wiz/inst/mmcm_adv_inst/CLKFBOUT}


====================================================
Generated Clocks
====================================================

Generated Clock     : base_soc_i/mdm_1/U0/MDM_Core_I1/JTAG_CONTROL_I/Test_Access_Port.BUFG_UPDATE/Using_FPGA.Native/O
Master Source       : base_soc_i/mdm_1/U0/Use_E2.BSCAN_I/Use_E2.BSCANE2_I/TCK
Master Clock        : base_soc_i/mdm_1/U0/Use_E2.BSCAN_I/Use_E2.BSCANE2_I/TCK
Divide By           : 2
Generated Sources   : {base_soc_i/mdm_1/U0/MDM_Core_I1/JTAG_CONTROL_I/Test_Access_Port.BUFG_UPDATE/Using_FPGA.Native/O}

Generated Clock     : clk_out1_base_soc_clk_wiz_0
Master Source       : base_soc_i/clk_wiz/inst/mmcm_adv_inst/CLKIN1
Master Clock        : sys_clock
Multiply By         : 1
Generated Sources   : {base_soc_i/clk_wiz/inst/mmcm_adv_inst/CLKOUT0}

Generated Clock     : clkfbout_base_soc_clk_wiz_0
Master Source       : base_soc_i/clk_wiz/inst/mmcm_adv_inst/CLKIN1
Master Clock        : sys_clock
Multiply By         : 1
Generated Sources   : {base_soc_i/clk_wiz/inst/mmcm_adv_inst/CLKFBOUT}



====================================================
User Uncertainty
====================================================



====================================================
User Jitter
====================================================

Clock      Jitter(ns)
sys_clock  0.100

