# EdgeScope-Lite Step 9 common Base+Generator build manifest
STEP=9
BUILD_SCOPE=COMMON_BASE_PLUS_GENERATOR
OVERALL=PASS
VIVADO_VERSION=2024.2
FPGA_PART=xc7a35tcpg236-1
BOARD_PART=digilentinc.com:basys3:part0:1.2
TOP=base_soc_wrapper
DESIGN_STATE=ROUTED
CLOCK_HZ=100000000
CLOCK_PERIOD_NS=10.000
SYNTHESIS_STRATEGY=Vivado Synthesis Defaults
IMPLEMENTATION_STRATEGY=Vivado Implementation Defaults
VIVADO_ILA_COUNT=0
VIO_COUNT=0
CUSTOM_ANALYZER_COUNT=0
DEBUG_CORE_COUNT=0
GENERATOR_HIERARCHY_COUNT=1
GENERATOR_DONT_TOUCH=1
DRC_ERROR_COUNT=0
DRC_CRITICAL_WARNING_COUNT=0
DRC_WARNING_COUNT=3
DRC_OTHER_COUNT=0
GIT_COMMIT=4f178c0e2606924fc9f55b844afb2ecd05a7303d
GIT_WORKTREE_DIRTY=1
BASE_SOC_TCL_SHA256=31f6d77d2150d0d6a744fae02b2a85661340fb71a17906ca5267ab8a74ae078c
GENERATOR_INTEGRATION_TCL_SHA256=971cf1b87e4b39b522626746e5d3464e840a4f413d183e8db6e353587f2121d8
GENERATOR_RTL_SHA256=9f0a1b7f9a54ddc8f9eb3e093382af9eb6a6cdf8c9ab48ab4ce65d83e7eb5440
GENERATOR_ADAPTER_SHA256=73fd657010c8109d5a1c7e5168d4ae4a4d576fc80e2ddd02978b087523249580
BASE_BUILD_TCL_SHA256=0e3104db76d7120b04406f7e8140d3172591955df50394d1e5d23a5756015d2b
BASELINE_CONSTRAINT_SHA256=c702fd50aea605a072ff351b4f8a077a5f6bf78229526dd4237149506abcc341
BASELINE_TCL_SHA256=43544f1e0ca543429be63a7e9cc9c54b27101aaedebc03e8ff0639878e1f28fb
BASELINE_RUNNER_SHA256=ee862300a85c651a2ffe1f88e41912356bc6adbb4f82538df3fb5cbc52d4a4f4
ROUTED_DCP_SHA256=5bf512f6e5523af442d96913b1a2439775611f87184d1150ae34d5787fc13d02
UTILIZATION_REPORT_SHA256=2714710ccf7b945c6a3658f43f3dcde647d8471016a4d9bd1e8438aeadaac7fe
HIERARCHICAL_REPORT_SHA256=87193ee6e07186e6d9042cb72f3562f3b2f1f4280555613ceb725cfbb30017df
TIMING_REPORT_SHA256=c4ee9d7fdcd5620ffa21dd367bd6161756f9acea187fab4feb2c5bb7392358e4
CHECK_TIMING_REPORT_SHA256=4b1c4596ba85b3525726f21866ba5c6f6e3219c026eba53ea367f3853eebf2ba
ROUTE_REPORT_SHA256=6e6dd3c6f585d2d4a1cf864f5eba3eca2ff723aa71a3fd26adfb45648d95341e
DRC_REPORT_SHA256=8bdd4542cd4147c8a7e288e6ff7d025ed7af94e1b5cd2a28bdc59516f9f683be
NEXT_ACTION=HOST_STEP9_EXTRACTION
