# EdgeScope-Lite Vivado ILA Reference - Step 8 final manifest
STEP=8
OVERALL=PASS
SOURCE_CAPTURE_MANIFEST=pulse_capture_manifest.rpt
PULSE_DETECTION_CSV=pulse_detection.csv
PULSE_SUMMARY_CSV=pulse_detection_summary.csv
VALIDATION_REPORT=pulse_stress_validation.rpt
RAW_CAPTURE_COUNT=60
ILA_CAPTURE_COUNT=60
TRIAL_REPORT_COUNT=60
NORMALIZED_CAPTURE_COUNT=60
TOTAL_ELIGIBLE=60
TOTAL_DETECTED=60
OVERALL_DETECTION_RATE_PERCENT=100.0
PASS_THRESHOLD=10_OF_10_PER_WIDTH
NO_TRIGGER_NOW=PASS
PARTIAL_CAPTURE_COUNT=0
LONG_PULSE_FALL=OUTSIDE_FIXED_1024_SAMPLE_WINDOW
RUNTIME_BIT_SHA256=cd9d25d4aa3556690876be3c5a94a581e7c6299935664679f7500e83ef8f5acf
LTX_SHA256=ad8b65ba6078aa52ea718c743ca12b75e2bd5e832b860145ec0aa19c36100b9b
GENERATOR_RTL_SHA256=9f0a1b7f9a54ddc8f9eb3e093382af9eb6a6cdf8c9ab48ab4ce65d83e7eb5440
GENERATOR_ADAPTER_SHA256=73fd657010c8109d5a1c7e5168d4ae4a4d576fc80e2ddd02978b087523249580
RUNTIME_ELF_SHA256=7cd731b725da46489b0670666f234ee521771b3faf0b205f188866cf89150934
STEP8_PULSE_STRESS=PASS
