# EdgeScope-Lite Step 8 machine-readable evidence
pair_kind=STEP6_UART_RUNTIME
bit_path=/home/user4/workspace_ondevice_3/Logic Analysis/comparison/ila_reference/build/step6/edgescope_ila_reference_runtime.bit
bit_sha256=cd9d25d4aa3556690876be3c5a94a581e7c6299935664679f7500e83ef8f5acf
ltx_path=/home/user4/workspace_ondevice_3/Logic Analysis/comparison/ila_reference/build/step6/debug_nets.ltx
ltx_sha256=ad8b65ba6078aa52ea718c743ca12b75e2bd5e832b860145ec0aa19c36100b9b
STEP=8
ACTION=pulse_stress
RESULT=CAPTURE_MATRIX_COMPLETE
WIDTHS_CYCLES=1,10,100,1000,10000,100000
REPETITIONS_PER_WIDTH=10
EXPECTED_ELIGIBLE_TRIALS=60
ILA_PROFILE=rising
TRIGGER_COMPARE_VALUE=eq8'bXXXXXXXR
DATA_DEPTH=1024
TRIGGER_POSITION=512
FPGA_PROGRAM_COUNT=1
TARGET=localhost:3121/xilinx_tcf/Digilent/210183BEA180A
DEVICE=xc7a35t_0
ILA_CELL=base_soc_i/ila_reference_0
WIDTH.1.ELIGIBLE_TRIAL_COUNT=10
WIDTH.1.DETECTED_CAPTURE_COUNT=10
WIDTH.10.ELIGIBLE_TRIAL_COUNT=10
WIDTH.10.DETECTED_CAPTURE_COUNT=10
WIDTH.100.ELIGIBLE_TRIAL_COUNT=10
WIDTH.100.DETECTED_CAPTURE_COUNT=10
WIDTH.1000.ELIGIBLE_TRIAL_COUNT=10
WIDTH.1000.DETECTED_CAPTURE_COUNT=10
WIDTH.10000.ELIGIBLE_TRIAL_COUNT=10
WIDTH.10000.DETECTED_CAPTURE_COUNT=10
WIDTH.100000.ELIGIBLE_TRIAL_COUNT=10
WIDTH.100000.DETECTED_CAPTURE_COUNT=10
TOTAL_ELIGIBLE_CAPTURE_COUNT=60
TOTAL_DETECTED_CAPTURE_COUNT=60
HOST_WAVEFORM_VALIDATION=PENDING
