# EdgeScope-Lite Vivado ILA Reference - Step 8 Current Status
STEP=8
OVERALL=PASS
PULSE_WIDTH_COUNT=6
REPETITIONS_PER_WIDTH=10
TOTAL_ELIGIBLE_TRIALS=60
TOTAL_DETECTED_TRIALS=60
OVERALL_DETECTION_RATE_PERCENT=100.0
WIDTH_1_DETECTION=10_OF_10
WIDTH_10_DETECTION=10_OF_10
WIDTH_100_DETECTION=10_OF_10
WIDTH_1000_DETECTION=10_OF_10
WIDTH_10000_DETECTION=10_OF_10
WIDTH_100000_DETECTION=10_OF_10
TRIGGER_INDEX=512
PARTIAL_CAPTURE_COUNT=0
FPGA_PROGRAM_COUNT=1
HOST_VALIDATION=PASS
ARTIFACT_HASHES=PASS
NEXT_ACTION=STEP9_RESOURCE_AND_TIMING_COMPARISON
