
****** Vivado v2024.2 (64-bit)
  **** SW Build 5239630 on Fri Nov 08 22:34:34 MST 2024
  **** IP Build 5239520 on Sun Nov 10 16:12:51 MST 2024
  **** SharedData Build 5239561 on Fri Nov 08 14:39:27 MST 2024
  **** Start of session at: Wed Jul 29 17:34:51 2026
    ** Copyright 1986-2022 Xilinx, Inc. All Rights Reserved.
    ** Copyright 2022-2024 Advanced Micro Devices, Inc. All Rights Reserved.

CRITICAL WARNING: [Common 17-741] No write access right to the local Tcl store at '/home/user4/.Xilinx/Vivado/2024.2/XilinxTclStore'. XilinxTclStore is reverted to the installation area. If you want to use local Tcl Store, please change the access right and relaunch Vivado.
source {/home/user4/workspace_ondevice_3/Logic Analysis/comparison/ila_reference/hw/run_step6_hardware.tcl} -notrace
ASSERT PASS: Runtime command path = UART RUN
ASSERT PASS: Runtime BIT differs from bootloop = PASS
ASSERT PASS: Runtime LTX unchanged from routed design = PASS
ASSERT PASS: BIT hash manifest/index = cd9d25d4aa3556690876be3c5a94a581e7c6299935664679f7500e83ef8f5acf
ASSERT PASS: LTX hash manifest/index = ad8b65ba6078aa52ea718c743ca12b75e2bd5e832b860145ec0aa19c36100b9b
ASSERT PASS: BIT hash on disk = cd9d25d4aa3556690876be3c5a94a581e7c6299935664679f7500e83ef8f5acf
ASSERT PASS: LTX hash on disk = ad8b65ba6078aa52ea718c743ca12b75e2bd5e832b860145ec0aa19c36100b9b
ASSERT PASS: LTX ILA instance = base_soc_i/ila_reference_0
ASSERT PASS: LTX ILA spec = labtools_ila_v6
ASSERT PASS: LTX ILA IP name = ila
ASSERT PASS: LTX probe name = probe0
ASSERT PASS: LTX probe ID = 0
ASSERT PASS: LTX probe direction = IN
ASSERT PASS: LTX probe vector flag = true
ASSERT PASS: LTX probe port = 0
ASSERT PASS: LTX probe width = 8
EVIDENCE: /home/user4/workspace_ondevice_3/Logic Analysis/comparison/ila_reference/results/step6/dry_run.rpt
EDGESCOPE_CHECKPOINT|state=DRY_RUN_PASS|hardware_touched=0
EDGESCOPE_STEP6: PASS
INFO: [Common 17-206] Exiting Vivado at Wed Jul 29 17:34:53 2026...
