# EdgeScope-Lite Step 6 machine-readable evidence
pair_kind=STEP6_UART_RUNTIME
bit_path=/home/user4/workspace_ondevice_3/Logic Analysis/comparison/ila_reference/build/step6/edgescope_ila_reference_runtime.bit
bit_sha256=cd9d25d4aa3556690876be3c5a94a581e7c6299935664679f7500e83ef8f5acf
ltx_path=/home/user4/workspace_ondevice_3/Logic Analysis/comparison/ila_reference/build/step6/debug_nets.ltx
ltx_sha256=ad8b65ba6078aa52ea718c743ca12b75e2bd5e832b860145ec0aa19c36100b9b
ila_instance=base_soc_i/ila_reference_0
ila_uuid=4FB82E5963D554A68B9EF3ACD537453F
ila_spec=labtools_ila_v6
probe_name=probe0
probe_id=0
probe_direction=IN
probe_left_index=0
probe_right_index=7
probe_width=8
probe_port=0
probe_net=base_soc_i/test_pattern_generator_gpio_adapter_0_probe_test_o
STEP=6
ACTION=pair
RESULT=PASS
TARGET=localhost:3121/xilinx_tcf/Digilent/210183BEA180A
DEVICE=xc7a35t_0
PART=xc7a35t
PROGRAM_FILE=/home/user4/workspace_ondevice_3/Logic Analysis/comparison/ila_reference/build/step6/edgescope_ila_reference_runtime.bit
PROBES_FILE=/home/user4/workspace_ondevice_3/Logic Analysis/comparison/ila_reference/build/step6/debug_nets.ltx
FULL_PROBES_FILE=/home/user4/workspace_ondevice_3/Logic Analysis/comparison/ila_reference/build/step6/debug_nets.ltx
ILA_CELL=base_soc_i/ila_reference_0
ILA_UUID=4FB82E5963D554A68B9EF3ACD537453F
ILA_UUID_PROPERTY=CORE_UUID
device_property.REGISTER.CONFIG_STATUS=01010000000100000111100111111100
device_property.REGISTER.CONFIG_STATUS.BIT00_CRC_ERROR=0
device_property.REGISTER.CONFIG_STATUS.BIT01_DECRYPTOR_ENABLE=0
device_property.REGISTER.CONFIG_STATUS.BIT02_PLL_LOCK_STATUS=1
device_property.REGISTER.CONFIG_STATUS.BIT03_DCI_MATCH_STATUS=1
device_property.REGISTER.CONFIG_STATUS.BIT04_END_OF_STARTUP_(EOS)_STATUS=1
device_property.REGISTER.CONFIG_STATUS.BIT05_GTS_CFG_B_STATUS=1
device_property.REGISTER.CONFIG_STATUS.BIT06_GWE_STATUS=1
device_property.REGISTER.CONFIG_STATUS.BIT07_GHIGH_STATUS=1
device_property.REGISTER.CONFIG_STATUS.BIT08_MODE_PIN_M[0]=1
device_property.REGISTER.CONFIG_STATUS.BIT09_MODE_PIN_M[1]=0
device_property.REGISTER.CONFIG_STATUS.BIT10_MODE_PIN_M[2]=0
device_property.REGISTER.CONFIG_STATUS.BIT11_INIT_B_INTERNAL_SIGNAL_STATUS=1
device_property.REGISTER.CONFIG_STATUS.BIT12_INIT_B_PIN=1
device_property.REGISTER.CONFIG_STATUS.BIT13_DONE_INTERNAL_SIGNAL_STATUS=1
device_property.REGISTER.CONFIG_STATUS.BIT14_DONE_PIN=1
device_property.REGISTER.CONFIG_STATUS.BIT15_IDCODE_ERROR=0
device_property.REGISTER.CONFIG_STATUS.BIT16_SECURITY_ERROR=0
device_property.REGISTER.CONFIG_STATUS.BIT17_SYSTEM_MONITOR_OVER-TEMP_ALARM_STATUS=0
device_property.REGISTER.CONFIG_STATUS.BIT18_CFG_STARTUP_STATE_MACHINE_PHASE=100
device_property.REGISTER.CONFIG_STATUS.BIT21_RESERVED=0000
device_property.REGISTER.CONFIG_STATUS.BIT25_CFG_BUS_WIDTH_DETECTION=00
device_property.REGISTER.CONFIG_STATUS.BIT27_HMAC_ERROR=0
device_property.REGISTER.CONFIG_STATUS.BIT28_PUDC_B_PIN=1
device_property.REGISTER.CONFIG_STATUS.BIT29_BAD_PACKET_ERROR=0
device_property.REGISTER.CONFIG_STATUS.BIT30_CFGBVS_PIN=1
device_property.REGISTER.CONFIG_STATUS.BIT31_RESERVED=0
PROFILE.rising.RESULT=PASS
PROFILE.rising.DATA_DEPTH=1024
PROFILE.rising.TRIGGER_POSITION=512
PROFILE.rising.TRIGGER_COMPARE_VALUE=eq8'bXXXXXXXR
PROFILE.falling.RESULT=PASS
PROFILE.falling.DATA_DEPTH=1024
PROFILE.falling.TRIGGER_POSITION=512
PROFILE.falling.TRIGGER_COMPARE_VALUE=eq8'bXXXXXXXF
PROFILE.pattern.RESULT=PASS
PROFILE.pattern.DATA_DEPTH=1024
PROFILE.pattern.TRIGGER_POSITION=512
PROFILE.pattern.TRIGGER_COMPARE_VALUE=eq8'b1010XXXX
PROFILE.no_trigger.RESULT=PASS
PROFILE.no_trigger.DATA_DEPTH=1024
PROFILE.no_trigger.TRIGGER_POSITION=512
PROFILE.no_trigger.TRIGGER_COMPARE_VALUE=eq8'hFF
