# EdgeScope-Lite Vivado ILA Reference - Step 6 Current Status
STEP=6
OVERALL=PASS
RUNTIME_FIRMWARE_BUILD=PASS
RUNTIME_FIRMWARE_ELF32_RV32I=PASS
RUNTIME_FIRMWARE_ENTRY_0X00000000=PASS
RUNTIME_FIRMWARE_UNDEFINED_SYMBOLS=0
RUNTIME_BIT_PACKAGING=PASS
RUNTIME_BIT_REPRODUCIBLE=PASS
RUNTIME_BIT_SHA256=cd9d25d4aa3556690876be3c5a94a581e7c6299935664679f7500e83ef8f5acf
RUNTIME_BIT_PAYLOAD_SHA256=033e458c53be7b82138608c6c2e2b4a9d2fe9af214da3fd442960198652dfa2d
LTX_SHA256=ad8b65ba6078aa52ea718c743ca12b75e2bd5e832b860145ec0aa19c36100b9b
LTX_UNCHANGED_FROM_STEP5=PASS
HARDWARE_INPUT_DRY_RUN=PASS
USB_BASYS3_DIGILENT_DEVICE=0403:6010
UART_PORT=/dev/ttyUSB1
UART_PING=PASS_OK_PONG
UART_STATUS=PASS_IDLE
PHYSICAL_BOARD_COUNT=1
HW_SERVER_ENUMERATED_TARGET_COUNT=2
HW_SERVER_SELECTED_TARGET_COUNT=1
HW_TARGET=localhost:3121/xilinx_tcf/Digilent/210183BEA180A
HW_TARGET_SELECTION=PASS_EXPLICIT_PATTERN
PAIR_PROGRAM_READBACK=PASS
ILA_INSTANCE=base_soc_i/ila_reference_0
ILA_DATA_DEPTH=1024
ILA_TRIGGER_POSITION=512
RISING_CAPTURE=PASS
RISING_SAMPLE_COUNT=1024
RISING_TRIGGER_SAMPLE=512
RISING_SAMPLE_511=0x00
RISING_SAMPLE_512=0x01
FALLING_CAPTURE=PASS
FALLING_SAMPLE_COUNT=1024
FALLING_TRIGGER_SAMPLE=512
FALLING_SAMPLE_511=0x01
FALLING_SAMPLE_512=0x00
PATTERN_CAPTURE=PASS
PATTERN_SAMPLE_COUNT=1024
PATTERN_TRIGGER_SAMPLE=512
PATTERN_SAMPLE_511=0x95
PATTERN_SAMPLE_512=0xA5
NO_TRIGGER_100MS=PASS
NO_TRIGGER_OBSERVED_MS=103
NO_TRIGGER_PARTIAL_CAPTURE_SAVED=0
CAPTURE_ARTIFACT_HASHES=PASS
CAPTURE_VALIDATION=PASS
NEXT_ACTION=STEP7_NORMALIZE_EXPORTED_CSV
