# EdgeScope-Lite Step 8 machine-readable evidence
pair_kind=STEP6_UART_RUNTIME
bit_path=/home/user4/workspace_ondevice_3/Logic Analysis/comparison/ila_reference/build/step6/edgescope_ila_reference_runtime.bit
bit_sha256=cd9d25d4aa3556690876be3c5a94a581e7c6299935664679f7500e83ef8f5acf
ltx_path=/home/user4/workspace_ondevice_3/Logic Analysis/comparison/ila_reference/build/step6/debug_nets.ltx
ltx_sha256=ad8b65ba6078aa52ea718c743ca12b75e2bd5e832b860145ec0aa19c36100b9b
STEP=8
ACTION=pulse_stress
RESULT=CAPTURE_COMPLETE
WIDTH_CYCLES=1000
WIDTH_NS=10000
TRIAL=8
ELIGIBLE=1
SESSION_TOKEN=w001000-r08
ILA_PROFILE=rising
TRIGGER_COMPARE_VALUE=eq8'bXXXXXXXR
DATA_DEPTH=1024
TRIGGER_POSITION=512
ARM_STATUS=WAITING_FOR_TRIGGER
UART_PORT=/dev/ttyUSB1
UART_COMMAND=RUN 6 1000
UART_REPLY=OK RUN id=6 pulse=0x000003E8 saw_busy=1 status=0x00000002
UART_START_EPOCH_MS=1785317941514
UART_RESPONSE_EPOCH_MS=1785317941658
PARTIAL_CAPTURE=0
ILA_FILE=/home/user4/workspace_ondevice_3/Logic Analysis/comparison/ila_reference/results/step8/ila/pulse_w001000_trial_08.ila
ILA_FILE_SHA256=35a6927855bd270ea2187b6b171e4db76542dcd2b86871ce09a039e4eefa782f
RAW_CSV_FILE=/home/user4/workspace_ondevice_3/Logic Analysis/comparison/ila_reference/results/step8/raw/pulse_w001000_trial_08_raw.csv
RAW_CSV_SHA256=40fb7888ef099938776460fc292fbb383164fd2bc276323da03be8a1011df49c
TARGET=localhost:3121/xilinx_tcf/Digilent/210183BEA180A
DEVICE=xc7a35t_0
ILA_CELL=base_soc_i/ila_reference_0
