Copyright 1986-2022 Xilinx, Inc. All Rights Reserved. Copyright 2022-2024 Advanced Micro Devices, Inc. All Rights Reserved.
-------------------------------------------------------------------------------------------------------------------------------------------------
| Tool Version : Vivado v.2024.2 (lin64) Build 5239630 Fri Nov 08 22:34:34 MST 2024
| Date         : Wed Jul 29 22:41:40 2026
| Host         : doguen-System-Product-Name running 64-bit Ubuntu 24.04.4 LTS
| Command      : report_timing_summary -file /home/doguen/Downloads/EdgeScope-Lite-SoC-main/comparison/edgescope_lite/reports/timing_summary.rpt
| Design       : base_soc_wrapper
| Device       : 7a35t-cpg236
| Speed File   : -1  PRODUCTION 1.23 2018-06-13
| Design State : Routed
-------------------------------------------------------------------------------------------------------------------------------------------------

Timing Summary Report

------------------------------------------------------------------------------------------------
| Timer Settings
| --------------
------------------------------------------------------------------------------------------------

  Enable Multi Corner Analysis               :  Yes
  Enable Pessimism Removal                   :  Yes
  Pessimism Removal Resolution               :  Nearest Common Node
  Enable Input Delay Default Clock           :  No
  Enable Preset / Clear Arcs                 :  No
  Disable Flight Delays                      :  No
  Ignore I/O Paths                           :  No
  Timing Early Launch at Borrowing Latches   :  No
  Borrow Time for Max Delay Exceptions       :  Yes
  Merge Timing Exceptions                    :  Yes
  Inter-SLR Compensation                     :  Conservative

  Corner  Analyze    Analyze    
  Name    Max Paths  Min Paths  
  ------  ---------  ---------  
  Slow    Yes        Yes        
  Fast    Yes        Yes        


------------------------------------------------------------------------------------------------
| Report Methodology
| ------------------
------------------------------------------------------------------------------------------------

Rule       Severity  Description                    Violations  
---------  --------  -----------------------------  ----------  
LUTAR-1    Warning   LUT drives async reset alert   2           
TIMING-9   Warning   Unknown CDC Logic              1           
TIMING-18  Warning   Missing input or output delay  3           

Note: This report is based on the most recent report_methodology run and may not be up-to-date. Run report_methodology on the current design for the latest report.



check_timing report

Table of Contents
-----------------
1. checking no_clock (0)
2. checking constant_clock (0)
3. checking pulse_width_clock (0)
4. checking unconstrained_internal_endpoints (0)
5. checking no_input_delay (2)
6. checking no_output_delay (1)
7. checking multiple_clock (0)
8. checking generated_clocks (0)
9. checking loops (0)
10. checking partial_input_delay (0)
11. checking partial_output_delay (0)
12. checking latch_loops (0)

1. checking no_clock (0)
------------------------
 There are 0 register/latch pins with no clock.


2. checking constant_clock (0)
------------------------------
 There are 0 register/latch pins with constant_clock.


3. checking pulse_width_clock (0)
---------------------------------
 There are 0 register/latch pins which need pulse_width check


4. checking unconstrained_internal_endpoints (0)
------------------------------------------------
 There are 0 pins that are not constrained for maximum delay.

 There are 0 pins that are not constrained for maximum delay due to constant clock.


5. checking no_input_delay (2)
------------------------------
 There are 2 input ports with no input delay specified. (HIGH)

 There are 0 input ports with no input delay but user has a false path constraint.


6. checking no_output_delay (1)
-------------------------------
 There is 1 port with no output delay specified. (HIGH)

 There are 0 ports with no output delay but user has a false path constraint

 There are 0 ports with no output delay but with a timing clock defined on it or propagating through it


7. checking multiple_clock (0)
------------------------------
 There are 0 register/latch pins with multiple clocks.


8. checking generated_clocks (0)
--------------------------------
 There are 0 generated clocks that are not connected to a clock source.


9. checking loops (0)
---------------------
 There are 0 combinational loops in the design.


10. checking partial_input_delay (0)
------------------------------------
 There are 0 input ports with partial input delay specified.


11. checking partial_output_delay (0)
-------------------------------------
 There are 0 ports with partial output delay specified.


12. checking latch_loops (0)
----------------------------
 There are 0 combinational latch loops in the design through latch input



------------------------------------------------------------------------------------------------
| Design Timing Summary
| ---------------------
------------------------------------------------------------------------------------------------

    WNS(ns)      TNS(ns)  TNS Failing Endpoints  TNS Total Endpoints      WHS(ns)      THS(ns)  THS Failing Endpoints  THS Total Endpoints     WPWS(ns)     TPWS(ns)  TPWS Failing Endpoints  TPWS Total Endpoints  
    -------      -------  ---------------------  -------------------      -------      -------  ---------------------  -------------------     --------     --------  ----------------------  --------------------  
      0.832        0.000                      0                 9845        0.028        0.000                      0                 9845        3.000        0.000                       0                  3402  


All user specified timing constraints are met.


------------------------------------------------------------------------------------------------
| Clock Summary
| -------------
------------------------------------------------------------------------------------------------

Clock                                                                                              Waveform(ns)       Period(ns)      Frequency(MHz)
-----                                                                                              ------------       ----------      --------------
base_soc_i/mdm_1/U0/Use_E2.BSCAN_I/Use_E2.BSCANE2_I/TCK                                            {0.000 16.666}     33.333          30.000          
  base_soc_i/mdm_1/U0/MDM_Core_I1/JTAG_CONTROL_I/Test_Access_Port.BUFG_UPDATE/Using_FPGA.Native/O  {0.000 33.333}     66.666          15.000          
base_soc_i/mdm_1/U0/Use_E2.BSCAN_I/Use_E2.BSCANE2_I/UPDATE                                         {0.000 16.666}     33.333          30.000          
sys_clock                                                                                          {0.000 5.000}      10.000          100.000         
  clk_out1_base_soc_clk_wiz_0                                                                      {0.000 5.000}      10.000          100.000         
  clkfbout_base_soc_clk_wiz_0                                                                      {0.000 5.000}      10.000          100.000         


------------------------------------------------------------------------------------------------
| Intra Clock Table
| -----------------
------------------------------------------------------------------------------------------------

Clock                                                                                                  WNS(ns)      TNS(ns)  TNS Failing Endpoints  TNS Total Endpoints      WHS(ns)      THS(ns)  THS Failing Endpoints  THS Total Endpoints     WPWS(ns)     TPWS(ns)  TPWS Failing Endpoints  TPWS Total Endpoints  
-----                                                                                                  -------      -------  ---------------------  -------------------      -------      -------  ---------------------  -------------------     --------     --------  ----------------------  --------------------  
base_soc_i/mdm_1/U0/Use_E2.BSCAN_I/Use_E2.BSCANE2_I/TCK                                                  8.807        0.000                      0                  427        0.054        0.000                      0                  427       15.686        0.000                       0                   282  
  base_soc_i/mdm_1/U0/MDM_Core_I1/JTAG_CONTROL_I/Test_Access_Port.BUFG_UPDATE/Using_FPGA.Native/O       58.315        0.000                      0                   88        0.263        0.000                      0                   88       32.833        0.000                       0                    99  
sys_clock                                                                                                                                                                                                                                            3.000        0.000                       0                     1  
  clk_out1_base_soc_clk_wiz_0                                                                            0.832        0.000                      0                 9330        0.028        0.000                      0                 9330        3.750        0.000                       0                  3017  
  clkfbout_base_soc_clk_wiz_0                                                                                                                                                                                                                        7.845        0.000                       0                     3  


------------------------------------------------------------------------------------------------
| Inter Clock Table
| -----------------
------------------------------------------------------------------------------------------------

From Clock    To Clock          WNS(ns)      TNS(ns)  TNS Failing Endpoints  TNS Total Endpoints      WHS(ns)      THS(ns)  THS Failing Endpoints  THS Total Endpoints  
----------    --------          -------      -------  ---------------------  -------------------      -------      -------  ---------------------  -------------------  


------------------------------------------------------------------------------------------------
| Other Path Groups Table
| -----------------------
------------------------------------------------------------------------------------------------

Path Group    From Clock    To Clock          WNS(ns)      TNS(ns)  TNS Failing Endpoints  TNS Total Endpoints      WHS(ns)      THS(ns)  THS Failing Endpoints  THS Total Endpoints  
----------    ----------    --------          -------      -------  ---------------------  -------------------      -------      -------  ---------------------  -------------------  


------------------------------------------------------------------------------------------------
| Timing Details
| --------------
------------------------------------------------------------------------------------------------


---------------------------------------------------------------------------------------------------
From Clock:  base_soc_i/mdm_1/U0/Use_E2.BSCAN_I/Use_E2.BSCANE2_I/TCK
  To Clock:  base_soc_i/mdm_1/U0/Use_E2.BSCAN_I/Use_E2.BSCANE2_I/TCK

Setup :            0  Failing Endpoints,  Worst Slack        8.807ns,  Total Violation        0.000ns
Hold  :            0  Failing Endpoints,  Worst Slack        0.054ns,  Total Violation        0.000ns
PW    :            0  Failing Endpoints,  Worst Slack       15.686ns,  Total Violation        0.000ns
---------------------------------------------------------------------------------------------------


Max Delay Paths
--------------------------------------------------------------------------------------
Slack (MET) :             8.807ns  (required time - arrival time)
  Source:                 base_soc_i/mdm_1/U0/MDM_Core_I1/JTAG_CONTROL_I/Test_Access_Port.shift_dtm_reg/C
                            (falling edge-triggered cell FDRE clocked by base_soc_i/mdm_1/U0/Use_E2.BSCAN_I/Use_E2.BSCANE2_I/TCK  {rise@0.000ns fall@16.667ns period=33.333ns})
  Destination:            base_soc_i/mdm_1/U0/MDM_Core_I1/JTAG_CONTROL_I/dmistat_reg[1]/D
                            (rising edge-triggered cell FDRE clocked by base_soc_i/mdm_1/U0/Use_E2.BSCAN_I/Use_E2.BSCANE2_I/TCK  {rise@0.000ns fall@16.667ns period=33.333ns})
  Path Group:             base_soc_i/mdm_1/U0/Use_E2.BSCAN_I/Use_E2.BSCANE2_I/TCK
  Path Type:              Setup (Max at Slow Process Corner)
  Requirement:            16.667ns  (base_soc_i/mdm_1/U0/Use_E2.BSCAN_I/Use_E2.BSCANE2_I/TCK rise@33.333ns - base_soc_i/mdm_1/U0/Use_E2.BSCAN_I/Use_E2.BSCANE2_I/TCK fall@16.667ns)
  Data Path Delay:        8.005ns  (logic 1.853ns (23.149%)  route 6.152ns (76.851%))
  Logic Levels:           9  (LUT3=1 LUT4=2 LUT6=6)
  Clock Path Skew:        0.106ns (DCD - SCD + CPR)
    Destination Clock Delay (DCD):    3.109ns = ( 36.442 - 33.333 ) 
    Source Clock Delay      (SCD):    3.236ns = ( 19.903 - 16.667 ) 
    Clock Pessimism Removal (CPR):    0.233ns
  Clock Uncertainty:      0.035ns  ((TSJ^2 + TIJ^2)^1/2 + DJ) / 2 + PE
    Total System Jitter     (TSJ):    0.071ns
    Total Input Jitter      (TIJ):    0.000ns
    Discrete Jitter          (DJ):    0.000ns
    Phase Error              (PE):    0.000ns

    Location             Delay type                Incr(ns)  Path(ns)    Netlist Resource(s)
  -------------------------------------------------------------------    -------------------
                         (clock base_soc_i/mdm_1/U0/Use_E2.BSCAN_I/Use_E2.BSCANE2_I/TCK fall edge)
                                                     16.667    16.667 f  
    BSCAN_X0Y1           BSCANE2                      0.000    16.667 f  base_soc_i/mdm_1/U0/Use_E2.BSCAN_I/Use_E2.BSCANE2_I/TCK
                         net (fo=2, routed)           1.587    18.254    base_soc_i/mdm_1/U0/Use_JTAG_BSCAN.BUFG_JTAG_TCK/lopt
    BUFGCTRL_X0Y1        BUFGCTRL (Prop_bufgctrl_I0_O)
                                                      0.096    18.350 f  base_soc_i/mdm_1/U0/Use_JTAG_BSCAN.BUFG_JTAG_TCK/Using_FPGA.Native/O
                         net (fo=31, routed)          1.553    19.903    base_soc_i/mdm_1/U0/MDM_Core_I1/JTAG_CONTROL_I/Use_JTAG_BSCAN.tck_int
    SLICE_X35Y52         FDRE                                         r  base_soc_i/mdm_1/U0/MDM_Core_I1/JTAG_CONTROL_I/Test_Access_Port.shift_dtm_reg/C  (IS_INVERTED)
  -------------------------------------------------------------------    -------------------
    SLICE_X35Y52         FDRE (Prop_fdre_C_Q)         0.459    20.362 r  base_soc_i/mdm_1/U0/MDM_Core_I1/JTAG_CONTROL_I/Test_Access_Port.shift_dtm_reg/Q
                         net (fo=19, routed)          0.828    21.190    base_soc_i/mdm_1/U0/MDM_Core_I1/JTAG_CONTROL_I/Test_Access_Port.shift_dtm_reg_0
    SLICE_X37Y53         LUT4 (Prop_lut4_I2_O)        0.124    21.314 r  base_soc_i/mdm_1/U0/MDM_Core_I1/JTAG_CONTROL_I/Dbg_Reg_En_0[2]_INST_0/O
                         net (fo=6, routed)           0.850    22.164    <hidden>
    SLICE_X38Y52         LUT3 (Prop_lut3_I0_O)        0.152    22.316 r  <hidden>
                         net (fo=2, routed)           0.305    22.620    <hidden>
    SLICE_X38Y52         LUT6 (Prop_lut6_I5_O)        0.348    22.968 f  <hidden>
                         net (fo=2, routed)           1.033    24.001    <hidden>
    SLICE_X46Y48         LUT6 (Prop_lut6_I5_O)        0.124    24.125 f  <hidden>
                         net (fo=1, routed)           0.974    25.099    <hidden>
    SLICE_X44Y52         LUT6 (Prop_lut6_I0_O)        0.124    25.223 r  <hidden>
                         net (fo=3, routed)           0.495    25.718    base_soc_i/mdm_1/U0/MDM_Core_I1/JTAG_CONTROL_I/Dbg_TDO_0
    SLICE_X36Y53         LUT6 (Prop_lut6_I1_O)        0.124    25.842 f  base_soc_i/mdm_1/U0/MDM_Core_I1/JTAG_CONTROL_I/TDO_i_8/O
                         net (fo=1, routed)           0.280    26.122    base_soc_i/mdm_1/U0/MDM_Core_I1/JTAG_CONTROL_I/TDO_i_8_n_0
    SLICE_X36Y53         LUT6 (Prop_lut6_I1_O)        0.124    26.246 r  base_soc_i/mdm_1/U0/MDM_Core_I1/JTAG_CONTROL_I/TDO_i_4/O
                         net (fo=1, routed)           0.572    26.817    base_soc_i/mdm_1/U0/MDM_Core_I1/JTAG_CONTROL_I/TDO_i_4_n_0
    SLICE_X33Y52         LUT6 (Prop_lut6_I2_O)        0.124    26.941 r  base_soc_i/mdm_1/U0/MDM_Core_I1/JTAG_CONTROL_I/TDO_i_1/O
                         net (fo=2, routed)           0.816    27.758    base_soc_i/mdm_1/U0/MDM_Core_I1/JTAG_CONTROL_I/TDO_dtm
    SLICE_X32Y54         LUT4 (Prop_lut4_I0_O)        0.150    27.908 r  base_soc_i/mdm_1/U0/MDM_Core_I1/JTAG_CONTROL_I/dmistat[1]_i_1/O
                         net (fo=1, routed)           0.000    27.908    base_soc_i/mdm_1/U0/MDM_Core_I1/JTAG_CONTROL_I/dmistat[1]_i_1_n_0
    SLICE_X32Y54         FDRE                                         r  base_soc_i/mdm_1/U0/MDM_Core_I1/JTAG_CONTROL_I/dmistat_reg[1]/D
  -------------------------------------------------------------------    -------------------

                         (clock base_soc_i/mdm_1/U0/Use_E2.BSCAN_I/Use_E2.BSCANE2_I/TCK rise edge)
                                                     33.333    33.333 r  
    BSCAN_X0Y1           BSCANE2                      0.000    33.333 r  base_soc_i/mdm_1/U0/Use_E2.BSCAN_I/Use_E2.BSCANE2_I/TCK
                         net (fo=2, routed)           1.359    34.692    base_soc_i/mdm_1/U0/Use_JTAG_BSCAN.BUFG_JTAG_TCK/lopt
    BUFGCTRL_X0Y1        BUFGCTRL (Prop_bufgctrl_I0_O)
                                                      0.091    34.783 r  base_soc_i/mdm_1/U0/Use_JTAG_BSCAN.BUFG_JTAG_TCK/Using_FPGA.Native/O
                         net (fo=31, routed)          0.133    34.916    base_soc_i/mdm_1/U0/MDM_Core_I1/JTAG_CONTROL_I/Test_Access_Port.BUFG_DRCK/Use_JTAG_BSCAN.tck_int
    BUFGCTRL_X0Y0        BUFGCTRL (Prop_bufgctrl_I0_O)
                                                      0.091    35.007 r  base_soc_i/mdm_1/U0/MDM_Core_I1/JTAG_CONTROL_I/Test_Access_Port.BUFG_DRCK/Using_FPGA.Native/O
                         net (fo=198, routed)         1.435    36.442    base_soc_i/mdm_1/U0/MDM_Core_I1/JTAG_CONTROL_I/Using_FPGA.Native
    SLICE_X32Y54         FDRE                                         r  base_soc_i/mdm_1/U0/MDM_Core_I1/JTAG_CONTROL_I/dmistat_reg[1]/C
                         clock pessimism              0.233    36.675    
                         clock uncertainty           -0.035    36.640    
    SLICE_X32Y54         FDRE (Setup_fdre_C_D)        0.075    36.715    base_soc_i/mdm_1/U0/MDM_Core_I1/JTAG_CONTROL_I/dmistat_reg[1]
  -------------------------------------------------------------------
                         required time                         36.715    
                         arrival time                         -27.908    
  -------------------------------------------------------------------
                         slack                                  8.807    





Min Delay Paths
--------------------------------------------------------------------------------------
Slack (MET) :             0.054ns  (arrival time - required time)
  Source:                 base_soc_i/mdm_1/U0/MDM_Core_I1/JTAG_CONTROL_I/dmi_reg[31]/C
                            (rising edge-triggered cell FDRE clocked by base_soc_i/mdm_1/U0/Use_E2.BSCAN_I/Use_E2.BSCANE2_I/TCK  {rise@0.000ns fall@16.667ns period=33.333ns})
  Destination:            base_soc_i/mdm_1/U0/MDM_Core_I1/JTAG_CONTROL_I/dmi_reg[4]_srl27/D
                            (rising edge-triggered cell SRLC32E clocked by base_soc_i/mdm_1/U0/Use_E2.BSCAN_I/Use_E2.BSCANE2_I/TCK  {rise@0.000ns fall@16.667ns period=33.333ns})
  Path Group:             base_soc_i/mdm_1/U0/Use_E2.BSCAN_I/Use_E2.BSCANE2_I/TCK
  Path Type:              Hold (Min at Fast Process Corner)
  Requirement:            0.000ns  (base_soc_i/mdm_1/U0/Use_E2.BSCAN_I/Use_E2.BSCANE2_I/TCK rise@0.000ns - base_soc_i/mdm_1/U0/Use_E2.BSCAN_I/Use_E2.BSCANE2_I/TCK rise@0.000ns)
  Data Path Delay:        0.380ns  (logic 0.148ns (38.913%)  route 0.232ns (61.087%))
  Logic Levels:           0  
  Clock Path Skew:        0.263ns (DCD - SCD - CPR)
    Destination Clock Delay (DCD):    1.617ns
    Source Clock Delay      (SCD):    1.240ns
    Clock Pessimism Removal (CPR):    0.114ns

    Location             Delay type                Incr(ns)  Path(ns)    Netlist Resource(s)
  -------------------------------------------------------------------    -------------------
                         (clock base_soc_i/mdm_1/U0/Use_E2.BSCAN_I/Use_E2.BSCANE2_I/TCK rise edge)
                                                      0.000     0.000 r  
    BSCAN_X0Y1           BSCANE2                      0.000     0.000 r  base_soc_i/mdm_1/U0/Use_E2.BSCAN_I/Use_E2.BSCANE2_I/TCK
                         net (fo=2, routed)           0.597     0.597    base_soc_i/mdm_1/U0/Use_JTAG_BSCAN.BUFG_JTAG_TCK/lopt
    BUFGCTRL_X0Y1        BUFGCTRL (Prop_bufgctrl_I0_O)
                                                      0.026     0.623 r  base_soc_i/mdm_1/U0/Use_JTAG_BSCAN.BUFG_JTAG_TCK/Using_FPGA.Native/O
                         net (fo=31, routed)          0.030     0.653    base_soc_i/mdm_1/U0/MDM_Core_I1/JTAG_CONTROL_I/Test_Access_Port.BUFG_DRCK/Use_JTAG_BSCAN.tck_int
    BUFGCTRL_X0Y0        BUFGCTRL (Prop_bufgctrl_I0_O)
                                                      0.026     0.679 r  base_soc_i/mdm_1/U0/MDM_Core_I1/JTAG_CONTROL_I/Test_Access_Port.BUFG_DRCK/Using_FPGA.Native/O
                         net (fo=198, routed)         0.561     1.240    base_soc_i/mdm_1/U0/MDM_Core_I1/JTAG_CONTROL_I/Using_FPGA.Native
    SLICE_X38Y54         FDRE                                         r  base_soc_i/mdm_1/U0/MDM_Core_I1/JTAG_CONTROL_I/dmi_reg[31]/C
  -------------------------------------------------------------------    -------------------
    SLICE_X38Y54         FDRE (Prop_fdre_C_Q)         0.148     1.388 r  base_soc_i/mdm_1/U0/MDM_Core_I1/JTAG_CONTROL_I/dmi_reg[31]/Q
                         net (fo=2, routed)           0.232     1.621    base_soc_i/mdm_1/U0/MDM_Core_I1/JTAG_CONTROL_I/p_0_in2_in
    SLICE_X34Y54         SRLC32E                                      r  base_soc_i/mdm_1/U0/MDM_Core_I1/JTAG_CONTROL_I/dmi_reg[4]_srl27/D
  -------------------------------------------------------------------    -------------------

                         (clock base_soc_i/mdm_1/U0/Use_E2.BSCAN_I/Use_E2.BSCANE2_I/TCK rise edge)
                                                      0.000     0.000 r  
    BSCAN_X0Y1           BSCANE2                      0.000     0.000 r  base_soc_i/mdm_1/U0/Use_E2.BSCAN_I/Use_E2.BSCANE2_I/TCK
                         net (fo=2, routed)           0.697     0.697    base_soc_i/mdm_1/U0/Use_JTAG_BSCAN.BUFG_JTAG_TCK/lopt
    BUFGCTRL_X0Y1        BUFGCTRL (Prop_bufgctrl_I0_O)
                                                      0.029     0.726 r  base_soc_i/mdm_1/U0/Use_JTAG_BSCAN.BUFG_JTAG_TCK/Using_FPGA.Native/O
                         net (fo=31, routed)          0.033     0.759    base_soc_i/mdm_1/U0/MDM_Core_I1/JTAG_CONTROL_I/Test_Access_Port.BUFG_DRCK/Use_JTAG_BSCAN.tck_int
    BUFGCTRL_X0Y0        BUFGCTRL (Prop_bufgctrl_I0_O)
                                                      0.029     0.788 r  base_soc_i/mdm_1/U0/MDM_Core_I1/JTAG_CONTROL_I/Test_Access_Port.BUFG_DRCK/Using_FPGA.Native/O
                         net (fo=198, routed)         0.828     1.617    base_soc_i/mdm_1/U0/MDM_Core_I1/JTAG_CONTROL_I/Using_FPGA.Native
    SLICE_X34Y54         SRLC32E                                      r  base_soc_i/mdm_1/U0/MDM_Core_I1/JTAG_CONTROL_I/dmi_reg[4]_srl27/CLK
                         clock pessimism             -0.114     1.503    
    SLICE_X34Y54         SRLC32E (Hold_srlc32e_CLK_D)
                                                      0.064     1.567    base_soc_i/mdm_1/U0/MDM_Core_I1/JTAG_CONTROL_I/dmi_reg[4]_srl27
  -------------------------------------------------------------------
                         required time                         -1.567    
                         arrival time                           1.621    
  -------------------------------------------------------------------
                         slack                                  0.054    





Pulse Width Checks
--------------------------------------------------------------------------------------
Clock Name:         base_soc_i/mdm_1/U0/Use_E2.BSCAN_I/Use_E2.BSCANE2_I/TCK
Waveform(ns):       { 0.000 16.667 }
Period(ns):         33.333
Sources:            { base_soc_i/mdm_1/U0/Use_E2.BSCAN_I/Use_E2.BSCANE2_I/TCK }

Check Type        Corner  Lib Pin      Reference Pin  Required(ns)  Actual(ns)  Slack(ns)  Location       Pin
Min Period        n/a     BUFGCTRL/I0  n/a            2.155         33.333      31.178     BUFGCTRL_X0Y0  base_soc_i/mdm_1/U0/MDM_Core_I1/JTAG_CONTROL_I/Test_Access_Port.BUFG_DRCK/Using_FPGA.Native/I0
Low Pulse Width   Slow    SRL16E/CLK   n/a            0.980         16.666      15.686     SLICE_X30Y55   base_soc_i/mdm_1/U0/Use_JTAG_BSCAN.bscanid_reg[13]_srl7___Use_JTAG_BSCAN.bscanid_reg_r_5/CLK
High Pulse Width  Slow    SRL16E/CLK   n/a            0.980         16.666      15.686     SLICE_X30Y55   base_soc_i/mdm_1/U0/Use_JTAG_BSCAN.bscanid_reg[13]_srl7___Use_JTAG_BSCAN.bscanid_reg_r_5/CLK



---------------------------------------------------------------------------------------------------
From Clock:  base_soc_i/mdm_1/U0/MDM_Core_I1/JTAG_CONTROL_I/Test_Access_Port.BUFG_UPDATE/Using_FPGA.Native/O
  To Clock:  base_soc_i/mdm_1/U0/MDM_Core_I1/JTAG_CONTROL_I/Test_Access_Port.BUFG_UPDATE/Using_FPGA.Native/O

Setup :            0  Failing Endpoints,  Worst Slack       58.315ns,  Total Violation        0.000ns
Hold  :            0  Failing Endpoints,  Worst Slack        0.263ns,  Total Violation        0.000ns
PW    :            0  Failing Endpoints,  Worst Slack       32.833ns,  Total Violation        0.000ns
---------------------------------------------------------------------------------------------------


Max Delay Paths
--------------------------------------------------------------------------------------
Slack (MET) :             58.315ns  (required time - arrival time)
  Source:                 base_soc_i/mdm_1/U0/MDM_Core_I1/JTAG_CONTROL_I/command_reg[1]/C
                            (rising edge-triggered cell FDRE clocked by base_soc_i/mdm_1/U0/MDM_Core_I1/JTAG_CONTROL_I/Test_Access_Port.BUFG_UPDATE/Using_FPGA.Native/O  {rise@0.000ns fall@33.333ns period=66.666ns})
  Destination:            <hidden>
                            (rising edge-triggered cell FDRE clocked by base_soc_i/mdm_1/U0/MDM_Core_I1/JTAG_CONTROL_I/Test_Access_Port.BUFG_UPDATE/Using_FPGA.Native/O  {rise@0.000ns fall@33.333ns period=66.666ns})
  Path Group:             base_soc_i/mdm_1/U0/MDM_Core_I1/JTAG_CONTROL_I/Test_Access_Port.BUFG_UPDATE/Using_FPGA.Native/O
  Path Type:              Setup (Max at Slow Process Corner)
  Requirement:            66.666ns  (base_soc_i/mdm_1/U0/MDM_Core_I1/JTAG_CONTROL_I/Test_Access_Port.BUFG_UPDATE/Using_FPGA.Native/O rise@66.666ns - base_soc_i/mdm_1/U0/MDM_Core_I1/JTAG_CONTROL_I/Test_Access_Port.BUFG_UPDATE/Using_FPGA.Native/O rise@0.000ns)
  Data Path Delay:        8.037ns  (logic 1.430ns (17.792%)  route 6.607ns (82.208%))
  Logic Levels:           6  (LUT3=1 LUT4=2 LUT6=3)
  Clock Path Skew:        -0.110ns (DCD - SCD + CPR)
    Destination Clock Delay (DCD):    5.446ns = ( 72.112 - 66.666 ) 
    Source Clock Delay      (SCD):    6.084ns
    Clock Pessimism Removal (CPR):    0.529ns
  Clock Uncertainty:      0.035ns  ((TSJ^2 + TIJ^2)^1/2 + DJ) / 2 + PE
    Total System Jitter     (TSJ):    0.071ns
    Total Input Jitter      (TIJ):    0.000ns
    Discrete Jitter          (DJ):    0.000ns
    Phase Error              (PE):    0.000ns

    Location             Delay type                Incr(ns)  Path(ns)    Netlist Resource(s)
  -------------------------------------------------------------------    -------------------
                         (clock base_soc_i/mdm_1/U0/MDM_Core_I1/JTAG_CONTROL_I/Test_Access_Port.BUFG_UPDATE/Using_FPGA.Native/O rise edge)
                                                      0.000     0.000 r  
    BSCAN_X0Y1           BSCANE2                      0.000     0.000 f  base_soc_i/mdm_1/U0/Use_E2.BSCAN_I/Use_E2.BSCANE2_I/TCK
                         net (fo=2, routed)           1.587     1.587    base_soc_i/mdm_1/U0/Use_JTAG_BSCAN.BUFG_JTAG_TCK/lopt
    BUFGCTRL_X0Y1        BUFGCTRL (Prop_bufgctrl_I0_O)
                                                      0.096     1.683 f  base_soc_i/mdm_1/U0/Use_JTAG_BSCAN.BUFG_JTAG_TCK/Using_FPGA.Native/O
                         net (fo=31, routed)          1.566     3.250    base_soc_i/mdm_1/U0/MDM_Core_I1/JTAG_CONTROL_I/Use_JTAG_BSCAN.tck_int
    SLICE_X36Y48         FDRE (Prop_fdre_C_Q)         0.459     3.709 r  base_soc_i/mdm_1/U0/MDM_Core_I1/JTAG_CONTROL_I/Test_Access_Port.update_unbuf_reg/Q
                         net (fo=1, routed)           0.727     4.435    base_soc_i/mdm_1/U0/MDM_Core_I1/JTAG_CONTROL_I/Test_Access_Port.BUFG_UPDATE/Test_Access_Port.update_unbuf
    BUFGCTRL_X0Y3        BUFG (Prop_bufg_I_O)         0.096     4.531 r  base_soc_i/mdm_1/U0/MDM_Core_I1/JTAG_CONTROL_I/Test_Access_Port.BUFG_UPDATE/Using_FPGA.Native/O
                         net (fo=99, routed)          1.553     6.084    base_soc_i/mdm_1/U0/MDM_Core_I1/JTAG_CONTROL_I/Using_FPGA.Native_0
    SLICE_X36Y53         FDRE                                         r  base_soc_i/mdm_1/U0/MDM_Core_I1/JTAG_CONTROL_I/command_reg[1]/C
  -------------------------------------------------------------------    -------------------
    SLICE_X36Y53         FDRE (Prop_fdre_C_Q)         0.456     6.540 f  base_soc_i/mdm_1/U0/MDM_Core_I1/JTAG_CONTROL_I/command_reg[1]/Q
                         net (fo=8, routed)           1.310     7.850    base_soc_i/mdm_1/U0/MDM_Core_I1/JTAG_CONTROL_I/command[1]
    SLICE_X37Y53         LUT4 (Prop_lut4_I3_O)        0.124     7.974 f  base_soc_i/mdm_1/U0/MDM_Core_I1/JTAG_CONTROL_I/Dbg_Reg_En_0[6]_INST_0/O
                         net (fo=6, routed)           0.856     8.830    <hidden>
    SLICE_X38Y52         LUT3 (Prop_lut3_I1_O)        0.150     8.980 f  <hidden>
                         net (fo=2, routed)           0.342     9.322    <hidden>
    SLICE_X40Y53         LUT6 (Prop_lut6_I4_O)        0.328     9.650 r  <hidden>
                         net (fo=6, routed)           0.843    10.493    <hidden>
    SLICE_X45Y53         LUT6 (Prop_lut6_I5_O)        0.124    10.617 f  <hidden>
                         net (fo=5, routed)           0.494    11.111    <hidden>
    SLICE_X45Y53         LUT4 (Prop_lut4_I0_O)        0.124    11.235 f  <hidden>
                         net (fo=1, routed)           0.710    11.945    <hidden>
    SLICE_X45Y54         LUT6 (Prop_lut6_I5_O)        0.124    12.069 r  <hidden>
                         net (fo=32, routed)          2.052    14.122    <hidden>
    SLICE_X46Y35         FDRE                                         r  <hidden>
  -------------------------------------------------------------------    -------------------

                         (clock base_soc_i/mdm_1/U0/MDM_Core_I1/JTAG_CONTROL_I/Test_Access_Port.BUFG_UPDATE/Using_FPGA.Native/O rise edge)
                                                     66.666    66.666 f  
    BSCAN_X0Y1           BSCANE2                      0.000    66.666 f  base_soc_i/mdm_1/U0/Use_E2.BSCAN_I/Use_E2.BSCANE2_I/TCK
                         net (fo=2, routed)           1.359    68.025    base_soc_i/mdm_1/U0/Use_JTAG_BSCAN.BUFG_JTAG_TCK/lopt
    BUFGCTRL_X0Y1        BUFGCTRL (Prop_bufgctrl_I0_O)
                                                      0.091    68.116 f  base_soc_i/mdm_1/U0/Use_JTAG_BSCAN.BUFG_JTAG_TCK/Using_FPGA.Native/O
                         net (fo=31, routed)          1.446    69.563    base_soc_i/mdm_1/U0/MDM_Core_I1/JTAG_CONTROL_I/Use_JTAG_BSCAN.tck_int
    SLICE_X36Y48         FDRE (Prop_fdre_C_Q)         0.370    69.933 r  base_soc_i/mdm_1/U0/MDM_Core_I1/JTAG_CONTROL_I/Test_Access_Port.update_unbuf_reg/Q
                         net (fo=1, routed)           0.645    70.577    base_soc_i/mdm_1/U0/MDM_Core_I1/JTAG_CONTROL_I/Test_Access_Port.BUFG_UPDATE/Test_Access_Port.update_unbuf
    BUFGCTRL_X0Y3        BUFG (Prop_bufg_I_O)         0.091    70.668 r  base_soc_i/mdm_1/U0/MDM_Core_I1/JTAG_CONTROL_I/Test_Access_Port.BUFG_UPDATE/Using_FPGA.Native/O
                         net (fo=99, routed)          1.443    72.112    <hidden>
    SLICE_X46Y35         FDRE                                         r  <hidden>
                         clock pessimism              0.529    72.641    
                         clock uncertainty           -0.035    72.605    
    SLICE_X46Y35         FDRE (Setup_fdre_C_CE)      -0.169    72.436    <hidden>
  -------------------------------------------------------------------
                         required time                         72.436    
                         arrival time                         -14.122    
  -------------------------------------------------------------------
                         slack                                 58.315    





Min Delay Paths
--------------------------------------------------------------------------------------
Slack (MET) :             0.263ns  (arrival time - required time)
  Source:                 base_soc_i/mdm_1/U0/MDM_Core_I1/JTAG_CONTROL_I/dmcontrol_dmactive_reg/C
                            (rising edge-triggered cell FDRE clocked by base_soc_i/mdm_1/U0/MDM_Core_I1/JTAG_CONTROL_I/Test_Access_Port.BUFG_UPDATE/Using_FPGA.Native/O  {rise@0.000ns fall@33.333ns period=66.666ns})
  Destination:            base_soc_i/mdm_1/U0/MDM_Core_I1/JTAG_CONTROL_I/dmcontrol_hartreset_reg/D
                            (rising edge-triggered cell FDRE clocked by base_soc_i/mdm_1/U0/MDM_Core_I1/JTAG_CONTROL_I/Test_Access_Port.BUFG_UPDATE/Using_FPGA.Native/O  {rise@0.000ns fall@33.333ns period=66.666ns})
  Path Group:             base_soc_i/mdm_1/U0/MDM_Core_I1/JTAG_CONTROL_I/Test_Access_Port.BUFG_UPDATE/Using_FPGA.Native/O
  Path Type:              Hold (Min at Fast Process Corner)
  Requirement:            0.000ns  (base_soc_i/mdm_1/U0/MDM_Core_I1/JTAG_CONTROL_I/Test_Access_Port.BUFG_UPDATE/Using_FPGA.Native/O rise@0.000ns - base_soc_i/mdm_1/U0/MDM_Core_I1/JTAG_CONTROL_I/Test_Access_Port.BUFG_UPDATE/Using_FPGA.Native/O rise@0.000ns)
  Data Path Delay:        0.355ns  (logic 0.186ns (52.394%)  route 0.169ns (47.606%))
  Logic Levels:           1  (LUT4=1)
  Clock Path Skew:        0.000ns (DCD - SCD - CPR)
    Destination Clock Delay (DCD):    2.906ns
    Source Clock Delay      (SCD):    2.192ns
    Clock Pessimism Removal (CPR):    0.714ns

    Location             Delay type                Incr(ns)  Path(ns)    Netlist Resource(s)
  -------------------------------------------------------------------    -------------------
                         (clock base_soc_i/mdm_1/U0/MDM_Core_I1/JTAG_CONTROL_I/Test_Access_Port.BUFG_UPDATE/Using_FPGA.Native/O rise edge)
                                                      0.000     0.000 r  
    BSCAN_X0Y1           BSCANE2                      0.000     0.000 f  base_soc_i/mdm_1/U0/Use_E2.BSCAN_I/Use_E2.BSCANE2_I/TCK
                         net (fo=2, routed)           0.597     0.597    base_soc_i/mdm_1/U0/Use_JTAG_BSCAN.BUFG_JTAG_TCK/lopt
    BUFGCTRL_X0Y1        BUFGCTRL (Prop_bufgctrl_I0_O)
                                                      0.026     0.623 f  base_soc_i/mdm_1/U0/Use_JTAG_BSCAN.BUFG_JTAG_TCK/Using_FPGA.Native/O
                         net (fo=31, routed)          0.564     1.187    base_soc_i/mdm_1/U0/MDM_Core_I1/JTAG_CONTROL_I/Use_JTAG_BSCAN.tck_int
    SLICE_X36Y48         FDRE (Prop_fdre_C_Q)         0.146     1.333 r  base_soc_i/mdm_1/U0/MDM_Core_I1/JTAG_CONTROL_I/Test_Access_Port.update_unbuf_reg/Q
                         net (fo=1, routed)           0.273     1.606    base_soc_i/mdm_1/U0/MDM_Core_I1/JTAG_CONTROL_I/Test_Access_Port.BUFG_UPDATE/Test_Access_Port.update_unbuf
    BUFGCTRL_X0Y3        BUFG (Prop_bufg_I_O)         0.026     1.632 r  base_soc_i/mdm_1/U0/MDM_Core_I1/JTAG_CONTROL_I/Test_Access_Port.BUFG_UPDATE/Using_FPGA.Native/O
                         net (fo=99, routed)          0.561     2.192    base_soc_i/mdm_1/U0/MDM_Core_I1/JTAG_CONTROL_I/Using_FPGA.Native_0
    SLICE_X37Y55         FDRE                                         r  base_soc_i/mdm_1/U0/MDM_Core_I1/JTAG_CONTROL_I/dmcontrol_dmactive_reg/C
  -------------------------------------------------------------------    -------------------
    SLICE_X37Y55         FDRE (Prop_fdre_C_Q)         0.141     2.333 r  base_soc_i/mdm_1/U0/MDM_Core_I1/JTAG_CONTROL_I/dmcontrol_dmactive_reg/Q
                         net (fo=4, routed)           0.169     2.502    base_soc_i/mdm_1/U0/MDM_Core_I1/JTAG_CONTROL_I/dmcontrol[0]
    SLICE_X37Y55         LUT4 (Prop_lut4_I0_O)        0.045     2.547 r  base_soc_i/mdm_1/U0/MDM_Core_I1/JTAG_CONTROL_I/dmcontrol_hartreset_i_1/O
                         net (fo=1, routed)           0.000     2.547    base_soc_i/mdm_1/U0/MDM_Core_I1/JTAG_CONTROL_I/dmcontrol_hartreset_i_1_n_0
    SLICE_X37Y55         FDRE                                         r  base_soc_i/mdm_1/U0/MDM_Core_I1/JTAG_CONTROL_I/dmcontrol_hartreset_reg/D
  -------------------------------------------------------------------    -------------------

                         (clock base_soc_i/mdm_1/U0/MDM_Core_I1/JTAG_CONTROL_I/Test_Access_Port.BUFG_UPDATE/Using_FPGA.Native/O rise edge)
                                                      0.000     0.000 f  
    BSCAN_X0Y1           BSCANE2                      0.000     0.000 f  base_soc_i/mdm_1/U0/Use_E2.BSCAN_I/Use_E2.BSCANE2_I/TCK
                         net (fo=2, routed)           0.697     0.697    base_soc_i/mdm_1/U0/Use_JTAG_BSCAN.BUFG_JTAG_TCK/lopt
    BUFGCTRL_X0Y1        BUFGCTRL (Prop_bufgctrl_I0_O)
                                                      0.029     0.726 f  base_soc_i/mdm_1/U0/Use_JTAG_BSCAN.BUFG_JTAG_TCK/Using_FPGA.Native/O
                         net (fo=31, routed)          0.833     1.559    base_soc_i/mdm_1/U0/MDM_Core_I1/JTAG_CONTROL_I/Use_JTAG_BSCAN.tck_int
    SLICE_X36Y48         FDRE (Prop_fdre_C_Q)         0.182     1.741 r  base_soc_i/mdm_1/U0/MDM_Core_I1/JTAG_CONTROL_I/Test_Access_Port.update_unbuf_reg/Q
                         net (fo=1, routed)           0.307     2.048    base_soc_i/mdm_1/U0/MDM_Core_I1/JTAG_CONTROL_I/Test_Access_Port.BUFG_UPDATE/Test_Access_Port.update_unbuf
    BUFGCTRL_X0Y3        BUFG (Prop_bufg_I_O)         0.029     2.077 r  base_soc_i/mdm_1/U0/MDM_Core_I1/JTAG_CONTROL_I/Test_Access_Port.BUFG_UPDATE/Using_FPGA.Native/O
                         net (fo=99, routed)          0.829     2.906    base_soc_i/mdm_1/U0/MDM_Core_I1/JTAG_CONTROL_I/Using_FPGA.Native_0
    SLICE_X37Y55         FDRE                                         r  base_soc_i/mdm_1/U0/MDM_Core_I1/JTAG_CONTROL_I/dmcontrol_hartreset_reg/C
                         clock pessimism             -0.714     2.192    
    SLICE_X37Y55         FDRE (Hold_fdre_C_D)         0.092     2.284    base_soc_i/mdm_1/U0/MDM_Core_I1/JTAG_CONTROL_I/dmcontrol_hartreset_reg
  -------------------------------------------------------------------
                         required time                         -2.284    
                         arrival time                           2.547    
  -------------------------------------------------------------------
                         slack                                  0.263    





Pulse Width Checks
--------------------------------------------------------------------------------------
Clock Name:         base_soc_i/mdm_1/U0/MDM_Core_I1/JTAG_CONTROL_I/Test_Access_Port.BUFG_UPDATE/Using_FPGA.Native/O
Waveform(ns):       { 0.000 33.333 }
Period(ns):         66.666
Sources:            { base_soc_i/mdm_1/U0/MDM_Core_I1/JTAG_CONTROL_I/Test_Access_Port.BUFG_UPDATE/Using_FPGA.Native/O }

Check Type        Corner  Lib Pin  Reference Pin  Required(ns)  Actual(ns)  Slack(ns)  Location      Pin
Min Period        n/a     FDRE/C   n/a            1.000         66.666      65.666     SLICE_X36Y53  base_soc_i/mdm_1/U0/MDM_Core_I1/JTAG_CONTROL_I/command_reg[0]/C
Low Pulse Width   Slow    FDRE/C   n/a            0.500         33.333      32.833     SLICE_X36Y53  base_soc_i/mdm_1/U0/MDM_Core_I1/JTAG_CONTROL_I/command_reg[0]/C
High Pulse Width  Slow    FDRE/C   n/a            0.500         33.333      32.833     SLICE_X36Y53  base_soc_i/mdm_1/U0/MDM_Core_I1/JTAG_CONTROL_I/command_reg[0]/C



---------------------------------------------------------------------------------------------------
From Clock:  sys_clock
  To Clock:  sys_clock

Setup :           NA  Failing Endpoints,  Worst Slack           NA  ,  Total Violation           NA
Hold  :           NA  Failing Endpoints,  Worst Slack           NA  ,  Total Violation           NA
PW    :            0  Failing Endpoints,  Worst Slack        3.000ns,  Total Violation        0.000ns
---------------------------------------------------------------------------------------------------


Pulse Width Checks
--------------------------------------------------------------------------------------
Clock Name:         sys_clock
Waveform(ns):       { 0.000 5.000 }
Period(ns):         10.000
Sources:            { sys_clock }

Check Type        Corner  Lib Pin            Reference Pin  Required(ns)  Actual(ns)  Slack(ns)  Location         Pin
Min Period        n/a     MMCME2_ADV/CLKIN1  n/a            1.249         10.000      8.751      MMCME2_ADV_X1Y0  base_soc_i/clk_wiz/inst/mmcm_adv_inst/CLKIN1
Max Period        n/a     MMCME2_ADV/CLKIN1  n/a            100.000       10.000      90.000     MMCME2_ADV_X1Y0  base_soc_i/clk_wiz/inst/mmcm_adv_inst/CLKIN1
Low Pulse Width   Slow    MMCME2_ADV/CLKIN1  n/a            2.000         5.000       3.000      MMCME2_ADV_X1Y0  base_soc_i/clk_wiz/inst/mmcm_adv_inst/CLKIN1
High Pulse Width  Slow    MMCME2_ADV/CLKIN1  n/a            2.000         5.000       3.000      MMCME2_ADV_X1Y0  base_soc_i/clk_wiz/inst/mmcm_adv_inst/CLKIN1



---------------------------------------------------------------------------------------------------
From Clock:  clk_out1_base_soc_clk_wiz_0
  To Clock:  clk_out1_base_soc_clk_wiz_0

Setup :            0  Failing Endpoints,  Worst Slack        0.832ns,  Total Violation        0.000ns
Hold  :            0  Failing Endpoints,  Worst Slack        0.028ns,  Total Violation        0.000ns
PW    :            0  Failing Endpoints,  Worst Slack        3.750ns,  Total Violation        0.000ns
---------------------------------------------------------------------------------------------------


Max Delay Paths
--------------------------------------------------------------------------------------
Slack (MET) :             0.832ns  (required time - arrival time)
  Source:                 <hidden>
                            (rising edge-triggered cell FDRE clocked by clk_out1_base_soc_clk_wiz_0  {rise@0.000ns fall@5.000ns period=10.000ns})
  Destination:            <hidden>
                            (rising edge-triggered cell RAMB36E1 clocked by clk_out1_base_soc_clk_wiz_0  {rise@0.000ns fall@5.000ns period=10.000ns})
  Path Group:             clk_out1_base_soc_clk_wiz_0
  Path Type:              Setup (Max at Slow Process Corner)
  Requirement:            10.000ns  (clk_out1_base_soc_clk_wiz_0 rise@10.000ns - clk_out1_base_soc_clk_wiz_0 rise@0.000ns)
  Data Path Delay:        8.380ns  (logic 1.427ns (17.028%)  route 6.953ns (82.972%))
  Logic Levels:           6  (LUT2=1 LUT4=2 LUT6=3)
  Clock Path Skew:        -0.066ns (DCD - SCD + CPR)
    Destination Clock Delay (DCD):    -1.503ns = ( 8.497 - 10.000 ) 
    Source Clock Delay      (SCD):    -0.953ns
    Clock Pessimism Removal (CPR):    0.484ns
  Clock Uncertainty:      0.074ns  ((TSJ^2 + DJ^2)^1/2) / 2 + PE
    Total System Jitter     (TSJ):    0.071ns
    Discrete Jitter          (DJ):    0.131ns
    Phase Error              (PE):    0.000ns

    Location             Delay type                Incr(ns)  Path(ns)    Netlist Resource(s)
  -------------------------------------------------------------------    -------------------
                         (clock clk_out1_base_soc_clk_wiz_0 rise edge)
                                                      0.000     0.000 r  
    W5                                                0.000     0.000 r  sys_clock (IN)
                         net (fo=0)                   0.000     0.000    base_soc_i/clk_wiz/inst/clk_in1
    W5                   IBUF (Prop_ibuf_I_O)         1.458     1.458 r  base_soc_i/clk_wiz/inst/clkin1_ibufg/O
                         net (fo=1, routed)           1.233     2.691    base_soc_i/clk_wiz/inst/clk_in1_base_soc_clk_wiz_0
    MMCME2_ADV_X1Y0      MMCME2_ADV (Prop_mmcme2_adv_CLKIN1_CLKOUT0)
                                                     -6.961    -4.269 r  base_soc_i/clk_wiz/inst/mmcm_adv_inst/CLKOUT0
                         net (fo=1, routed)           1.661    -2.608    base_soc_i/clk_wiz/inst/clk_out1_base_soc_clk_wiz_0
    BUFGCTRL_X0Y2        BUFG (Prop_bufg_I_O)         0.096    -2.512 r  base_soc_i/clk_wiz/inst/clkout1_buf/O
                         net (fo=3015, routed)        1.559    -0.953    <hidden>
    SLICE_X51Y55         FDRE                                         r  <hidden>
  -------------------------------------------------------------------    -------------------
    SLICE_X51Y55         FDRE (Prop_fdre_C_Q)         0.456    -0.497 r  <hidden>
                         net (fo=3, routed)           1.018     0.522    <hidden>
    SLICE_X51Y55         LUT6 (Prop_lut6_I0_O)        0.124     0.646 f  <hidden>
                         net (fo=4, routed)           0.622     1.268    <hidden>
    SLICE_X49Y52         LUT6 (Prop_lut6_I5_O)        0.124     1.392 r  <hidden>
                         net (fo=19, routed)          0.968     2.360    <hidden>
    SLICE_X49Y44         LUT4 (Prop_lut4_I2_O)        0.124     2.484 r  <hidden>
                         net (fo=2, routed)           0.582     3.066    <hidden>
    SLICE_X49Y44         LUT6 (Prop_lut6_I3_O)        0.124     3.190 r  <hidden>
                         net (fo=7, routed)           0.997     4.187    <hidden>
    SLICE_X49Y30         LUT2 (Prop_lut2_I1_O)        0.117     4.304 r  <hidden>
                         net (fo=10, routed)          2.077     6.380    <hidden>
    SLICE_X12Y45         LUT4 (Prop_lut4_I3_O)        0.358     6.738 r  <hidden>
                         net (fo=1, routed)           0.689     7.427    <hidden>
    RAMB36_X0Y9          RAMB36E1                                     r  <hidden>
  -------------------------------------------------------------------    -------------------

                         (clock clk_out1_base_soc_clk_wiz_0 rise edge)
                                                     10.000    10.000 r  
    W5                                                0.000    10.000 r  sys_clock (IN)
                         net (fo=0)                   0.000    10.000    base_soc_i/clk_wiz/inst/clk_in1
    W5                   IBUF (Prop_ibuf_I_O)         1.388    11.388 r  base_soc_i/clk_wiz/inst/clkin1_ibufg/O
                         net (fo=1, routed)           1.162    12.550    base_soc_i/clk_wiz/inst/clk_in1_base_soc_clk_wiz_0
    MMCME2_ADV_X1Y0      MMCME2_ADV (Prop_mmcme2_adv_CLKIN1_CLKOUT0)
                                                     -7.217     5.332 r  base_soc_i/clk_wiz/inst/mmcm_adv_inst/CLKOUT0
                         net (fo=1, routed)           1.581     6.914    base_soc_i/clk_wiz/inst/clk_out1_base_soc_clk_wiz_0
    BUFGCTRL_X0Y2        BUFG (Prop_bufg_I_O)         0.091     7.005 r  base_soc_i/clk_wiz/inst/clkout1_buf/O
                         net (fo=3015, routed)        1.493     8.497    <hidden>
    RAMB36_X0Y9          RAMB36E1                                     r  <hidden>
                         clock pessimism              0.484     8.981    
                         clock uncertainty           -0.074     8.907    
    RAMB36_X0Y9          RAMB36E1 (Setup_ramb36e1_CLKBWRCLK_ENBWREN)
                                                     -0.647     8.260    <hidden>
  -------------------------------------------------------------------
                         required time                          8.260    
                         arrival time                          -7.427    
  -------------------------------------------------------------------
                         slack                                  0.832    





Min Delay Paths
--------------------------------------------------------------------------------------
Slack (MET) :             0.028ns  (arrival time - required time)
  Source:                 base_soc_i/axi_gpio_test_ctrl/U0/gpio_core_1/Dual.gpio_Data_Out_reg[5]/C
                            (rising edge-triggered cell FDRE clocked by clk_out1_base_soc_clk_wiz_0  {rise@0.000ns fall@5.000ns period=10.000ns})
  Destination:            base_soc_i/axi_gpio_test_ctrl/U0/gpio_core_1/Dual.ALLOUT0_ND_G1.READ_REG_GEN[5].reg1_reg[11]/D
                            (rising edge-triggered cell FDRE clocked by clk_out1_base_soc_clk_wiz_0  {rise@0.000ns fall@5.000ns period=10.000ns})
  Path Group:             clk_out1_base_soc_clk_wiz_0
  Path Type:              Hold (Min at Fast Process Corner)
  Requirement:            0.000ns  (clk_out1_base_soc_clk_wiz_0 rise@0.000ns - clk_out1_base_soc_clk_wiz_0 rise@0.000ns)
  Data Path Delay:        0.301ns  (logic 0.128ns (42.492%)  route 0.173ns (57.508%))
  Logic Levels:           0  
  Clock Path Skew:        0.263ns (DCD - SCD - CPR)
    Destination Clock Delay (DCD):    -0.860ns
    Source Clock Delay      (SCD):    -0.619ns
    Clock Pessimism Removal (CPR):    -0.503ns

    Location             Delay type                Incr(ns)  Path(ns)    Netlist Resource(s)
  -------------------------------------------------------------------    -------------------
                         (clock clk_out1_base_soc_clk_wiz_0 rise edge)
                                                      0.000     0.000 r  
    W5                                                0.000     0.000 r  sys_clock (IN)
                         net (fo=0)                   0.000     0.000    base_soc_i/clk_wiz/inst/clk_in1
    W5                   IBUF (Prop_ibuf_I_O)         0.226     0.226 r  base_soc_i/clk_wiz/inst/clkin1_ibufg/O
                         net (fo=1, routed)           0.440     0.667    base_soc_i/clk_wiz/inst/clk_in1_base_soc_clk_wiz_0
    MMCME2_ADV_X1Y0      MMCME2_ADV (Prop_mmcme2_adv_CLKIN1_CLKOUT0)
                                                     -2.360    -1.693 r  base_soc_i/clk_wiz/inst/mmcm_adv_inst/CLKOUT0
                         net (fo=1, routed)           0.486    -1.207    base_soc_i/clk_wiz/inst/clk_out1_base_soc_clk_wiz_0
    BUFGCTRL_X0Y2        BUFG (Prop_bufg_I_O)         0.026    -1.181 r  base_soc_i/clk_wiz/inst/clkout1_buf/O
                         net (fo=3015, routed)        0.562    -0.619    base_soc_i/axi_gpio_test_ctrl/U0/gpio_core_1/s_axi_aclk
    SLICE_X36Y42         FDRE                                         r  base_soc_i/axi_gpio_test_ctrl/U0/gpio_core_1/Dual.gpio_Data_Out_reg[5]/C
  -------------------------------------------------------------------    -------------------
    SLICE_X36Y42         FDRE (Prop_fdre_C_Q)         0.128    -0.491 r  base_soc_i/axi_gpio_test_ctrl/U0/gpio_core_1/Dual.gpio_Data_Out_reg[5]/Q
                         net (fo=3, routed)           0.173    -0.318    base_soc_i/axi_gpio_test_ctrl/U0/gpio_core_1/gpio_io_o[20]
    SLICE_X34Y42         FDRE                                         r  base_soc_i/axi_gpio_test_ctrl/U0/gpio_core_1/Dual.ALLOUT0_ND_G1.READ_REG_GEN[5].reg1_reg[11]/D
  -------------------------------------------------------------------    -------------------

                         (clock clk_out1_base_soc_clk_wiz_0 rise edge)
                                                      0.000     0.000 r  
    W5                                                0.000     0.000 r  sys_clock (IN)
                         net (fo=0)                   0.000     0.000    base_soc_i/clk_wiz/inst/clk_in1
    W5                   IBUF (Prop_ibuf_I_O)         0.414     0.414 r  base_soc_i/clk_wiz/inst/clkin1_ibufg/O
                         net (fo=1, routed)           0.480     0.894    base_soc_i/clk_wiz/inst/clk_in1_base_soc_clk_wiz_0
    MMCME2_ADV_X1Y0      MMCME2_ADV (Prop_mmcme2_adv_CLKIN1_CLKOUT0)
                                                     -3.142    -2.248 r  base_soc_i/clk_wiz/inst/mmcm_adv_inst/CLKOUT0
                         net (fo=1, routed)           0.530    -1.718    base_soc_i/clk_wiz/inst/clk_out1_base_soc_clk_wiz_0
    BUFGCTRL_X0Y2        BUFG (Prop_bufg_I_O)         0.029    -1.689 r  base_soc_i/clk_wiz/inst/clkout1_buf/O
                         net (fo=3015, routed)        0.830    -0.860    base_soc_i/axi_gpio_test_ctrl/U0/gpio_core_1/s_axi_aclk
    SLICE_X34Y42         FDRE                                         r  base_soc_i/axi_gpio_test_ctrl/U0/gpio_core_1/Dual.ALLOUT0_ND_G1.READ_REG_GEN[5].reg1_reg[11]/C
                         clock pessimism              0.503    -0.356    
    SLICE_X34Y42         FDRE (Hold_fdre_C_D)         0.010    -0.346    base_soc_i/axi_gpio_test_ctrl/U0/gpio_core_1/Dual.ALLOUT0_ND_G1.READ_REG_GEN[5].reg1_reg[11]
  -------------------------------------------------------------------
                         required time                          0.346    
                         arrival time                          -0.318    
  -------------------------------------------------------------------
                         slack                                  0.028    





Pulse Width Checks
--------------------------------------------------------------------------------------
Clock Name:         clk_out1_base_soc_clk_wiz_0
Waveform(ns):       { 0.000 5.000 }
Period(ns):         10.000
Sources:            { base_soc_i/clk_wiz/inst/mmcm_adv_inst/CLKOUT0 }

Check Type        Corner  Lib Pin             Reference Pin  Required(ns)  Actual(ns)  Slack(ns)  Location         Pin
Min Period        n/a     RAMB36E1/CLKARDCLK  n/a            2.576         10.000      7.424      RAMB36_X1Y8      <hidden>
Max Period        n/a     MMCME2_ADV/CLKOUT0  n/a            213.360       10.000      203.360    MMCME2_ADV_X1Y0  base_soc_i/clk_wiz/inst/mmcm_adv_inst/CLKOUT0
Low Pulse Width   Slow    RAMD32/CLK          n/a            1.250         5.000       3.750      SLICE_X50Y37     <hidden>
High Pulse Width  Slow    RAMD32/CLK          n/a            1.250         5.000       3.750      SLICE_X50Y37     <hidden>



---------------------------------------------------------------------------------------------------
From Clock:  clkfbout_base_soc_clk_wiz_0
  To Clock:  clkfbout_base_soc_clk_wiz_0

Setup :           NA  Failing Endpoints,  Worst Slack           NA  ,  Total Violation           NA
Hold  :           NA  Failing Endpoints,  Worst Slack           NA  ,  Total Violation           NA
PW    :            0  Failing Endpoints,  Worst Slack        7.845ns,  Total Violation        0.000ns
---------------------------------------------------------------------------------------------------


Pulse Width Checks
--------------------------------------------------------------------------------------
Clock Name:         clkfbout_base_soc_clk_wiz_0
Waveform(ns):       { 0.000 5.000 }
Period(ns):         10.000
Sources:            { base_soc_i/clk_wiz/inst/mmcm_adv_inst/CLKFBOUT }

Check Type  Corner  Lib Pin             Reference Pin  Required(ns)  Actual(ns)  Slack(ns)  Location         Pin
Min Period  n/a     BUFG/I              n/a            2.155         10.000      7.845      BUFGCTRL_X0Y5    base_soc_i/clk_wiz/inst/clkf_buf/I
Max Period  n/a     MMCME2_ADV/CLKFBIN  n/a            100.000       10.000      90.000     MMCME2_ADV_X1Y0  base_soc_i/clk_wiz/inst/mmcm_adv_inst/CLKFBIN



