# EdgeScope-Lite Vivado ILA Reference - Step 7 normalization manifest
STEP=7
OVERALL=PASS
SCHEMA_VERSION=EDGESCOPE_NORMALIZED_CSV_V1
METHOD=VIVADO_ILA
SOURCE_KIND=100MHZ_HARDWARE_SAMPLE
SOURCE_FORMAT=VIVADO_ILA_CSV
NORMALIZED_SCHEMA=index,value_hex,is_trigger,ch7,ch6,ch5,ch4,ch3,ch2,ch1,ch0
LOGICAL_ORDER=OLDEST_TO_NEWEST
LOGICAL_INDEX_FIRST=0
LOGICAL_INDEX_LAST=1023
SAMPLE_COUNT=1024
PRE_TRIGGER_SAMPLES=512
POST_TRIGGER_INCLUDING_TRIGGER_SAMPLES=512
TRIGGER_INDEX=512
VALUE_WIDTH_BITS=8
VALUE_HEX_FORMAT=UPPERCASE_TWO_DIGITS_NO_PREFIX
ILA_CLOCK_HZ=100000000
ILA_SAMPLE_PERIOD_NS=10
NORMALIZED_TIME_AXIS=LOGICAL_INDEX_ONLY
TIME_COLUMN=NOT_INCLUDED_BY_COMMON_CONTRACT
TRANSPORT_THROUGHPUT_COMPARISON=OUT_OF_SCOPE
GENERATOR_RTL_SHA256=9f0a1b7f9a54ddc8f9eb3e093382af9eb6a6cdf8c9ab48ab4ce65d83e7eb5440
GENERATOR_ADAPTER_SHA256=73fd657010c8109d5a1c7e5168d4ae4a4d576fc80e2ddd02978b087523249580
RUNTIME_BIT_SHA256=cd9d25d4aa3556690876be3c5a94a581e7c6299935664679f7500e83ef8f5acf
LTX_SHA256=ad8b65ba6078aa52ea718c743ca12b75e2bd5e832b860145ec0aa19c36100b9b
PATTERN_TRIGGER_EQUIVALENCE=FROZEN_NONMATCH_TO_MATCH_WAVEFORM_ONLY
PROFILE.rising.RESULT=PASS
PROFILE.rising.TEST_ID=1
PROFILE.rising.TRIGGER_CONFIG=CH0_RISING_EDGE
PROFILE.rising.ILA_COMPARE=eq8'bXXXXXXXR
PROFILE.rising.SOURCE=../step6/rising_raw.csv
PROFILE.rising.SOURCE_SHA256=40fb7888ef099938776460fc292fbb383164fd2bc276323da03be8a1011df49c
PROFILE.rising.ILA_SOURCE=../step6/rising.ila
PROFILE.rising.ILA_SHA256=78d9d14d44dfd276b639adc016123147655c863ec97efdceef933e912b01aeb1
PROFILE.rising.OUTPUT=rising_normalized.csv
PROFILE.rising.OUTPUT_SHA256=b14c91f9f9c580c1c05a97a9a4a35aabe74b107d4e9334023ee92f51e3851a71
PROFILE.rising.SAMPLE_COUNT=1024
PROFILE.rising.TRIGGER_COUNT=1
PROFILE.rising.TRIGGER_INDEX=512
PROFILE.rising.SAMPLE_511=0x00
PROFILE.rising.SAMPLE_512=0x01
PROFILE.falling.RESULT=PASS
PROFILE.falling.TEST_ID=2
PROFILE.falling.TRIGGER_CONFIG=CH0_FALLING_EDGE
PROFILE.falling.ILA_COMPARE=eq8'bXXXXXXXF
PROFILE.falling.SOURCE=../step6/falling_raw.csv
PROFILE.falling.SOURCE_SHA256=0e31f26af030965aa2a863699bdc4c342c5d290fd0c52f72ab3fbe1e27939da0
PROFILE.falling.ILA_SOURCE=../step6/falling.ila
PROFILE.falling.ILA_SHA256=5ee016a24144d7a93ddb7474b15a244870e2fba5848a9eea9b1bea2de6d05032
PROFILE.falling.OUTPUT=falling_normalized.csv
PROFILE.falling.OUTPUT_SHA256=60df25ce4f3b7bd16481829ee16aa1896e1b2fff4be90062026645f3c58a1786
PROFILE.falling.SAMPLE_COUNT=1024
PROFILE.falling.TRIGGER_COUNT=1
PROFILE.falling.TRIGGER_INDEX=512
PROFILE.falling.SAMPLE_511=0x01
PROFILE.falling.SAMPLE_512=0x00
PROFILE.pattern.RESULT=PASS
PROFILE.pattern.TEST_ID=3
PROFILE.pattern.TRIGGER_CONFIG=MASKED_PATTERN_VALUE_A0_MASK_F0
PROFILE.pattern.ILA_COMPARE=eq8'b1010XXXX
PROFILE.pattern.SOURCE=../step6/pattern_raw.csv
PROFILE.pattern.SOURCE_SHA256=4dac2cf7d5562884762048d5d36b42fe8a7ff47d336850606a7e36af2c235272
PROFILE.pattern.ILA_SOURCE=../step6/pattern.ila
PROFILE.pattern.ILA_SHA256=7ad52d919aa18967788ec1f22123844d9aca622c044f120d8dcb7a5e167eb6d7
PROFILE.pattern.OUTPUT=pattern_normalized.csv
PROFILE.pattern.OUTPUT_SHA256=1860ab5295dbb1ef4f6c2953d8cf06d825e0064744b4570909313b448fdc2d01
PROFILE.pattern.SAMPLE_COUNT=1024
PROFILE.pattern.TRIGGER_COUNT=1
PROFILE.pattern.TRIGGER_INDEX=512
PROFILE.pattern.SAMPLE_511=0x95
PROFILE.pattern.SAMPLE_512=0xA5
PROFILE.no_trigger.RESULT=PASS_NO_TRIGGER_100MS
PROFILE.no_trigger.TEST_ID=5
PROFILE.no_trigger.TRIGGER_CONFIG=IMPOSSIBLE_EQ_FF
PROFILE.no_trigger.ILA_COMPARE=eq8'hFF
PROFILE.no_trigger.TRIGGER_COUNT=0
PROFILE.no_trigger.NORMALIZED_CSV=NOT_APPLICABLE_NO_COMPLETE_CAPTURE
PROFILE.no_trigger.REQUIRED_MS=100
PROFILE.no_trigger.OBSERVED_MS=103
PROFILE.no_trigger.CORE_STATUS=WAITING_FOR_TRIGGER
PROFILE.no_trigger.PARTIAL_CAPTURE=0
P04_PATTERN_HOLD=NOT_RUN_SEPARATE_CAPTURE_REQUIRED
STEP7_NORMALIZATION=PASS
