# EdgeScope-Lite Step 9 CPU Polling Drive source provenance
SOURCE_FOLDER_URL=https://drive.google.com/drive/folders/1BSR5DIMmG5QRo81_CazUHKwbJgDbuzWr
SOURCE_OWNER_ROLE=TEAM_A_CPU_POLLING
FETCH_MODE=GOOGLE_DRIVE_READ_ONLY
FILE.package_README.md.ID=1w5LlXqXe2q4paTIGIShTMGmpmZw8KkMJ
FILE.package_README.md.URL=https://drive.google.com/file/d/1w5LlXqXe2q4paTIGIShTMGmpmZw8KkMJ/view
FILE.package_README.md.MODIFIED_TIME=2026-07-29T07:51:02.000Z
FILE.package_README.md.SIZE_BYTES=8552
FILE.README.md.ID=1nsYKC7M3aqO8E6Qf241URomSd8_sPV7q
FILE.README.md.URL=https://drive.google.com/file/d/1nsYKC7M3aqO8E6Qf241URomSd8_sPV7q/view
FILE.README.md.MODIFIED_TIME=2026-07-29T05:40:46.000Z
FILE.README.md.SIZE_BYTES=PROVIDER_TEXT
FILE.utilization.rpt.ID=13_TA_VL1rG2ZLkHA9GQW2mPV9sdPU6MU
FILE.utilization.rpt.URL=https://drive.google.com/file/d/13_TA_VL1rG2ZLkHA9GQW2mPV9sdPU6MU/view
FILE.utilization.rpt.MODIFIED_TIME=2026-07-29T05:39:51.000Z
FILE.utilization.rpt.SIZE_BYTES=13065
FILE.hierarchical_utilization.rpt.ID=1KkHjiSysgv26rYvVCjxdqdvWYYn1KILe
FILE.hierarchical_utilization.rpt.URL=https://drive.google.com/file/d/1KkHjiSysgv26rYvVCjxdqdvWYYn1KILe/view
FILE.hierarchical_utilization.rpt.MODIFIED_TIME=2026-07-29T05:39:51.000Z
FILE.hierarchical_utilization.rpt.SIZE_BYTES=218188
FILE.timing_summary.rpt.ID=1qCk9CsOmMk7TblVDmFZbl0hn7PoUW_M6
FILE.timing_summary.rpt.URL=https://drive.google.com/file/d/1qCk9CsOmMk7TblVDmFZbl0hn7PoUW_M6/view
FILE.timing_summary.rpt.MODIFIED_TIME=2026-07-29T05:39:52.000Z
FILE.timing_summary.rpt.SIZE_BYTES=55302
FILE.drc.rpt.ID=1-CgTM53NHUj2urx3wACVlWDG-l1kGJrA
FILE.drc.rpt.URL=https://drive.google.com/file/d/1-CgTM53NHUj2urx3wACVlWDG-l1kGJrA/view
FILE.drc.rpt.MODIFIED_TIME=2026-07-29T05:39:53.000Z
FILE.drc.rpt.SIZE_BYTES=3078
